[WebServer] (node:5188) Warning: The 'NO_COLOR' env is ignored due to the 'FORCE_COLOR' env being set.
[WebServer] (Use `node --trace-warnings ...` to show where the warning was created)
[WebServer] (node:5189) Warning: The 'NO_COLOR' env is ignored due to the 'FORCE_COLOR' env being set.
[WebServer] (Use `node --trace-warnings ...` to show where the warning was created)

Running 14 tests using 1 worker

(node:5196) Warning: The 'NO_COLOR' env is ignored due to the 'FORCE_COLOR' env being set.
(Use `node --trace-warnings ...` to show where the warning was created)
  ✘   1 [firefox] › tests/e2e/design-system.spec.ts:19:1 › UI components: labels, native submit, checkbox, errors, busy state, menu and dialog keyboard (3.9s)
(node:5229) Warning: The 'NO_COLOR' env is ignored due to the 'FORCE_COLOR' env being set.
(Use `node --trace-warnings ...` to show where the warning was created)
  ✓   2 [firefox] › tests/e2e/design-system.spec.ts:107:1 › UI geometry: 8 px wrapped actions, form labels, narrow/zoom equivalent and failed local font (2.9s)
  ✓   3 [firefox] › tests/e2e/design-system.spec.ts:174:1 › UI screens: project actions, forms, navigation and settings at target viewports (3.8s)
[WebServer] 8:42:20 PM [vite] (client) [console.warn] WebR is using `PostMessage` communication channel, nested R REPLs are not available.
  ✘   4 [firefox] › tests/e2e/p7-ui.spec.ts:16:1 › P7 AT-054–055 AT-058: measured SQL/R geometry, keyboard splitters, layout reset and reload (32.9s)
(node:5360) Warning: The 'NO_COLOR' env is ignored due to the 'FORCE_COLOR' env being set.
(Use `node --trace-warnings ...` to show where the warning was created)
  ✓   5 [firefox] › tests/e2e/p7-ui.spec.ts:142:1 › P7 AT-055–057: native focus trap/return, settings, storage cleanup and data-free diagnostics (3.5s)
  ✓   6 [firefox] › tests/e2e/p7-ui.spec.ts:188:1 › P7 AT-025 AT-055 AT-056: selected SQL is snapshotted and cell markup remains text (5.0s)
  ✓   7 [firefox] › tests/e2e/p7-ui.spec.ts:215:1 › P7 AT-058: browser history restores the analysis cursor and layout does not edit the domain (4.6s)
(node:5465) Warning: The 'NO_COLOR' env is ignored due to the 'FORCE_COLOR' env being set.
(Use `node --trace-warnings ...` to show where the warning was created)
  ✓   8 [webkit] › tests/e2e/design-system.spec.ts:19:1 › UI components: labels, native submit, checkbox, errors, busy state, menu and dialog keyboard (1.9s)
  ✘   9 [webkit] › tests/e2e/design-system.spec.ts:107:1 › UI geometry: 8 px wrapped actions, form labels, narrow/zoom equivalent and failed local font (1.0s)
(node:5522) Warning: The 'NO_COLOR' env is ignored due to the 'FORCE_COLOR' env being set.
(Use `node --trace-warnings ...` to show where the warning was created)
  ✓  10 [webkit] › tests/e2e/design-system.spec.ts:174:1 › UI screens: project actions, forms, navigation and settings at target viewports (1.5s)
[WebServer] 8:43:10 PM [vite] (client) [console.warn] WebR is using `PostMessage` communication channel, nested R REPLs are not available.
[WebServer] 8:43:21 PM [vite] (client) [console.error]   ERR write@[native code]
[WebServer] handler@http://127.0.0.1:4173/node_modules/.vite/deps/editor.api2-DCT-GyFS.js:114775:47
[WebServer] 8:43:21 PM [vite] (client) [Unhandled rejection] Canceled: Canceled
[WebServer]  > cancel node_modules/monaco-editor/esm/vs/base/common/async.js:686:48
[WebServer]     684 |      }
[WebServer]     685 |      cancel() {
[WebServer]     686 |          return this.error(new CancellationError());
[WebServer]         |                                                  ^
[WebServer]     687 |      }
[WebServer]     688 |  }
[WebServer]  > handler node_modules/monaco-editor/esm/vs/platform/clipboard/browser/clipboardService.js:74:63
[WebServer] 
  ✓  11 [webkit] › tests/e2e/p7-ui.spec.ts:16:1 › P7 AT-054–055 AT-058: measured SQL/R geometry, keyboard splitters, layout reset and reload (18.4s)
  ✓  12 [webkit] › tests/e2e/p7-ui.spec.ts:142:1 › P7 AT-055–057: native focus trap/return, settings, storage cleanup and data-free diagnostics (2.5s)
  ✓  13 [webkit] › tests/e2e/p7-ui.spec.ts:188:1 › P7 AT-025 AT-055 AT-056: selected SQL is snapshotted and cell markup remains text (4.1s)
[WebServer] 8:43:32 PM [vite] (client) [console.warn] WebR is using `PostMessage` communication channel, nested R REPLs are not available.
  ✓  14 [webkit] › tests/e2e/p7-ui.spec.ts:215:1 › P7 AT-058: browser history restores the analysis cursor and layout does not edit the domain (3.0s)


  1) [firefox] › tests/e2e/design-system.spec.ts:19:1 › UI components: labels, native submit, checkbox, errors, busy state, menu and dialog keyboard 

    Error: expect(received).toMatch(expected)

    Expected pattern: /^Frutiger/
    Received string:  "\"Frutiger\", system-ui, -apple-system, BlinkMacSystemFont, \"Segoe UI\", sans-serif"

       96 |     {weight: '700', status: 'loaded'},
       97 |   ]);
    >  98 |   expect(await page.locator('body').evaluate((el) => getComputedStyle(el).fontFamily)).toMatch(
          |                                                                                        ^
       99 |     /^Frutiger/,
      100 |   );
      101 |   expect(
        at /Users/stefan/sources/dateninfrastruktur-datenwerkstatt/tests/e2e/design-system.spec.ts:98:88

    attachment #1: screenshot (image/png) ──────────────────────────────────────────────────────────
    test-results/e2e-design-system-UI-compo-a67a0-te-menu-and-dialog-keyboard-firefox/test-failed-1.png
    ────────────────────────────────────────────────────────────────────────────────────────────────

    Error Context: test-results/e2e-design-system-UI-compo-a67a0-te-menu-and-dialog-keyboard-firefox/error-context.md

    attachment #3: trace (application/zip) ─────────────────────────────────────────────────────────
    test-results/e2e-design-system-UI-compo-a67a0-te-menu-and-dialog-keyboard-firefox/trace.zip
    Usage:

        npx playwright show-trace test-results/e2e-design-system-UI-compo-a67a0-te-menu-and-dialog-keyboard-firefox/trace.zip

    ────────────────────────────────────────────────────────────────────────────────────────────────

  2) [firefox] › tests/e2e/p7-ui.spec.ts:16:1 › P7 AT-054–055 AT-058: measured SQL/R geometry, keyboard splitters, layout reset and reload 

    Error: expect(received).toBeLessThanOrEqual(expected)

    Expected: <= 88
    Received:    116

      80 |       expect(box.sidebar.width).toBe(52);
      81 |       expect(box.toolbar.height).toBeLessThanOrEqual(88);
    > 82 |       expect(box.area.y - box.toolbar.y).toBeLessThanOrEqual(88);
         |                                          ^
      83 |       expect(box.area.height).toBeGreaterThanOrEqual(size.height * 0.75);
      84 |       expect(box.area.width).toBeGreaterThanOrEqual((size.width - box.sidebar.width) * 0.9);
      85 |       expect(box.scrollWidth).toBeLessThanOrEqual(size.width);
        at /Users/stefan/sources/dateninfrastruktur-datenwerkstatt/tests/e2e/p7-ui.spec.ts:82:42

    attachment #1: screenshot (image/png) ──────────────────────────────────────────────────────────
    test-results/e2e-p7-ui-P7-AT-054–055-AT-d61b4-ers-layout-reset-and-reload-firefox/test-failed-1.png
    ────────────────────────────────────────────────────────────────────────────────────────────────

    Error Context: test-results/e2e-p7-ui-P7-AT-054–055-AT-d61b4-ers-layout-reset-and-reload-firefox/error-context.md

    attachment #3: trace (application/zip) ─────────────────────────────────────────────────────────
    test-results/e2e-p7-ui-P7-AT-054–055-AT-d61b4-ers-layout-reset-and-reload-firefox/trace.zip
    Usage:

        npx playwright show-trace test-results/e2e-p7-ui-P7-AT-054–055-AT-d61b4-ers-layout-reset-and-reload-firefox/trace.zip

    ────────────────────────────────────────────────────────────────────────────────────────────────

  3) [webkit] › tests/e2e/design-system.spec.ts:107:1 › UI geometry: 8 px wrapped actions, form labels, narrow/zoom equivalent and failed local font 

    Error: expect(received).toBe(expected) // Object.is equality

    Expected: "error"
    Received: "unloaded"

      159 |       () => [...document.fonts].find((font) => font.family.includes('JetBrains Mono'))?.status,
      160 |     ),
    > 161 |   ).toBe('error');
          |     ^
      162 |   expect(
      163 |     await page.evaluate(() =>
      164 |       [...document.fonts]
        at /Users/stefan/sources/dateninfrastruktur-datenwerkstatt/tests/e2e/design-system.spec.ts:161:5

    attachment #1: screenshot (image/png) ──────────────────────────────────────────────────────────
    test-results/e2e-design-system-UI-geome-91172-alent-and-failed-local-font-webkit/test-failed-1.png
    ────────────────────────────────────────────────────────────────────────────────────────────────

    Error Context: test-results/e2e-design-system-UI-geome-91172-alent-and-failed-local-font-webkit/error-context.md

    attachment #3: trace (application/zip) ─────────────────────────────────────────────────────────
    test-results/e2e-design-system-UI-geome-91172-alent-and-failed-local-font-webkit/trace.zip
    Usage:

        npx playwright show-trace test-results/e2e-design-system-UI-geome-91172-alent-and-failed-local-font-webkit/trace.zip

    ────────────────────────────────────────────────────────────────────────────────────────────────

  3 failed
    [firefox] › tests/e2e/design-system.spec.ts:19:1 › UI components: labels, native submit, checkbox, errors, busy state, menu and dialog keyboard 
    [firefox] › tests/e2e/p7-ui.spec.ts:16:1 › P7 AT-054–055 AT-058: measured SQL/R geometry, keyboard splitters, layout reset and reload 
    [webkit] › tests/e2e/design-system.spec.ts:107:1 › UI geometry: 8 px wrapped actions, form labels, narrow/zoom equivalent and failed local font 
  11 passed (1.5m)
