
> datenwerkstatt@0.1.0 verify
> npm run typecheck && npm run lint && npm run test:unit && npm run build && npm run test:integration && npm run test:e2e


> datenwerkstatt@0.1.0 typecheck
> tsc --noEmit


> datenwerkstatt@0.1.0 lint
> eslint . && node scripts/check-boundaries.mjs

Module boundaries checked.

> datenwerkstatt@0.1.0 test:unit
> vitest run


 RUN  v4.1.11 /Users/stefan/sources/dateninfrastruktur-datenwerkstatt


 Test Files  9 passed (9)
      Tests  40 passed (40)
   Start at  20:24:53
   Duration  489ms (transform 659ms, setup 0ms, import 1.41s, tests 264ms, environment 0ms)


> datenwerkstatt@0.1.0 build
> npm run assets:prepare && vite build && node scripts/license-inventory.mjs


> datenwerkstatt@0.1.0 assets:prepare
> node scripts/prepare-assets.mjs

Local webR 0.6.0 and 4 DuckDB extensions prepared.
Pinned local R package mirror verified.
vite v8.1.2 building client environment for production...
[2Ktransforming...✓ 1413 modules transformed.
rendering chunks...
computing gzip size...
dist/index.html                                       0.35 kB │ gzip:   0.26 kB
dist/.vite/manifest.json                              2.02 kB │ gzip:   0.53 kB
dist/assets/kanton-solothurn-DOpJ_x8i.svg             4.52 kB │ gzip:   1.75 kB
dist/assets/FrutigerLTCom-Bold-Q0bP95eX.woff2        29.88 kB
dist/assets/FrutigerLTCom-Roman-CNo5UoCi.woff2       33.58 kB
dist/assets/JetBrainsMono-Regular-BQaDgvhP.woff2     92.16 kB
dist/assets/codicon-ngg6Pgfi.ttf                    121.97 kB
dist/licenses/npm-bundle.json                       161.40 kB │ gzip:  25.79 kB
dist/assets/editor.worker-Cn2oRESe.js               279.94 kB
dist/assets/index-CKQ37WGi.css                       18.78 kB │ gzip:   4.62 kB
dist/assets/CodeEditorImpl-v5rfKcVs.css             145.98 kB │ gzip:  22.62 kB
dist/assets/sql-NEE52Syq.js                           8.84 kB │ gzip:   3.73 kB
dist/assets/index-B5BYysOj.js                       931.78 kB │ gzip: 274.91 kB
dist/assets/CodeEditorImpl-Ck3UvDjB.js            3,629.73 kB │ gzip: 925.20 kB

✓ built in 845ms
[plugin builtin:vite-reporter] 
(!) Some chunks are larger than 500 kB after minification. Consider:
- Using dynamic import() to code-split the application
- Use build.rolldownOptions.output.codeSplitting to improve chunking: https://rolldown.rs/reference/OutputOptions.codeSplitting
- Adjust chunk size limit for this warning via build.chunkSizeWarningLimit.
License inventory: 400 npm entries, 40 pinned R packages; original notices copied.

> datenwerkstatt@0.1.0 test:integration
> playwright test --project=chromium tests/integration

[WebServer] (node:86370) Warning: The 'NO_COLOR' env is ignored due to the 'FORCE_COLOR' env being set.
[WebServer] (Use `node --trace-warnings ...` to show where the warning was created)
[WebServer] (node:86379) Warning: The 'NO_COLOR' env is ignored due to the 'FORCE_COLOR' env being set.
[WebServer] (Use `node --trace-warnings ...` to show where the warning was created)

Running 43 tests using 1 worker

(node:86381) Warning: The 'NO_COLOR' env is ignored due to the 'FORCE_COLOR' env being set.
(Use `node --trace-warnings ...` to show where the warning was created)
  ✓   1 [chromium] › tests/integration/archive-portal.spec.ts:3:1 › P6 AT-051: external inclusion is opt-in, immutable public origin and IDs survive offline archive import (3.3s)
  ✓   2 [chromium] › tests/integration/imports.spec.ts:7:1 › P2 / AT-008 AT-010: strict CSV → hashed OPFS → fresh DuckDB retains values, NULL and empty strings (1.8s)
  ✓   3 [chromium] › tests/integration/imports.spec.ts:63:1 › P2 / AT-009 AT-020: late conversion error, header-only CSV and invalid bytes (1.2s)
  ✓   4 [chromium] › tests/integration/imports.spec.ts:123:1 › P2 / AT-014 AT-017: reload finds true orphans, writer cleanup preserves referenced and foreign bytes (2.0s)
  ✓   5 [chromium] › tests/integration/imports.spec.ts:193:1 › P2 / AT-010: imported file survives browser process restart and removal of input file (4.9s)
  ✓   6 [chromium] › tests/integration/imports.spec.ts:262:1 › P2 / AT-061 partial: changed byte is rejected as ARTIFACT_CORRUPT before use (401ms)
  ✓   7 [chromium] › tests/integration/init-failure.spec.ts:3:1 › AT-069: corrupt DuckDB WASM frees its actual worker before retry (6.1s)
  ✓   8 [chromium] › tests/integration/p0.spec.ts:6:1 › P0 / AT-001 AT-002: one connector, Arrow, CSV → Parquet and stable materialization (982ms)
  ✓   9 [chromium] › tests/integration/p0.spec.ts:33:1 › P0: DuckDB parser returns SELECT AST and rejects non-SELECT serialization (869ms)
  ✓  10 [chromium] › tests/integration/p0.spec.ts:73:1 › P0 / AT-030: running SQL ends or worker terminates, fresh query works (3.4s)
[WebServer] 8:25:23 PM [vite] (client) [console.warn] WebR is using `PostMessage` communication channel, nested R REPLs are not available.
[WebServer] 8:25:24 PM [vite] (client) [console.warn] WebR is using `PostMessage` communication channel, nested R REPLs are not available.
  ✓  11 [chromium] › tests/integration/p0.spec.ts:102:1 › P0 / AT-046: local webR dataframe, real plot, PostMessage worker reset (1.7s)
  ✓  12 [chromium] › tests/integration/p0.spec.ts:136:1 › P0: real OPFS read/write/delete and IndexedDB transaction (345ms)
  ✓  13 [chromium] › tests/integration/p0.spec.ts:144:1 › P0 / AT-012: Web Lock callback holds writer lease across tabs (472ms)
  ✓  14 [chromium] › tests/integration/p0.spec.ts:160:1 › P0 / AT-023: guard allows analysis and blocks external/dynamic SQL without execution (985ms)
  ✓  15 [chromium] › tests/integration/p8-acceptance.spec.ts:4:1 › P8 AT-007: separate predecessor upgrade rolls back schema and data, then migrates atomically (372ms)
  ✓  16 [chromium] › tests/integration/p8-acceptance.spec.ts:21:1 › P8 AT-019: replacement is rejected during real SQL; old snapshot stays v1, next run reads v2 (1.3s)
  ✓  17 [chromium] › tests/integration/p8-acceptance.spec.ts:128:3 › P8 AT-024: delayed real sql response is discarded on workspace switch and resources close (1.8s)
[WebServer] 8:25:31 PM [vite] (client) [console.warn] WebR is using `PostMessage` communication channel, nested R REPLs are not available.
  ✓  18 [chromium] › tests/integration/p8-acceptance.spec.ts:128:3 › P8 AT-024: delayed real r response is discarded on workspace switch and resources close (14.8s)
  ✓  19 [chromium] › tests/integration/portal.spec.ts:4:1 › P4 AT-033–037: real v4, concrete issue, public/local join, changed ETag, kept snapshot (3.1s)
  ✓  20 [chromium] › tests/integration/portal.spec.ts:115:1 › P4 AT-035–036 AT-039 AT-056: errors, URL security, optional index and no foreign configuration (2.8s)
  ✓  21 [chromium] › tests/integration/profile-isolation.spec.ts:6:1 › P6 test storage: fresh native OPFS scopes are disjoint across profiles and survive reload (1.6s)
browser: [vite] connecting...
browser: [vite] connected.
browser: WebR is using `PostMessage` communication channel, nested R REPLs are not available.
[WebServer] 8:25:53 PM [vite] (client) [console.warn] WebR is using `PostMessage` communication channel, nested R REPLs are not available.
{"encoded":["NA","NaN","Infinity","-Infinity","-2147483648"],"missing":[true,false,false,false,false],"outputs":[{"type":"stdout","text":"out"},{"type":"warning","text":"warn"},{"type":"message","text":"msg\n"}],"classes":["data.frame"],"nativeMissing":[true,false,false,false,false]}
  ✓  22 [chromium] › tests/integration/r-api.spec.ts:2:1 › P5 native webR vectors, NA/NaN, Date, attributes and captured conditions (1.4s)
[WebServer] 8:25:54 PM [vite] (client) [console.warn] WebR is using `PostMessage` communication channel, nested R REPLs are not available.
  ✓  23 [chromium] › tests/integration/r-date-proof.spec.ts:2:1 › P5 runtime gzip files stay opaque and native R Date parser works (1.3s)
[WebServer] 8:25:56 PM [vite] (client) [console.warn] WebR is using `PostMessage` communication channel, nested R REPLs are not available.
  ✓  24 [chromium] › tests/integration/r-faults.spec.ts:3:1 › P5 AT-045 AT-052 AT-062: approvals, unsupported columns, stale edits, write/commit failure, console and plot limits (17.2s)
[WebServer] 8:26:14 PM [vite] (client) [console.warn] WebR is using `PostMessage` communication channel, nested R REPLs are not available.
  ✓  25 [chromium] › tests/integration/r-golden.spec.ts:4:1 › P5 AT-041 AT-048: unchanged Golden SQL → R script → explicit capture → Golden SQL, real plot and reopen (17.6s)
[WebServer] 8:26:30 PM [vite] (client) [console.warn] WebR is using `PostMessage` communication channel, nested R REPLs are not available.
  ✓  26 [chromium] › tests/integration/r-packages.spec.ts:3:1 › P5 pinned local R packages installed and used (17.3s)
[WebServer] 8:26:48 PM [vite] (client) [console.warn] WebR is using `PostMessage` communication channel, nested R REPLs are not available.
  ✓  27 [chromium] › tests/integration/r-snapshots.spec.ts:3:1 › P5/P6 AT-025 AT-048: native R parameters, selection snapshot, seed and capture of a later object mutation (20.1s)
[WebServer] 8:27:09 PM [vite] (client) [console.warn] WebR is using `PostMessage` communication channel, nested R REPLs are not available.
  ✘  28 [chromium] › tests/integration/r.spec.ts:4:1 › P5 AT-042–045: full typed SQL → R → SQL including NA/NaN, exact decimals, dates, factor and rejected casts (9.4s)


  1) [chromium] › tests/integration/r.spec.ts:4:1 › P5 AT-042–045: full typed SQL → R → SQL including NA/NaN, exact decimals, dates, factor and rejected casts 

    Test was interrupted.

    Error: page.evaluate: Target page, context or browser has been closed

       7 |   await page.goto('/tests/spike/index.html');
       8 |   const sql = await readFile('fixtures/04-typgrenzen.sql', 'utf8');
    >  9 |   const proof = await page.evaluate(
         |                            ^
      10 |     async ({config, sql}) => {
      11 |       const hp = '/tests/spike/sqlHarness.ts';
      12 |       const {sqlHarness} = (await import(hp)) as typeof import('../spike/sqlHarness');
        at /Users/stefan/sources/dateninfrastruktur-datenwerkstatt/tests/integration/r.spec.ts:9:28

    attachment #1: screenshot (image/png) ──────────────────────────────────────────────────────────
    test-results/integration-r-P5-AT-042–04-5ac35-s-factor-and-rejected-casts-chromium/test-failed-1.png
    ────────────────────────────────────────────────────────────────────────────────────────────────

    Error Context: test-results/integration-r-P5-AT-042–04-5ac35-s-factor-and-rejected-casts-chromium/error-context.md

    attachment #3: trace (application/zip) ─────────────────────────────────────────────────────────
    test-results/integration-r-P5-AT-042–04-5ac35-s-factor-and-rejected-casts-chromium/trace.zip
    Usage:

        npx playwright show-trace test-results/integration-r-P5-AT-042–04-5ac35-s-factor-and-rejected-casts-chromium/trace.zip

    ────────────────────────────────────────────────────────────────────────────────────────────────

  1 interrupted
    [chromium] › tests/integration/r.spec.ts:4:1 › P5 AT-042–045: full typed SQL → R → SQL including NA/NaN, exact decimals, dates, factor and rejected casts 
  15 did not run
  27 passed (2.3m)
