[WebServer] (node:25410) Warning: The 'NO_COLOR' env is ignored due to the 'FORCE_COLOR' env being set.
[WebServer] (Use `node --trace-warnings ...` to show where the warning was created)
[WebServer] (node:25411) Warning: The 'NO_COLOR' env is ignored due to the 'FORCE_COLOR' env being set.
[WebServer] (Use `node --trace-warnings ...` to show where the warning was created)

Running 162 tests using 1 worker

(node:25412) Warning: The 'NO_COLOR' env is ignored due to the 'FORCE_COLOR' env being set.
(Use `node --trace-warnings ...` to show where the warning was created)
[WebServer] 10:08:10 AM [vite] (client) [console.warn] WebR is using `PostMessage` communication channel, nested R REPLs are not available.
  ✓    1 [chromium] › tests/e2e/archive.spec.ts:5:1 › P6 AT-051 AT-053 AT-063: Golden archive in fresh profile, graph remap, real SQL/PNG, duplicate and independent deletion (17.1s)
  ✓    2 [chromium] › tests/e2e/archive.spec.ts:135:1 › P6 AT-059: recipe inspection/confirmation without engine or empty fake tables (1.2s)
  ✓    3 [chromium] › tests/e2e/imports.spec.ts:20:1 › P2 / AT-008 AT-010 AT-018: confirmed import, reload, data preview, independent alias and complete Parquet download (3.9s)
  ✓    4 [chromium] › tests/e2e/imports.spec.ts:53:1 › P2 / AT-016: denied OPFS requires explicit temporary mode and never claims local persistence (2.3s)
  ✓    5 [chromium] › tests/e2e/imports.spec.ts:79:1 › P2 / AT-013: real import surfaces OPFS quota failure without publishing partial metadata (3.8s)
  ✓    6 [chromium] › tests/e2e/imports.spec.ts:105:1 › P2 / AT-002 AT-024 partial: one import worker survives routes and closes before another workspace opens (2.6s)
  ✓    7 [chromium] › tests/e2e/multitab.spec.ts:2:1 › P6 AT-065: absent Web Locks permits existing project only as reader, archive export remains possible (2.8s)
  ✓    8 [chromium] › tests/e2e/portal.spec.ts:3:1 › P4 AT-038 AT-056: explicit deep-link preview, replacement history and no autorun (9.1s)
[WebServer] 10:08:53 AM [vite] (client) [console.warn] WebR is using `PostMessage` communication channel, nested R REPLs are not available.
[WebServer] 10:09:04 AM [vite] (client) [console.warn] WebR is using `PostMessage` communication channel, nested R REPLs are not available.
  ✓    9 [chromium] › tests/e2e/r.spec.ts:10:1 › P5 AT-040 AT-042 AT-046 AT-048: complete UI transfer, lazy worker survives routes, capture, reset and cancel (22.7s)
  ✓   10 [chromium] › tests/e2e/sql.spec.ts:18:1 › P3 / AT-022 AT-027 AT-032 AT-049 AT-055 AT-058: SQL, paging, keep, exports, chart, resize and reload (4.3s)
  ✓   11 [chromium] › tests/e2e/sql.spec.ts:77:1 › P3 / AT-025 AT-030: parameters, explicit cancel and failed runs never show a previous output (5.8s)
  ✓   12 [chromium] › tests/e2e/sql.spec.ts:109:1 › P3 / AT-049: rendered bars and line gaps preserve NULL, PNG contains actual pixels (2.2s)
  ✓   13 [chromium] › tests/e2e/workspaces.spec.ts:9:1 › AT-003: workspace metadata persists across reload without engine startup (1.8s)
[WebServer] 10:09:29 AM [vite] (client) [console.warn] WebR is using `PostMessage` communication channel, nested R REPLs are not available.
  ✓   14 [chromium] › tests/e2e/workspaces.spec.ts:28:1 › AT-005 AT-058: saved SQL and R, separate models, duplicate, archive, no code auto-run (3.1s)
  ✓   15 [chromium] › tests/e2e/workspaces.spec.ts:90:1 › AT-012: another tab opens read-only and explicitly reacquires after writer closes (1.9s)
  ✓   16 [chromium] › tests/e2e/workspaces.spec.ts:109:1 › AT-054 AT-057 partial: compact chrome and implemented settings persist (2.1s)
[WebServer] 10:09:36 AM [vite] (client) [console.error] ZodError
[WebServer]     at checkedId (http://127.0.0.1:4173/src/domain/workspace.ts:4:20)
[WebServer]     at WorkspaceService.open (http://127.0.0.1:4173/src/application/workspaceService.ts:385:14)
[WebServer]     at loader (http://127.0.0.1:4173/src/app/router.tsx:89:46)
[WebServer]     at http://127.0.0.1:4173/node_modules/.vite/deps/@tanstack_react-router.js?v=c8fc00ce:3174:34
[WebServer]     at async loadResource (http://127.0.0.1:4173/node_modules/.vite/deps/@tanstack_react-router.js?v=c8fc00ce:3188:53)
[WebServer] 
[WebServer] The above error occurred in the <MatchInnerImpl> component.
[WebServer] 
[WebServer] React will try to recreate this component tree from scratch using the error boundary you provided, CatchBoundary.
[WebServer] 
[WebServer] 10:09:36 AM [vite] (client) [console.warn] Warning: Error in route match: __root__/
  ✓   17 [chromium] › tests/e2e/workspaces.spec.ts:142:1 › AT-058 / REQ-060: invalid workspace/analysis route is controlled (2.4s)
  ✓   18 [chromium] › tests/integration/archive-portal.spec.ts:3:1 › P6 AT-051: external inclusion is opt-in, immutable public origin and IDs survive offline archive import (1.9s)
  ✓   19 [chromium] › tests/integration/imports.spec.ts:6:1 › P2 / AT-008 AT-010: strict CSV → hashed OPFS → fresh DuckDB retains values, NULL and empty strings (1.3s)
  ✓   20 [chromium] › tests/integration/imports.spec.ts:62:1 › P2 / AT-009 AT-020: late conversion error, header-only CSV and invalid bytes (800ms)
  ✓   21 [chromium] › tests/integration/imports.spec.ts:122:1 › P2 / AT-014 AT-017: reload finds true orphans, writer cleanup preserves referenced and foreign bytes (1.8s)
  ✓   22 [chromium] › tests/integration/imports.spec.ts:192:1 › P2 / AT-010: imported file survives browser process restart and removal of input file (5.0s)
  ✓   23 [chromium] › tests/integration/imports.spec.ts:254:1 › P2 / AT-061 partial: changed byte is rejected as ARTIFACT_CORRUPT before use (254ms)
  ✓   24 [chromium] › tests/integration/p0.spec.ts:6:1 › P0 / AT-001 AT-002: one connector, Arrow, CSV → Parquet and stable materialization (665ms)
  ✓   25 [chromium] › tests/integration/p0.spec.ts:33:1 › P0: DuckDB parser returns SELECT AST and rejects non-SELECT serialization (577ms)
  ✓   26 [chromium] › tests/integration/p0.spec.ts:73:1 › P0 / AT-030: running SQL ends or worker terminates, fresh query works (2.9s)
[WebServer] 10:09:52 AM [vite] (client) [console.warn] WebR is using `PostMessage` communication channel, nested R REPLs are not available.
[WebServer] 10:09:53 AM [vite] (client) [console.warn] WebR is using `PostMessage` communication channel, nested R REPLs are not available.
  ✓   27 [chromium] › tests/integration/p0.spec.ts:102:1 › P0 / AT-046: local webR dataframe, real plot, PostMessage worker reset (1.3s)
  ✓   28 [chromium] › tests/integration/p0.spec.ts:136:1 › P0: real OPFS read/write/delete and IndexedDB transaction (258ms)
  ✓   29 [chromium] › tests/integration/p0.spec.ts:144:1 › P0 / AT-012: Web Lock callback holds writer lease across tabs (337ms)
  ✓   30 [chromium] › tests/integration/p0.spec.ts:160:1 › P0 / AT-023: guard allows analysis and blocks external/dynamic SQL without execution (610ms)
  ✓   31 [chromium] › tests/integration/portal.spec.ts:4:1 › P4 AT-033–037: real v4, concrete issue, public/local join, changed ETag, kept snapshot (1.4s)
  ✓   32 [chromium] › tests/integration/portal.spec.ts:115:1 › P4 AT-035–036 AT-039 AT-056: errors, URL security, optional index and no foreign configuration (802ms)
browser: [vite] connecting...
browser: [vite] connected.
browser: WebR is using `PostMessage` communication channel, nested R REPLs are not available.
[WebServer] 10:09:57 AM [vite] (client) [console.warn] WebR is using `PostMessage` communication channel, nested R REPLs are not available.
{"encoded":["NA","NaN","Infinity","-Infinity","-2147483648"],"missing":[true,false,false,false,false],"outputs":[{"type":"stdout","text":"out"},{"type":"warning","text":"warn"},{"type":"message","text":"msg\n"}],"classes":["data.frame"],"nativeMissing":[true,false,false,false,false]}
  ✓   33 [chromium] › tests/integration/r-api.spec.ts:2:1 › P5 native webR vectors, NA/NaN, Date, attributes and captured conditions (726ms)
[WebServer] 10:09:58 AM [vite] (client) [console.warn] WebR is using `PostMessage` communication channel, nested R REPLs are not available.
  ✓   34 [chromium] › tests/integration/r-date-proof.spec.ts:2:1 › P5 runtime gzip files stay opaque and native R Date parser works (765ms)
[WebServer] 10:09:59 AM [vite] (client) [console.warn] WebR is using `PostMessage` communication channel, nested R REPLs are not available.
  ✓   35 [chromium] › tests/integration/r-faults.spec.ts:3:1 › P5 AT-045 AT-052 AT-062: approvals, unsupported columns, stale edits, write/commit failure, console and plot limits (11.3s)
[WebServer] 10:10:11 AM [vite] (client) [console.warn] WebR is using `PostMessage` communication channel, nested R REPLs are not available.
  ✓   36 [chromium] › tests/integration/r-golden.spec.ts:4:1 › P5 AT-041 AT-048: unchanged Golden SQL → R script → explicit capture → Golden SQL, real plot and reopen (11.4s)
[WebServer] 10:10:21 AM [vite] (client) [console.warn] WebR is using `PostMessage` communication channel, nested R REPLs are not available.
  ✓   37 [chromium] › tests/integration/r-packages.spec.ts:3:1 › P5 pinned local R packages installed and used (11.4s)
[WebServer] 10:10:33 AM [vite] (client) [console.warn] WebR is using `PostMessage` communication channel, nested R REPLs are not available.
  ✓   38 [chromium] › tests/integration/r-snapshots.spec.ts:3:1 › P5/P6 AT-025 AT-048: native R parameters, selection snapshot, seed and capture of a later object mutation (10.7s)
[WebServer] 10:10:44 AM [vite] (client) [console.warn] WebR is using `PostMessage` communication channel, nested R REPLs are not available.
  ✓   39 [chromium] › tests/integration/r.spec.ts:4:1 › P5 AT-042–045: full typed SQL → R → SQL including NA/NaN, exact decimals, dates, factor and rejected casts (10.9s)
[WebServer] 10:10:55 AM [vite] (client) [console.warn] WebR is using `PostMessage` communication channel, nested R REPLs are not available.
[WebServer] 10:11:05 AM [vite] (client) [console.warn] WebR is using `PostMessage` communication channel, nested R REPLs are not available.
[WebServer] 10:11:12 AM [vite] (client) [console.warn] WebR is using `PostMessage` communication channel, nested R REPLs are not available.
  ✓   40 [chromium] › tests/integration/r.spec.ts:91:1 › P5 AT-040 AT-042 AT-047 AT-052: 350 rows, stale plans, five inactive fresh scopes and genuine R worker stop (24.0s)
  ✓   41 [chromium] › tests/integration/recovery.spec.ts:3:1 › P6 AT-060: native browser decompressor enforces actual expansion with forged ZIP sizes (213ms)
  ✓   42 [chromium] › tests/integration/recovery.spec.ts:30:1 › P6 AT-014 AT-064: failed import leaves recoverable OPFS staging; cleanup preserves another project and foreign files (875ms)
  ✓   43 [chromium] › tests/integration/recovery.spec.ts:116:1 › P6 AT-012 AT-015 AT-017 AT-061: tab death interrupts real query, saved results remain, missing/corrupt bytes preserve code (5.4s)
  ✓   44 [chromium] › tests/integration/repository.spec.ts:5:1 › AT-007 AT-012: actual IndexedDB CAS, invalid load, transaction rollback (143ms)
  ✓   45 [chromium] › tests/integration/repository.spec.ts:75:1 › P0: persistent browser profile OPFS read/write/delete (284ms)
  ✓   46 [chromium] › tests/integration/sql-lifecycle.spec.ts:2:1 › P3 / AT-031 AT-032: 350-row user Parquet export and a nonresponding cancel API (1.4s)
  ✓   47 [chromium] › tests/integration/sql-lifecycle.spec.ts:149:1 › P3 / AT-030: cancellation after CTAS settling releases unpublished private relation (721ms)
{"ast":{"error":false,"statements":[{"node":{"type":"SELECT_NODE","modifiers":[],"cte_map":{"map":[]},"select_list":[{"class":"PARAMETER","type":"VALUE_PARAMETER","alias":"a","query_location":18446744073709552000,"identifier":"text"},{"class":"CAST","type":"OPERATOR_CAST","alias":"b","query_location":19,"child":{"class":"PARAMETER","type":"VALUE_PARAMETER","alias":"","query_location":18446744073709552000,"identifier":"exact"},"cast_type":{"id":"BIGINT","type_info":null},"try_cast":false},{"class":"PARAMETER","type":"VALUE_PARAMETER","alias":"c","query_location":18446744073709552000,"identifier":"text"}],"from_table":{"type":"EMPTY","alias":"","sample":null,"query_location":18446744073709552000},"where_clause":null,"group_expressions":[],"group_sets":[],"aggregate_handling":"STANDARD_HANDLING","having":null,"sample":null,"qualify":null},"named_param_map":[{"key":"text","value":1},{"key":"exact","value":2}]}]},"bound":{"code":"SELECT $1 AS a, CAST($2 AS BIGINT) AS b, $1 AS c","values":["x'; SELECT 9; --","9007199254740993"]},"rows":[{"a":"x'; SELECT 9; --","b":"9007199254740993","c":"x'; SELECT 9; --"}]}
  ✓   48 [chromium] › tests/integration/sql.spec.ts:3:1 › P3 installed prepared CTAS and AST parameter mapping (693ms)
  ✓   49 [chromium] › tests/integration/sql.spec.ts:58:1 › P3 / AT-022 AT-025 AT-027 AT-028 AT-029: real SQL result limits, bindings, stability and exact display (850ms)
  ✓   50 [chromium] › tests/integration/sql.spec.ts:181:1 › P3 / AT-021 AT-026 AT-032: CSV datasets → frozen Golden SQL → kept result → reopen/export (1.4s)
  ✓   51 [chromium] › tests/integration/sql.spec.ts:280:1 › P3 / AT-030 AT-031: actual worker termination, epoch invalidation, no late success and fresh small query (4.1s)
  ✓   52 [chromium] › tests/integration/sql.spec.ts:338:1 › P3 / AT-023: analytic syntax allowed, indirect external/internal sources rejected before execution (721ms)
  ✓   53 [chromium] › tests/integration/sql.spec.ts:403:1 › P3 / AT-049 AT-050: chart boundaries and atomic keep failure with real result (840ms)
[WebServer] 10:11:37 AM [vite] (client) [console.warn] WebR is using `PostMessage` communication channel, nested R REPLs are not available.
  ✓   54 [chromium] › tests/integration/transfer-recovery.spec.ts:3:1 › P6 AT-013 AT-050 AT-052: quota blocks persistent R input; workspace change aborts real capture after OPFS write without late publication (11.2s)
(node:25772) Warning: The 'NO_COLOR' env is ignored due to the 'FORCE_COLOR' env being set.
(Use `node --trace-warnings ...` to show where the warning was created)
[WebServer] 10:11:50 AM [vite] (client) [console.warn] WebR is using `PostMessage` communication channel, nested R REPLs are not available.
  ✓   55 [firefox] › tests/e2e/archive.spec.ts:5:1 › P6 AT-051 AT-053 AT-063: Golden archive in fresh profile, graph remap, real SQL/PNG, duplicate and independent deletion (18.3s)
  ✓   56 [firefox] › tests/e2e/archive.spec.ts:135:1 › P6 AT-059: recipe inspection/confirmation without engine or empty fake tables (1.8s)
  ✓   57 [firefox] › tests/e2e/imports.spec.ts:20:1 › P2 / AT-008 AT-010 AT-018: confirmed import, reload, data preview, independent alias and complete Parquet download (4.8s)
  ✓   58 [firefox] › tests/e2e/imports.spec.ts:53:1 › P2 / AT-016: denied OPFS requires explicit temporary mode and never claims local persistence (2.8s)
  ✓   59 [firefox] › tests/e2e/imports.spec.ts:79:1 › P2 / AT-013: real import surfaces OPFS quota failure without publishing partial metadata (4.6s)
  ✓   60 [firefox] › tests/e2e/imports.spec.ts:105:1 › P2 / AT-002 AT-024 partial: one import worker survives routes and closes before another workspace opens (3.1s)
  ✓   61 [firefox] › tests/e2e/multitab.spec.ts:2:1 › P6 AT-065: absent Web Locks permits existing project only as reader, archive export remains possible (2.7s)
  ✓   62 [firefox] › tests/e2e/portal.spec.ts:3:1 › P4 AT-038 AT-056: explicit deep-link preview, replacement history and no autorun (7.9s)
[WebServer] 10:12:36 AM [vite] (client) [console.warn] WebR is using `PostMessage` communication channel, nested R REPLs are not available.
[WebServer] 10:12:48 AM [vite] (client) [console.warn] WebR is using `PostMessage` communication channel, nested R REPLs are not available.
  ✓   63 [firefox] › tests/e2e/r.spec.ts:10:1 › P5 AT-040 AT-042 AT-046 AT-048: complete UI transfer, lazy worker survives routes, capture, reset and cancel (24.8s)
  ✓   64 [firefox] › tests/e2e/sql.spec.ts:18:1 › P3 / AT-022 AT-027 AT-032 AT-049 AT-055 AT-058: SQL, paging, keep, exports, chart, resize and reload (5.0s)
  ✓   65 [firefox] › tests/e2e/sql.spec.ts:77:1 › P3 / AT-025 AT-030: parameters, explicit cancel and failed runs never show a previous output (6.5s)
  ✓   66 [firefox] › tests/e2e/sql.spec.ts:109:1 › P3 / AT-049: rendered bars and line gaps preserve NULL, PNG contains actual pixels (3.3s)
  ✓   67 [firefox] › tests/e2e/workspaces.spec.ts:9:1 › AT-003: workspace metadata persists across reload without engine startup (1.9s)
[WebServer] 10:13:17 AM [vite] (client) [console.warn] WebR is using `PostMessage` communication channel, nested R REPLs are not available.
  ✓   68 [firefox] › tests/e2e/workspaces.spec.ts:28:1 › AT-005 AT-058: saved SQL and R, separate models, duplicate, archive, no code auto-run (3.5s)
  ✓   69 [firefox] › tests/e2e/workspaces.spec.ts:90:1 › AT-012: another tab opens read-only and explicitly reacquires after writer closes (2.1s)
  ✓   70 [firefox] › tests/e2e/workspaces.spec.ts:109:1 › AT-054 AT-057 partial: compact chrome and implemented settings persist (2.2s)
[WebServer] 10:13:24 AM [vite] (client) [console.error] checkedId@http://127.0.0.1:4173/src/domain/workspace.ts:4:20
[WebServer] open@http://127.0.0.1:4173/src/application/workspaceService.ts:385:23
[WebServer] loader@http://127.0.0.1:4173/src/app/router.tsx:89:46
[WebServer] loadResource/flight<@http://127.0.0.1:4173/node_modules/.vite/deps/@tanstack_react-router.js?v=c8fc00ce:3174:40
[WebServer] promise callback*loadResource@http://127.0.0.1:4173/node_modules/.vite/deps/@tanstack_react-router.js?v=c8fc00ce:3174:23
[WebServer] createLoaderTask$1@http://127.0.0.1:4173/node_modules/.vite/deps/@tanstack_react-router.js?v=c8fc00ce:3279:47
[WebServer] planSuccessfulLane@http://127.0.0.1:4173/node_modules/.vite/deps/@tanstack_react-router.js?v=c8fc00ce:3549:22
[WebServer] contextualize$1@http://127.0.0.1:4173/node_modules/.vite/deps/@tanstack_react-router.js?v=c8fc00ce:3095:2
[WebServer] executeClientLane@http://127.0.0.1:4173/node_modules/.vite/deps/@tanstack_react-router.js?v=c8fc00ce:3552:25
[WebServer] runClientTransaction@http://127.0.0.1:4173/node_modules/.vite/deps/@tanstack_react-router.js?v=c8fc00ce:3796:23
[WebServer] run@http://127.0.0.1:4173/node_modules/.vite/deps/@tanstack_react-router.js?v=c8fc00ce:3924:40
[WebServer] loadClientRoute@http://127.0.0.1:4173/node_modules/.vite/deps/@tanstack_react-router.js?v=c8fc00ce:3959:11
[WebServer] RouterCore/this.load@http://127.0.0.1:4173/node_modules/.vite/deps/@tanstack_react-router.js?v=c8fc00ce:2450:10
[WebServer] Transitioner/<@http://127.0.0.1:4173/node_modules/.vite/deps/@tanstack_react-router.js?v=c8fc00ce:6852:32
[WebServer] react_stack_bottom_frame@http://127.0.0.1:4173/node_modules/.vite/deps/react-dom_client.js?v=c8fc00ce:12902:13
[WebServer] runWithFiberInDEV@http://127.0.0.1:4173/node_modules/.vite/deps/react-dom_client.js?v=c8fc00ce:851:123
[WebServer] commitHookEffectListMount@http://127.0.0.1:4173/node_modules/.vite/deps/react-dom_client.js?v=c8fc00ce:6617:153
[WebServer] commitHookLayoutEffects@http://127.0.0.1:4173/node_modules/.vite/deps/react-dom_client.js?v=c8fc00ce:6605:55
[WebServer] commitLayoutEffectOnFiber@http://127.0.0.1:4173/node_modules/.vite/deps/react-dom_client.js?v=c8fc00ce:6959:19
[WebServer] recursivelyTraverseLayoutEffects@http://127.0.0.1:4173/node_modules/.vite/deps/react-dom_client.js?v=c8fc00ce:7479:127
[WebServer] commitLayoutEffectOnFiber@http://127.0.0.1:4173/node_modules/.vite/deps/react-dom_client.js?v=c8fc00ce:6958:38
[WebServer] recursivelyTraverseLayoutEffects@http://127.0.0.1:4173/node_modules/.vite/deps/react-dom_client.js?v=c8fc00ce:7479:127
[WebServer] commitLayoutEffectOnFiber@http://127.0.0.1:4173/node_modules/.vite/deps/react-dom_client.js?v=c8fc00ce:7047:46
[WebServer] recursivelyTraverseLayoutEffects@http://127.0.0.1:4173/node_modules/.vite/deps/react-dom_client.js?v=c8fc00ce:7479:127
[WebServer] commitLayoutEffectOnFiber@http://127.0.0.1:4173/node_modules/.vite/deps/react-dom_client.js?v=c8fc00ce:6958:38
[WebServer] recursivelyTraverseLayoutEffects@http://127.0.0.1:4173/node_modules/.vite/deps/react-dom_client.js?v=c8fc00ce:7479:127
[WebServer] commitLayoutEffectOnFiber@http://127.0.0.1:4173/node_modules/.vite/deps/react-dom_client.js?v=c8fc00ce:6958:38
[WebServer] recursivelyTraverseLayoutEffects@http://127.0.0.1:4173/node_modules/.vite/deps/react-dom_client.js?v=c8fc00ce:7479:127
[WebServer] commitLayoutEffectOnFiber@http://127.0.0.1:4173/node_modules/.vite/deps/react-dom_client.js?v=c8fc00ce:6958:38
[WebServer] recursivelyTraverseLayoutEffects@http://127.0.0.1:4173/node_modules/.vite/deps/react-dom_client.js?v=c8fc00ce:7479:127
[WebServer] commitLayoutEffectOnFiber@http://127.0.0.1:4173/node_modules/.vite/deps/react-dom_client.js?v=c8fc00ce:7047:46
[WebServer] recursivelyTraverseLayoutEffects@http://127.0.0.1:4173/node_modules/.vite/deps/react-dom_client.js?v=c8fc00ce:7479:127
[WebServer] commitLayoutEffectOnFiber@http://127.0.0.1:4173/node_modules/.vite/deps/react-dom_client.js?v=c8fc00ce:6975:38
[WebServer] flushLayoutEffects@http://127.0.0.1:4173/node_modules/.vite/deps/react-dom_client.js?v=c8fc00ce:8671:112
[WebServer] commitRoot@http://127.0.0.1:4173/node_modules/.vite/deps/react-dom_client.js?v=c8fc00ce:8584:5
[WebServer] commitRootWhenReady@http://127.0.0.1:4173/node_modules/.vite/deps/react-dom_client.js?v=c8fc00ce:8079:14
[WebServer] performWorkOnRoot@http://127.0.0.1:4173/node_modules/.vite/deps/react-dom_client.js?v=c8fc00ce:8051:27
[WebServer] performWorkOnRootViaSchedulerTask@http://127.0.0.1:4173/node_modules/.vite/deps/react-dom_client.js?v=c8fc00ce:9059:21
[WebServer] performWorkUntilDeadline@http://127.0.0.1:4173/node_modules/.vite/deps/react-dom_client.js?v=c8fc00ce:36:46
[WebServer] EventHandlerNonNull*require_scheduler_development</<@http://127.0.0.1:4173/node_modules/.vite/deps/react-dom_client.js?v=c8fc00ce:141:4
[WebServer] require_scheduler_development<@http://127.0.0.1:4173/node_modules/.vite/deps/react-dom_client.js?v=c8fc00ce:244:4
[WebServer] __commonJSMin/<@http://127.0.0.1:4173/node_modules/.vite/deps/rolldown-runtime-B-1-B7_t.js?v=c8fc00ce:8:49
[WebServer] require_scheduler<@http://127.0.0.1:4173/node_modules/.vite/deps/react-dom_client.js?v=c8fc00ce:249:19
[WebServer] __commonJSMin/<@http://127.0.0.1:4173/node_modules/.vite/deps/rolldown-runtime-B-1-B7_t.js?v=c8fc00ce:8:49
[WebServer] require_react_dom_client_development</<@http://127.0.0.1:4173/node_modules/.vite/deps/react-dom_client.js?v=c8fc00ce:11672:19
[WebServer] require_react_dom_client_development<@http://127.0.0.1:4173/node_modules/.vite/deps/react-dom_client.js?v=c8fc00ce:14373:4
[WebServer] __commonJSMin/<@http://127.0.0.1:4173/node_modules/.vite/deps/rolldown-runtime-B-1-B7_t.js?v=c8fc00ce:8:49
[WebServer] require_client<@http://127.0.0.1:4173/node_modules/.vite/deps/react-dom_client.js?v=c8fc00ce:14378:19
[WebServer] __commonJSMin/<@http://127.0.0.1:4173/node_modules/.vite/deps/rolldown-runtime-B-1-B7_t.js?v=c8fc00ce:8:49
[WebServer] @http://127.0.0.1:4173/node_modules/.vite/deps/react-dom_client.js?v=c8fc00ce:14381:16
[WebServer] 
[WebServer] 
[WebServer] The above error occurred in the <MatchInnerImpl> component.
[WebServer] 
[WebServer] React will try to recreate this component tree from scratch using the error boundary you provided, CatchBoundary.
[WebServer] 
[WebServer] 10:13:24 AM [vite] (client) [console.warn] Warning: Error in route match: __root__/
  ✓   71 [firefox] › tests/e2e/workspaces.spec.ts:142:1 › AT-058 / REQ-060: invalid workspace/analysis route is controlled (2.2s)
  ✓   72 [firefox] › tests/integration/archive-portal.spec.ts:3:1 › P6 AT-051: external inclusion is opt-in, immutable public origin and IDs survive offline archive import (3.7s)
  ✓   73 [firefox] › tests/integration/imports.spec.ts:6:1 › P2 / AT-008 AT-010: strict CSV → hashed OPFS → fresh DuckDB retains values, NULL and empty strings (2.8s)
  ✓   74 [firefox] › tests/integration/imports.spec.ts:62:1 › P2 / AT-009 AT-020: late conversion error, header-only CSV and invalid bytes (2.0s)
  ✓   75 [firefox] › tests/integration/imports.spec.ts:122:1 › P2 / AT-014 AT-017: reload finds true orphans, writer cleanup preserves referenced and foreign bytes (2.7s)
  ✓   76 [firefox] › tests/integration/imports.spec.ts:192:1 › P2 / AT-010: imported file survives browser process restart and removal of input file (8.0s)
  ✓   77 [firefox] › tests/integration/imports.spec.ts:254:1 › P2 / AT-061 partial: changed byte is rejected as ARTIFACT_CORRUPT before use (1.1s)
  ✓   78 [firefox] › tests/integration/p0.spec.ts:6:1 › P0 / AT-001 AT-002: one connector, Arrow, CSV → Parquet and stable materialization (1.9s)
  ✓   79 [firefox] › tests/integration/p0.spec.ts:33:1 › P0: DuckDB parser returns SELECT AST and rejects non-SELECT serialization (1.9s)
  ✓   80 [firefox] › tests/integration/p0.spec.ts:73:1 › P0 / AT-030: running SQL ends or worker terminates, fresh query works (4.5s)
[WebServer] 10:13:54 AM [vite] (client) [console.warn] WebR is using `PostMessage` communication channel, nested R REPLs are not available.
[WebServer] 10:13:55 AM [vite] (client) [console.warn] WebR is using `PostMessage` communication channel, nested R REPLs are not available.
  ✓   81 [firefox] › tests/integration/p0.spec.ts:102:1 › P0 / AT-046: local webR dataframe, real plot, PostMessage worker reset (2.1s)
  ✓   82 [firefox] › tests/integration/p0.spec.ts:136:1 › P0: real OPFS read/write/delete and IndexedDB transaction (1.1s)
  ✓   83 [firefox] › tests/integration/p0.spec.ts:144:1 › P0 / AT-012: Web Lock callback holds writer lease across tabs (1.2s)
  ✓   84 [firefox] › tests/integration/p0.spec.ts:160:1 › P0 / AT-023: guard allows analysis and blocks external/dynamic SQL without execution (1.8s)
  ✓   85 [firefox] › tests/integration/portal.spec.ts:4:1 › P4 AT-033–037: real v4, concrete issue, public/local join, changed ETag, kept snapshot (2.9s)
  ✓   86 [firefox] › tests/integration/portal.spec.ts:115:1 › P4 AT-035–036 AT-039 AT-056: errors, URL security, optional index and no foreign configuration (2.0s)
browser: [vite] connecting...
browser: [vite] connected.
browser: [JavaScript Warning: "The WebAssembly exception handling 'try' instruction is deprecated and should no longer be used. Please recompile to use the 'try_table' instruction instead."]
browser: WebR is using `PostMessage` communication channel, nested R REPLs are not available.
[WebServer] 10:14:06 AM [vite] (client) [console.warn] WebR is using `PostMessage` communication channel, nested R REPLs are not available.
{"encoded":["NA","NaN","Infinity","-Infinity","-2147483648"],"missing":[true,false,false,false,false],"outputs":[{"type":"stdout","text":"out"},{"type":"warning","text":"warn"},{"type":"message","text":"msg\n"}],"classes":["data.frame"],"nativeMissing":[false,false,false,false,false]}
  ✓   87 [firefox] › tests/integration/r-api.spec.ts:2:1 › P5 native webR vectors, NA/NaN, Date, attributes and captured conditions (1.6s)
[WebServer] 10:14:07 AM [vite] (client) [console.warn] WebR is using `PostMessage` communication channel, nested R REPLs are not available.
  ✓   88 [firefox] › tests/integration/r-date-proof.spec.ts:2:1 › P5 runtime gzip files stay opaque and native R Date parser works (1.6s)
[WebServer] 10:14:10 AM [vite] (client) [console.warn] WebR is using `PostMessage` communication channel, nested R REPLs are not available.
  ✓   89 [firefox] › tests/integration/r-faults.spec.ts:3:1 › P5 AT-045 AT-052 AT-062: approvals, unsupported columns, stale edits, write/commit failure, console and plot limits (12.0s)
[WebServer] 10:14:22 AM [vite] (client) [console.warn] WebR is using `PostMessage` communication channel, nested R REPLs are not available.
  ✓   90 [firefox] › tests/integration/r-golden.spec.ts:4:1 › P5 AT-041 AT-048: unchanged Golden SQL → R script → explicit capture → Golden SQL, real plot and reopen (12.4s)
[WebServer] 10:14:33 AM [vite] (client) [console.warn] WebR is using `PostMessage` communication channel, nested R REPLs are not available.
  ✓   91 [firefox] › tests/integration/r-packages.spec.ts:3:1 › P5 pinned local R packages installed and used (11.9s)
[WebServer] 10:14:45 AM [vite] (client) [console.warn] WebR is using `PostMessage` communication channel, nested R REPLs are not available.
  ✓   92 [firefox] › tests/integration/r-snapshots.spec.ts:3:1 › P5/P6 AT-025 AT-048: native R parameters, selection snapshot, seed and capture of a later object mutation (11.6s)
[WebServer] 10:14:58 AM [vite] (client) [console.warn] WebR is using `PostMessage` communication channel, nested R REPLs are not available.
  ✓   93 [firefox] › tests/integration/r.spec.ts:4:1 › P5 AT-042–045: full typed SQL → R → SQL including NA/NaN, exact decimals, dates, factor and rejected casts (11.6s)
[WebServer] 10:15:09 AM [vite] (client) [console.warn] WebR is using `PostMessage` communication channel, nested R REPLs are not available.
[WebServer] 10:15:19 AM [vite] (client) [console.warn] WebR is using `PostMessage` communication channel, nested R REPLs are not available.
[WebServer] 10:15:29 AM [vite] (client) [console.warn] WebR is using `PostMessage` communication channel, nested R REPLs are not available.
  ✓   94 [firefox] › tests/integration/r.spec.ts:91:1 › P5 AT-040 AT-042 AT-047 AT-052: 350 rows, stale plans, five inactive fresh scopes and genuine R worker stop (31.8s)
  ✓   95 [firefox] › tests/integration/recovery.spec.ts:3:1 › P6 AT-060: native browser decompressor enforces actual expansion with forged ZIP sizes (1.1s)
  ✓   96 [firefox] › tests/integration/recovery.spec.ts:30:1 › P6 AT-014 AT-064: failed import leaves recoverable OPFS staging; cleanup preserves another project and foreign files (2.0s)
  ✓   97 [firefox] › tests/integration/recovery.spec.ts:116:1 › P6 AT-012 AT-015 AT-017 AT-061: tab death interrupts real query, saved results remain, missing/corrupt bytes preserve code (5.2s)
  ✓   98 [firefox] › tests/integration/repository.spec.ts:5:1 › AT-007 AT-012: actual IndexedDB CAS, invalid load, transaction rollback (640ms)
  ✓   99 [firefox] › tests/integration/repository.spec.ts:75:1 › P0: persistent browser profile OPFS read/write/delete (1.2s)
  ✓  100 [firefox] › tests/integration/sql-lifecycle.spec.ts:2:1 › P3 / AT-031 AT-032: 350-row user Parquet export and a nonresponding cancel API (3.0s)
  ✓  101 [firefox] › tests/integration/sql-lifecycle.spec.ts:149:1 › P3 / AT-030: cancellation after CTAS settling releases unpublished private relation (2.0s)
{"ast":{"error":false,"statements":[{"node":{"type":"SELECT_NODE","modifiers":[],"cte_map":{"map":[]},"select_list":[{"class":"PARAMETER","type":"VALUE_PARAMETER","alias":"a","query_location":18446744073709552000,"identifier":"text"},{"class":"CAST","type":"OPERATOR_CAST","alias":"b","query_location":19,"child":{"class":"PARAMETER","type":"VALUE_PARAMETER","alias":"","query_location":18446744073709552000,"identifier":"exact"},"cast_type":{"id":"BIGINT","type_info":null},"try_cast":false},{"class":"PARAMETER","type":"VALUE_PARAMETER","alias":"c","query_location":18446744073709552000,"identifier":"text"}],"from_table":{"type":"EMPTY","alias":"","sample":null,"query_location":18446744073709552000},"where_clause":null,"group_expressions":[],"group_sets":[],"aggregate_handling":"STANDARD_HANDLING","having":null,"sample":null,"qualify":null},"named_param_map":[{"key":"text","value":1},{"key":"exact","value":2}]}]},"bound":{"code":"SELECT $1 AS a, CAST($2 AS BIGINT) AS b, $1 AS c","values":["x'; SELECT 9; --","9007199254740993"]},"rows":[{"a":"x'; SELECT 9; --","b":"9007199254740993","c":"x'; SELECT 9; --"}]}
  ✓  102 [firefox] › tests/integration/sql.spec.ts:3:1 › P3 installed prepared CTAS and AST parameter mapping (1.9s)
  ✓  103 [firefox] › tests/integration/sql.spec.ts:58:1 › P3 / AT-022 AT-025 AT-027 AT-028 AT-029: real SQL result limits, bindings, stability and exact display (2.1s)
  ✓  104 [firefox] › tests/integration/sql.spec.ts:181:1 › P3 / AT-021 AT-026 AT-032: CSV datasets → frozen Golden SQL → kept result → reopen/export (2.9s)
  ✓  105 [firefox] › tests/integration/sql.spec.ts:280:1 › P3 / AT-030 AT-031: actual worker termination, epoch invalidation, no late success and fresh small query (5.7s)
  ✓  106 [firefox] › tests/integration/sql.spec.ts:338:1 › P3 / AT-023: analytic syntax allowed, indirect external/internal sources rejected before execution (2.0s)
  ✓  107 [firefox] › tests/integration/sql.spec.ts:403:1 › P3 / AT-049 AT-050: chart boundaries and atomic keep failure with real result (2.0s)
[WebServer] 10:16:13 AM [vite] (client) [console.warn] WebR is using `PostMessage` communication channel, nested R REPLs are not available.
  ✓  108 [firefox] › tests/integration/transfer-recovery.spec.ts:3:1 › P6 AT-013 AT-050 AT-052: quota blocks persistent R input; workspace change aborts real capture after OPFS write without late publication (12.4s)
(node:26343) Warning: The 'NO_COLOR' env is ignored due to the 'FORCE_COLOR' env being set.
(Use `node --trace-warnings ...` to show where the warning was created)
[WebServer] 10:16:26 AM [vite] (client) [console.warn] WebR is using `PostMessage` communication channel, nested R REPLs are not available.
  ✓  109 [webkit] › tests/e2e/archive.spec.ts:5:1 › P6 AT-051 AT-053 AT-063: Golden archive in fresh profile, graph remap, real SQL/PNG, duplicate and independent deletion (19.0s)
  ✓  110 [webkit] › tests/e2e/archive.spec.ts:135:1 › P6 AT-059: recipe inspection/confirmation without engine or empty fake tables (1.1s)
  ✓  111 [webkit] › tests/e2e/imports.spec.ts:20:1 › P2 / AT-008 AT-010 AT-018: confirmed import, reload, data preview, independent alias and complete Parquet download (3.8s)
  ✓  112 [webkit] › tests/e2e/imports.spec.ts:53:1 › P2 / AT-016: denied OPFS requires explicit temporary mode and never claims local persistence (2.4s)
  ✓  113 [webkit] › tests/e2e/imports.spec.ts:79:1 › P2 / AT-013: real import surfaces OPFS quota failure without publishing partial metadata (3.8s)
  ✓  114 [webkit] › tests/e2e/imports.spec.ts:105:1 › P2 / AT-002 AT-024 partial: one import worker survives routes and closes before another workspace opens (2.8s)
  ✓  115 [webkit] › tests/e2e/multitab.spec.ts:2:1 › P6 AT-065: absent Web Locks permits existing project only as reader, archive export remains possible (2.1s)
  ✓  116 [webkit] › tests/e2e/portal.spec.ts:3:1 › P4 AT-038 AT-056: explicit deep-link preview, replacement history and no autorun (7.9s)
[WebServer] 10:17:09 AM [vite] (client) [console.warn] WebR is using `PostMessage` communication channel, nested R REPLs are not available.
[WebServer] 10:17:21 AM [vite] (client) [console.warn] WebR is using `PostMessage` communication channel, nested R REPLs are not available.
  ✓  117 [webkit] › tests/e2e/r.spec.ts:10:1 › P5 AT-040 AT-042 AT-046 AT-048: complete UI transfer, lazy worker survives routes, capture, reset and cancel (23.8s)
  ✓  118 [webkit] › tests/e2e/sql.spec.ts:18:1 › P3 / AT-022 AT-027 AT-032 AT-049 AT-055 AT-058: SQL, paging, keep, exports, chart, resize and reload (4.8s)
  ✓  119 [webkit] › tests/e2e/sql.spec.ts:77:1 › P3 / AT-025 AT-030: parameters, explicit cancel and failed runs never show a previous output (6.1s)
  ✓  120 [webkit] › tests/e2e/sql.spec.ts:109:1 › P3 / AT-049: rendered bars and line gaps preserve NULL, PNG contains actual pixels (2.5s)
  ✓  121 [webkit] › tests/e2e/workspaces.spec.ts:9:1 › AT-003: workspace metadata persists across reload without engine startup (1.3s)
[WebServer] 10:17:47 AM [vite] (client) [console.warn] WebR is using `PostMessage` communication channel, nested R REPLs are not available.
  ✓  122 [webkit] › tests/e2e/workspaces.spec.ts:28:1 › AT-005 AT-058: saved SQL and R, separate models, duplicate, archive, no code auto-run (2.7s)
  ✓  123 [webkit] › tests/e2e/workspaces.spec.ts:90:1 › AT-012: another tab opens read-only and explicitly reacquires after writer closes (1.6s)
  ✓  124 [webkit] › tests/e2e/workspaces.spec.ts:109:1 › AT-054 AT-057 partial: compact chrome and implemented settings persist (1.6s)
[WebServer] 10:17:52 AM [vite] (client) [console.error] ZodError: [
[WebServer]   {
[WebServer]     "origin": "string",
[WebServer]     "code": "invalid_format",
[WebServer]     "format": "uuid",
[WebServer]     "pattern": "/^([0-9a-fA-F]{8}-[0-9a-fA-F]{4}-[1-8][0-9a-fA-F]{3}-[89abAB][0-9a-fA-F]{3}-[0-9a-fA-F]{12}|00000000-0000-0000-0000-000000000000|ffffffff-ffff-ffff-ffff-ffffffffffff)$/",
[WebServer]     "path": [],
[WebServer]     "message": "Invalid UUID"
[WebServer]   }
[WebServer] ]
[WebServer] 
[WebServer] The above error occurred in the <MatchInnerImpl> component.
[WebServer] 
[WebServer] React will try to recreate this component tree from scratch using the error boundary you provided, CatchBoundary.
[WebServer] 
[WebServer] 10:17:52 AM [vite] (client) [console.warn] Warning: Error in route match: __root__/
  ✓  125 [webkit] › tests/e2e/workspaces.spec.ts:142:1 › AT-058 / REQ-060: invalid workspace/analysis route is controlled (1.5s)
  ✓  126 [webkit] › tests/integration/archive-portal.spec.ts:3:1 › P6 AT-051: external inclusion is opt-in, immutable public origin and IDs survive offline archive import (3.7s)
  ✓  127 [webkit] › tests/integration/imports.spec.ts:6:1 › P2 / AT-008 AT-010: strict CSV → hashed OPFS → fresh DuckDB retains values, NULL and empty strings (2.6s)
  ✓  128 [webkit] › tests/integration/imports.spec.ts:62:1 › P2 / AT-009 AT-020: late conversion error, header-only CSV and invalid bytes (1.6s)
  ✓  129 [webkit] › tests/integration/imports.spec.ts:122:1 › P2 / AT-014 AT-017: reload finds true orphans, writer cleanup preserves referenced and foreign bytes (2.2s)
  ✓  130 [webkit] › tests/integration/imports.spec.ts:192:1 › P2 / AT-010: imported file survives browser process restart and removal of input file (6.9s)
  ✓  131 [webkit] › tests/integration/imports.spec.ts:254:1 › P2 / AT-061 partial: changed byte is rejected as ARTIFACT_CORRUPT before use (589ms)
  ✓  132 [webkit] › tests/integration/p0.spec.ts:6:1 › P0 / AT-001 AT-002: one connector, Arrow, CSV → Parquet and stable materialization (1.4s)
  ✓  133 [webkit] › tests/integration/p0.spec.ts:33:1 › P0: DuckDB parser returns SELECT AST and rejects non-SELECT serialization (1.3s)
  ✓  134 [webkit] › tests/integration/p0.spec.ts:73:1 › P0 / AT-030: running SQL ends or worker terminates, fresh query works (4.0s)
[WebServer] 10:18:18 AM [vite] (client) [console.warn] WebR is using `PostMessage` communication channel, nested R REPLs are not available.
[WebServer] 10:18:18 AM [vite] (client) [console.warn] WebR is using `PostMessage` communication channel, nested R REPLs are not available.
  ✓  135 [webkit] › tests/integration/p0.spec.ts:102:1 › P0 / AT-046: local webR dataframe, real plot, PostMessage worker reset (1.4s)
[WebServer] 10:18:19 AM [vite] (client) [console.warn] Dexie.delete('probe-probe-b5ca6f80-d940-4b5d-abe0-5b7fd72448a0') was blocked
  ✓  136 [webkit] › tests/integration/p0.spec.ts:136:1 › P0: real OPFS read/write/delete and IndexedDB transaction (596ms)
  ✓  137 [webkit] › tests/integration/p0.spec.ts:144:1 › P0 / AT-012: Web Lock callback holds writer lease across tabs (732ms)
  ✓  138 [webkit] › tests/integration/p0.spec.ts:160:1 › P0 / AT-023: guard allows analysis and blocks external/dynamic SQL without execution (1.3s)
  ✓  139 [webkit] › tests/integration/portal.spec.ts:4:1 › P4 AT-033–037: real v4, concrete issue, public/local join, changed ETag, kept snapshot (2.7s)
  ✓  140 [webkit] › tests/integration/portal.spec.ts:115:1 › P4 AT-035–036 AT-039 AT-056: errors, URL security, optional index and no foreign configuration (1.6s)
browser: [vite] connecting...
browser: [vite] connected.
browser: WebR is using `PostMessage` communication channel, nested R REPLs are not available.
[WebServer] 10:18:26 AM [vite] (client) [console.warn] WebR is using `PostMessage` communication channel, nested R REPLs are not available.
{"encoded":["NA","NaN","Infinity","-Infinity","-2147483648"],"missing":[true,false,false,false,false],"outputs":[{"type":"stdout","text":"out"},{"type":"warning","text":"warn"},{"type":"message","text":"msg\n"}],"classes":["data.frame"],"nativeMissing":[false,false,false,false,false]}
  ✓  141 [webkit] › tests/integration/r-api.spec.ts:2:1 › P5 native webR vectors, NA/NaN, Date, attributes and captured conditions (932ms)
[WebServer] 10:18:27 AM [vite] (client) [console.warn] WebR is using `PostMessage` communication channel, nested R REPLs are not available.
  ✓  142 [webkit] › tests/integration/r-date-proof.spec.ts:2:1 › P5 runtime gzip files stay opaque and native R Date parser works (957ms)
[WebServer] 10:18:29 AM [vite] (client) [console.warn] WebR is using `PostMessage` communication channel, nested R REPLs are not available.
  ✓  143 [webkit] › tests/integration/r-faults.spec.ts:3:1 › P5 AT-045 AT-052 AT-062: approvals, unsupported columns, stale edits, write/commit failure, console and plot limits (12.7s)
[WebServer] 10:18:42 AM [vite] (client) [console.warn] WebR is using `PostMessage` communication channel, nested R REPLs are not available.
  ✓  144 [webkit] › tests/integration/r-golden.spec.ts:4:1 › P5 AT-041 AT-048: unchanged Golden SQL → R script → explicit capture → Golden SQL, real plot and reopen (13.3s)
[WebServer] 10:18:54 AM [vite] (client) [console.warn] WebR is using `PostMessage` communication channel, nested R REPLs are not available.
  ✓  145 [webkit] › tests/integration/r-packages.spec.ts:3:1 › P5 pinned local R packages installed and used (12.5s)
[WebServer] 10:19:07 AM [vite] (client) [console.warn] WebR is using `PostMessage` communication channel, nested R REPLs are not available.
  ✓  146 [webkit] › tests/integration/r-snapshots.spec.ts:3:1 › P5/P6 AT-025 AT-048: native R parameters, selection snapshot, seed and capture of a later object mutation (12.0s)
[WebServer] 10:19:19 AM [vite] (client) [console.warn] WebR is using `PostMessage` communication channel, nested R REPLs are not available.
  ✓  147 [webkit] › tests/integration/r.spec.ts:4:1 › P5 AT-042–045: full typed SQL → R → SQL including NA/NaN, exact decimals, dates, factor and rejected casts (12.2s)
[WebServer] 10:19:32 AM [vite] (client) [console.warn] WebR is using `PostMessage` communication channel, nested R REPLs are not available.
[WebServer] 10:19:42 AM [vite] (client) [console.warn] WebR is using `PostMessage` communication channel, nested R REPLs are not available.
[WebServer] 10:19:53 AM [vite] (client) [console.warn] WebR is using `PostMessage` communication channel, nested R REPLs are not available.
  ✓  148 [webkit] › tests/integration/r.spec.ts:91:1 › P5 AT-040 AT-042 AT-047 AT-052: 350 rows, stale plans, five inactive fresh scopes and genuine R worker stop (34.0s)
  ✓  149 [webkit] › tests/integration/recovery.spec.ts:3:1 › P6 AT-060: native browser decompressor enforces actual expansion with forged ZIP sizes (629ms)
  ✘  150 [webkit] › tests/integration/recovery.spec.ts:30:1 › P6 AT-014 AT-064: failed import leaves recoverable OPFS staging; cleanup preserves another project and foreign files (2.2s)
(node:26923) Warning: The 'NO_COLOR' env is ignored due to the 'FORCE_COLOR' env being set.
(Use `node --trace-warnings ...` to show where the warning was created)
  ✓  151 [webkit] › tests/integration/recovery.spec.ts:116:1 › P6 AT-012 AT-015 AT-017 AT-061: tab death interrupts real query, saved results remain, missing/corrupt bytes preserve code (4.8s)
[WebServer] 10:20:13 AM [vite] (client) [console.warn] Dexie.delete('test-96f48e8e-5434-4660-b271-0ddbff83f2c1') was blocked
  ✓  152 [webkit] › tests/integration/repository.spec.ts:5:1 › AT-007 AT-012: actual IndexedDB CAS, invalid load, transaction rollback (326ms)
[WebServer] 10:20:13 AM [vite] (client) [console.warn] Dexie.delete('probe-probe-3ebe4eaa-4fb2-42e3-af44-59600b3fa719') was blocked
  ✓  153 [webkit] › tests/integration/repository.spec.ts:75:1 › P0: persistent browser profile OPFS read/write/delete (688ms)
  ✓  154 [webkit] › tests/integration/sql-lifecycle.spec.ts:2:1 › P3 / AT-031 AT-032: 350-row user Parquet export and a nonresponding cancel API (2.8s)
  ✓  155 [webkit] › tests/integration/sql-lifecycle.spec.ts:149:1 › P3 / AT-030: cancellation after CTAS settling releases unpublished private relation (1.5s)
{"ast":{"error":false,"statements":[{"node":{"type":"SELECT_NODE","modifiers":[],"cte_map":{"map":[]},"select_list":[{"class":"PARAMETER","type":"VALUE_PARAMETER","alias":"a","query_location":18446744073709552000,"identifier":"text"},{"class":"CAST","type":"OPERATOR_CAST","alias":"b","query_location":19,"child":{"class":"PARAMETER","type":"VALUE_PARAMETER","alias":"","query_location":18446744073709552000,"identifier":"exact"},"cast_type":{"id":"BIGINT","type_info":null},"try_cast":false},{"class":"PARAMETER","type":"VALUE_PARAMETER","alias":"c","query_location":18446744073709552000,"identifier":"text"}],"from_table":{"type":"EMPTY","alias":"","sample":null,"query_location":18446744073709552000},"where_clause":null,"group_expressions":[],"group_sets":[],"aggregate_handling":"STANDARD_HANDLING","having":null,"sample":null,"qualify":null},"named_param_map":[{"key":"text","value":1},{"key":"exact","value":2}]}]},"bound":{"code":"SELECT $1 AS a, CAST($2 AS BIGINT) AS b, $1 AS c","values":["x'; SELECT 9; --","9007199254740993"]},"rows":[{"a":"x'; SELECT 9; --","b":"9007199254740993","c":"x'; SELECT 9; --"}]}
  ✓  156 [webkit] › tests/integration/sql.spec.ts:3:1 › P3 installed prepared CTAS and AST parameter mapping (1.4s)
  ✓  157 [webkit] › tests/integration/sql.spec.ts:58:1 › P3 / AT-022 AT-025 AT-027 AT-028 AT-029: real SQL result limits, bindings, stability and exact display (1.7s)
  ✓  158 [webkit] › tests/integration/sql.spec.ts:181:1 › P3 / AT-021 AT-026 AT-032: CSV datasets → frozen Golden SQL → kept result → reopen/export (2.7s)
  ✓  159 [webkit] › tests/integration/sql.spec.ts:280:1 › P3 / AT-030 AT-031: actual worker termination, epoch invalidation, no late success and fresh small query (5.4s)
  ✓  160 [webkit] › tests/integration/sql.spec.ts:338:1 › P3 / AT-023: analytic syntax allowed, indirect external/internal sources rejected before execution (1.5s)
  ✓  161 [webkit] › tests/integration/sql.spec.ts:403:1 › P3 / AT-049 AT-050: chart boundaries and atomic keep failure with real result (1.7s)
[WebServer] 10:20:34 AM [vite] (client) [console.warn] WebR is using `PostMessage` communication channel, nested R REPLs are not available.
  ✓  162 [webkit] › tests/integration/transfer-recovery.spec.ts:3:1 › P6 AT-013 AT-050 AT-052: quota blocks persistent R input; workspace change aborts real capture after OPFS write without late publication (13.1s)


  1) [webkit] › tests/integration/recovery.spec.ts:30:1 › P6 AT-014 AT-064: failed import leaves recoverable OPFS staging; cleanup preserves another project and foreign files 

    Error: page.evaluate: NotFoundError: The object can not be found here.

      32 | }) => {
      33 |   await page.goto('/tests/spike/index.html');
    > 34 |   const result = await page.evaluate(async () => {
         |                             ^
      35 |     const hp = '/tests/spike/sqlHarness.ts',
      36 |       rp = '/src/application/recoveryService.ts',
      37 |       ap = '/src/infrastructure/storage/artifactStore.ts';
        at /Users/stefan/sources/dateninfrastruktur-datenwerkstatt/tests/integration/recovery.spec.ts:34:29

    attachment #1: screenshot (image/png) ──────────────────────────────────────────────────────────
    test-results/integration-recovery-P6-AT-f02cf-r-project-and-foreign-files-webkit/test-failed-1.png
    ────────────────────────────────────────────────────────────────────────────────────────────────

    Error Context: test-results/integration-recovery-P6-AT-f02cf-r-project-and-foreign-files-webkit/error-context.md

    attachment #3: trace (application/zip) ─────────────────────────────────────────────────────────
    test-results/integration-recovery-P6-AT-f02cf-r-project-and-foreign-files-webkit/trace.zip
    Usage:

        npx playwright show-trace test-results/integration-recovery-P6-AT-f02cf-r-project-and-foreign-files-webkit/trace.zip

    ────────────────────────────────────────────────────────────────────────────────────────────────

  1 failed
    [webkit] › tests/integration/recovery.spec.ts:30:1 › P6 AT-014 AT-064: failed import leaves recoverable OPFS staging; cleanup preserves another project and foreign files 
  161 passed (12.6m)
