[WebServer] (node:29353) Warning: The 'NO_COLOR' env is ignored due to the 'FORCE_COLOR' env being set.
[WebServer] (Use `node --trace-warnings ...` to show where the warning was created)
[WebServer] (node:29370) Warning: The 'NO_COLOR' env is ignored due to the 'FORCE_COLOR' env being set.
[WebServer] (Use `node --trace-warnings ...` to show where the warning was created)

Running 165 tests using 3 workers

(node:29373) Warning: The 'NO_COLOR' env is ignored due to the 'FORCE_COLOR' env being set.
(Use `node --trace-warnings ...` to show where the warning was created)
(node:29372) Warning: The 'NO_COLOR' env is ignored due to the 'FORCE_COLOR' env being set.
(Use `node --trace-warnings ...` to show where the warning was created)
(node:29371) Warning: The 'NO_COLOR' env is ignored due to the 'FORCE_COLOR' env being set.
(Use `node --trace-warnings ...` to show where the warning was created)
[WebServer] 10:37:54 AM [vite] (client) [console.warn] WebR is using `PostMessage` communication channel, nested R REPLs are not available.
  ✓    1 [chromium] › tests/e2e/multitab.spec.ts:2:1 › P6 AT-065: absent Web Locks permits existing project only as reader, archive export remains possible (3.9s)
  ✓    2 [chromium] › tests/e2e/imports.spec.ts:20:1 › P2 / AT-008 AT-010 AT-018: confirmed import, reload, data preview, independent alias and complete Parquet download (4.6s)
  ✓    5 [chromium] › tests/e2e/imports.spec.ts:53:1 › P2 / AT-016: denied OPFS requires explicit temporary mode and never claims local persistence (2.7s)
  ✓    6 [chromium] › tests/e2e/imports.spec.ts:79:1 › P2 / AT-013: real import surfaces OPFS quota failure without publishing partial metadata (4.4s)
  ✓    7 [chromium] › tests/e2e/imports.spec.ts:105:1 › P2 / AT-002 AT-024 partial: one import worker survives routes and closes before another workspace opens (3.0s)
  ✓    4 [chromium] › tests/e2e/portal.spec.ts:3:1 › P4 AT-038 AT-056: explicit deep-link preview, replacement history and no autorun (11.6s)
[WebServer] 10:38:09 AM [vite] (client) [console.warn] WebR is using `PostMessage` communication channel, nested R REPLs are not available.
  ✓    9 [chromium] › tests/e2e/sql.spec.ts:18:1 › P3 / AT-022 AT-027 AT-032 AT-049 AT-055 AT-058: SQL, paging, keep, exports, chart, resize and reload (5.4s)
  ✓    3 [chromium] › tests/e2e/archive.spec.ts:6:1 › P6 AT-051 AT-053 AT-063: Golden archive in fresh profile, graph remap, real SQL/PNG, duplicate and independent deletion (24.7s)
  ✓   11 [chromium] › tests/e2e/archive.spec.ts:141:1 › P6 AT-059: recipe inspection/confirmation without engine or empty fake tables (1.6s)
  ✓   10 [chromium] › tests/e2e/sql.spec.ts:77:1 › P3 / AT-025 AT-030: parameters, explicit cancel and failed runs never show a previous output (6.2s)
  ✓   12 [chromium] › tests/e2e/workspaces.spec.ts:9:1 › AT-003: workspace metadata persists across reload without engine startup (2.5s)
  ✓   13 [chromium] › tests/e2e/sql.spec.ts:109:1 › P3 / AT-049: rendered bars and line gaps preserve NULL, PNG contains actual pixels (3.1s)
[WebServer] 10:38:22 AM [vite] (client) [console.warn] WebR is using `PostMessage` communication channel, nested R REPLs are not available.
  ✓   14 [chromium] › tests/e2e/workspaces.spec.ts:28:1 › AT-005 AT-058: saved SQL and R, separate models, duplicate, archive, no code auto-run (3.6s)
  ✓   15 [chromium] › tests/integration/archive-portal.spec.ts:3:1 › P6 AT-051: external inclusion is opt-in, immutable public origin and IDs survive offline archive import (3.0s)
[WebServer] 10:38:25 AM [vite] (client) [console.warn] WebR is using `PostMessage` communication channel, nested R REPLs are not available.
  ✓   16 [chromium] › tests/e2e/workspaces.spec.ts:90:1 › AT-012: another tab opens read-only and explicitly reacquires after writer closes (2.6s)
  ✓   17 [chromium] › tests/integration/imports.spec.ts:7:1 › P2 / AT-008 AT-010: strict CSV → hashed OPFS → fresh DuckDB retains values, NULL and empty strings (2.0s)
  ✓   19 [chromium] › tests/integration/imports.spec.ts:63:1 › P2 / AT-009 AT-020: late conversion error, header-only CSV and invalid bytes (1.3s)
  ✓   18 [chromium] › tests/e2e/workspaces.spec.ts:109:1 › AT-054 AT-057 partial: compact chrome and implemented settings persist (2.7s)
  ✓   20 [chromium] › tests/integration/imports.spec.ts:123:1 › P2 / AT-014 AT-017: reload finds true orphans, writer cleanup preserves referenced and foreign bytes (2.6s)
[WebServer] 10:38:31 AM [vite] (client) [console.error] ZodError
[WebServer]     at checkedId (http://127.0.0.1:4173/src/domain/workspace.ts:4:20)
[WebServer]     at WorkspaceService.open (http://127.0.0.1:4173/src/application/workspaceService.ts:385:14)
[WebServer]     at loader (http://127.0.0.1:4173/src/app/router.tsx:89:46)
[WebServer]     at http://127.0.0.1:4173/node_modules/.vite/deps/@tanstack_react-router.js?v=c8fc00ce:3174:34
[WebServer]     at async loadResource (http://127.0.0.1:4173/node_modules/.vite/deps/@tanstack_react-router.js?v=c8fc00ce:3188:53)
[WebServer] 
[WebServer] The above error occurred in the <MatchInnerImpl> component.
[WebServer] 
[WebServer] React will try to recreate this component tree from scratch using the error boundary you provided, CatchBoundary.
[WebServer] 
[WebServer] 10:38:31 AM [vite] (client) [console.warn] Warning: Error in route match: __root__/
  ✓   21 [chromium] › tests/e2e/workspaces.spec.ts:142:1 › AT-058 / REQ-060: invalid workspace/analysis route is controlled (3.3s)
  ✓   23 [chromium] › tests/integration/p0.spec.ts:6:1 › P0 / AT-001 AT-002: one connector, Arrow, CSV → Parquet and stable materialization (1.1s)
  ✓   24 [chromium] › tests/integration/p0.spec.ts:33:1 › P0: DuckDB parser returns SELECT AST and rejects non-SELECT serialization (916ms)
  ✓   22 [chromium] › tests/integration/imports.spec.ts:193:1 › P2 / AT-010: imported file survives browser process restart and removal of input file (6.2s)
  ✓   26 [chromium] › tests/integration/imports.spec.ts:262:1 › P2 / AT-061 partial: changed byte is rejected as ARTIFACT_CORRUPT before use (418ms)
  ✓   25 [chromium] › tests/integration/p0.spec.ts:73:1 › P0 / AT-030: running SQL ends or worker terminates, fresh query works (3.4s)
  ✓    8 [chromium] › tests/e2e/r.spec.ts:10:1 › P5 AT-040 AT-042 AT-046 AT-048: complete UI transfer, lazy worker survives routes, capture, reset and cancel (32.1s)
[WebServer] 10:38:38 AM [vite] (client) [console.warn] WebR is using `PostMessage` communication channel, nested R REPLs are not available.
  ✓   29 [chromium] › tests/integration/profile-isolation.spec.ts:6:1 › P6 test storage: fresh native OPFS scopes are disjoint across profiles and survive reload (1.1s)
  ✓   27 [chromium] › tests/integration/portal.spec.ts:4:1 › P4 AT-033–037: real v4, concrete issue, public/local join, changed ETag, kept snapshot (2.3s)
browser: [vite] connecting...
browser: [vite] connected.
[WebServer] 10:38:39 AM [vite] (client) [console.warn] WebR is using `PostMessage` communication channel, nested R REPLs are not available.
  ✓   28 [chromium] › tests/integration/p0.spec.ts:102:1 › P0 / AT-046: local webR dataframe, real plot, PostMessage worker reset (2.1s)
  ✓   32 [chromium] › tests/integration/p0.spec.ts:136:1 › P0: real OPFS read/write/delete and IndexedDB transaction (502ms)
browser: WebR is using `PostMessage` communication channel, nested R REPLs are not available.
[WebServer] 10:38:40 AM [vite] (client) [console.warn] WebR is using `PostMessage` communication channel, nested R REPLs are not available.
{"encoded":["NA","NaN","Infinity","-Infinity","-2147483648"],"missing":[true,false,false,false,false],"outputs":[{"type":"stdout","text":"out"},{"type":"warning","text":"warn"},{"type":"message","text":"msg\n"}],"classes":["data.frame"],"nativeMissing":[true,false,false,false,false]}
  ✓   30 [chromium] › tests/integration/r-api.spec.ts:2:1 › P5 native webR vectors, NA/NaN, Date, attributes and captured conditions (1.3s)
  ✓   33 [chromium] › tests/integration/p0.spec.ts:144:1 › P0 / AT-012: Web Lock callback holds writer lease across tabs (685ms)
  ✓   31 [chromium] › tests/integration/portal.spec.ts:115:1 › P4 AT-035–036 AT-039 AT-056: errors, URL security, optional index and no foreign configuration (1.5s)
[WebServer] 10:38:41 AM [vite] (client) [console.warn] WebR is using `PostMessage` communication channel, nested R REPLs are not available.
  ✓   34 [chromium] › tests/integration/r-date-proof.spec.ts:2:1 › P5 runtime gzip files stay opaque and native R Date parser works (1.3s)
  ✓   35 [chromium] › tests/integration/p0.spec.ts:160:1 › P0 / AT-023: guard allows analysis and blocks external/dynamic SQL without execution (1.2s)
[WebServer] 10:38:42 AM [vite] (client) [console.warn] WebR is using `PostMessage` communication channel, nested R REPLs are not available.
[WebServer] 10:38:43 AM [vite] (client) [console.warn] WebR is using `PostMessage` communication channel, nested R REPLs are not available.
[WebServer] 10:38:43 AM [vite] (client) [console.warn] WebR is using `PostMessage` communication channel, nested R REPLs are not available.
  ✓   36 [chromium] › tests/integration/r-faults.spec.ts:3:1 › P5 AT-045 AT-052 AT-062: approvals, unsupported columns, stale edits, write/commit failure, console and plot limits (14.8s)
[WebServer] 10:38:56 AM [vite] (client) [console.warn] WebR is using `PostMessage` communication channel, nested R REPLs are not available.
  ✓   37 [chromium] › tests/integration/r-golden.spec.ts:4:1 › P5 AT-041 AT-048: unchanged Golden SQL → R script → explicit capture → Golden SQL, real plot and reopen (14.9s)
  ✓   38 [chromium] › tests/integration/r-packages.spec.ts:3:1 › P5 pinned local R packages installed and used (15.2s)
  ✓   41 [chromium] › tests/integration/recovery.spec.ts:3:1 › P6 AT-060: native browser decompressor enforces actual expansion with forged ZIP sizes (532ms)
[WebServer] 10:38:58 AM [vite] (client) [console.warn] WebR is using `PostMessage` communication channel, nested R REPLs are not available.
  ✓   42 [chromium] › tests/integration/recovery.spec.ts:30:1 › P6 AT-014 AT-064: failed import leaves recoverable OPFS staging; cleanup preserves another project and foreign files (1.4s)
  ✓   43 [chromium] › tests/integration/recovery.spec.ts:132:1 › P6 AT-012 AT-015 AT-017 AT-061: tab death interrupts real query, saved results remain, missing/corrupt bytes preserve code (6.8s)
  ✓   44 [chromium] › tests/integration/repository.spec.ts:6:1 › AT-007 AT-012: actual IndexedDB CAS, invalid load, transaction rollback (169ms)
  ✓   45 [chromium] › tests/integration/repository.spec.ts:76:1 › P0: persistent browser profile OPFS read/write/delete (448ms)
  ✓   46 [chromium] › tests/integration/sql-lifecycle.spec.ts:2:1 › P3 / AT-031 AT-032: 350-row user Parquet export and a nonresponding cancel API (1.9s)
  ✓   47 [chromium] › tests/integration/sql-lifecycle.spec.ts:149:1 › P3 / AT-030: cancellation after CTAS settling releases unpublished private relation (1.1s)
{"ast":{"error":false,"statements":[{"node":{"type":"SELECT_NODE","modifiers":[],"cte_map":{"map":[]},"select_list":[{"class":"PARAMETER","type":"VALUE_PARAMETER","alias":"a","query_location":18446744073709552000,"identifier":"text"},{"class":"CAST","type":"OPERATOR_CAST","alias":"b","query_location":19,"child":{"class":"PARAMETER","type":"VALUE_PARAMETER","alias":"","query_location":18446744073709552000,"identifier":"exact"},"cast_type":{"id":"BIGINT","type_info":null},"try_cast":false},{"class":"PARAMETER","type":"VALUE_PARAMETER","alias":"c","query_location":18446744073709552000,"identifier":"text"}],"from_table":{"type":"EMPTY","alias":"","sample":null,"query_location":18446744073709552000},"where_clause":null,"group_expressions":[],"group_sets":[],"aggregate_handling":"STANDARD_HANDLING","having":null,"sample":null,"qualify":null},"named_param_map":[{"key":"text","value":1},{"key":"exact","value":2}]}]},"bound":{"code":"SELECT $1 AS a, CAST($2 AS BIGINT) AS b, $1 AS c","values":["x'; SELECT 9; --","9007199254740993"]},"rows":[{"a":"x'; SELECT 9; --","b":"9007199254740993","c":"x'; SELECT 9; --"}]}
  ✓   48 [chromium] › tests/integration/sql.spec.ts:3:1 › P3 installed prepared CTAS and AST parameter mapping (1.1s)
  ✓   39 [chromium] › tests/integration/r-snapshots.spec.ts:3:1 › P5/P6 AT-025 AT-048: native R parameters, selection snapshot, seed and capture of a later object mutation (15.7s)
  ✓   49 [chromium] › tests/integration/sql.spec.ts:58:1 › P3 / AT-022 AT-025 AT-027 AT-028 AT-029: real SQL result limits, bindings, stability and exact display (1.4s)
  ✓   40 [chromium] › tests/integration/r.spec.ts:4:1 › P5 AT-042–045: full typed SQL → R → SQL including NA/NaN, exact decimals, dates, factor and rejected casts (15.6s)
[WebServer] 10:39:13 AM [vite] (client) [console.warn] WebR is using `PostMessage` communication channel, nested R REPLs are not available.
[WebServer] 10:39:14 AM [vite] (client) [console.warn] WebR is using `PostMessage` communication channel, nested R REPLs are not available.
  ✓   51 [chromium] › tests/integration/sql.spec.ts:181:1 › P3 / AT-021 AT-026 AT-032: CSV datasets → frozen Golden SQL → kept result → reopen/export (2.3s)
  ✓   53 [chromium] › tests/integration/sql.spec.ts:280:1 › P3 / AT-030 AT-031: actual worker termination, epoch invalidation, no late success and fresh small query (4.7s)
  ✓   54 [chromium] › tests/integration/sql.spec.ts:338:1 › P3 / AT-023: analytic syntax allowed, indirect external/internal sources rejected before execution (1.1s)
  ✓   55 [chromium] › tests/integration/sql.spec.ts:403:1 › P3 / AT-049 AT-050: chart boundaries and atomic keep failure with real result (1.2s)
(node:29723) Warning: The 'NO_COLOR' env is ignored due to the 'FORCE_COLOR' env being set.
(Use `node --trace-warnings ...` to show where the warning was created)
[WebServer] 10:39:25 AM [vite] (client) [console.warn] WebR is using `PostMessage` communication channel, nested R REPLs are not available.
  ✓   50 [chromium] › tests/integration/transfer-recovery.spec.ts:3:1 › P6 AT-013 AT-050 AT-052: quota blocks persistent R input; workspace change aborts real capture after OPFS write without late publication (15.5s)
(node:29733) Warning: The 'NO_COLOR' env is ignored due to the 'FORCE_COLOR' env being set.
(Use `node --trace-warnings ...` to show where the warning was created)
[WebServer] 10:39:27 AM [vite] (client) [console.warn] WebR is using `PostMessage` communication channel, nested R REPLs are not available.
  ✓   57 [firefox] › tests/e2e/imports.spec.ts:20:1 › P2 / AT-008 AT-010 AT-018: confirmed import, reload, data preview, independent alias and complete Parquet download (6.0s)
[WebServer] 10:39:35 AM [vite] (client) [console.warn] WebR is using `PostMessage` communication channel, nested R REPLs are not available.
  ✓   58 [firefox] › tests/e2e/imports.spec.ts:53:1 › P2 / AT-016: denied OPFS requires explicit temporary mode and never claims local persistence (4.1s)
  ✓   59 [firefox] › tests/e2e/imports.spec.ts:79:1 › P2 / AT-013: real import surfaces OPFS quota failure without publishing partial metadata (6.1s)
  ✓   52 [chromium] › tests/integration/r.spec.ts:91:1 › P5 AT-040 AT-042 AT-047 AT-052: 350 rows, stale plans, five inactive fresh scopes and genuine R worker stop (31.6s)
(node:29796) Warning: The 'NO_COLOR' env is ignored due to the 'FORCE_COLOR' env being set.
(Use `node --trace-warnings ...` to show where the warning was created)
  ✓   56 [firefox] › tests/e2e/archive.spec.ts:6:1 › P6 AT-051 AT-053 AT-063: Golden archive in fresh profile, graph remap, real SQL/PNG, duplicate and independent deletion (25.5s)
  ✓   60 [firefox] › tests/e2e/imports.spec.ts:105:1 › P2 / AT-002 AT-024 partial: one import worker survives routes and closes before another workspace opens (4.7s)
  ✓   61 [firefox] › tests/e2e/multitab.spec.ts:2:1 › P6 AT-065: absent Web Locks permits existing project only as reader, archive export remains possible (4.1s)
  ✓   62 [firefox] › tests/e2e/archive.spec.ts:141:1 › P6 AT-059: recipe inspection/confirmation without engine or empty fake tables (2.8s)
[WebServer] 10:39:53 AM [vite] (client) [console.warn] WebR is using `PostMessage` communication channel, nested R REPLs are not available.
  ✓   65 [firefox] › tests/e2e/sql.spec.ts:18:1 › P3 / AT-022 AT-027 AT-032 AT-049 AT-055 AT-058: SQL, paging, keep, exports, chart, resize and reload (7.3s)
  ✓   63 [firefox] › tests/e2e/portal.spec.ts:3:1 › P4 AT-038 AT-056: explicit deep-link preview, replacement history and no autorun (11.7s)
  ✓   67 [firefox] › tests/e2e/workspaces.spec.ts:9:1 › AT-003: workspace metadata persists across reload without engine startup (2.9s)
[WebServer] 10:40:05 AM [vite] (client) [console.warn] WebR is using `PostMessage` communication channel, nested R REPLs are not available.
  ✓   66 [firefox] › tests/e2e/sql.spec.ts:77:1 › P3 / AT-025 AT-030: parameters, explicit cancel and failed runs never show a previous output (8.7s)
  ✓   68 [firefox] › tests/e2e/workspaces.spec.ts:28:1 › AT-005 AT-058: saved SQL and R, separate models, duplicate, archive, no code auto-run (4.3s)
  ✓   70 [firefox] › tests/e2e/workspaces.spec.ts:90:1 › AT-012: another tab opens read-only and explicitly reacquires after writer closes (3.1s)
  ✓   69 [firefox] › tests/e2e/sql.spec.ts:109:1 › P3 / AT-049: rendered bars and line gaps preserve NULL, PNG contains actual pixels (4.2s)
[WebServer] 10:40:10 AM [vite] (client) [console.warn] WebR is using `PostMessage` communication channel, nested R REPLs are not available.
  ✓   71 [firefox] › tests/e2e/workspaces.spec.ts:109:1 › AT-054 AT-057 partial: compact chrome and implemented settings persist (3.2s)
  ✓   72 [firefox] › tests/integration/archive-portal.spec.ts:3:1 › P6 AT-051: external inclusion is opt-in, immutable public origin and IDs survive offline archive import (5.5s)
[WebServer] 10:40:16 AM [vite] (client) [console.error] checkedId@http://127.0.0.1:4173/src/domain/workspace.ts:4:20
[WebServer] open@http://127.0.0.1:4173/src/application/workspaceService.ts:385:23
[WebServer] loader@http://127.0.0.1:4173/src/app/router.tsx:89:46
[WebServer] loadResource/flight<@http://127.0.0.1:4173/node_modules/.vite/deps/@tanstack_react-router.js?v=c8fc00ce:3174:40
[WebServer] promise callback*loadResource@http://127.0.0.1:4173/node_modules/.vite/deps/@tanstack_react-router.js?v=c8fc00ce:3174:23
[WebServer] createLoaderTask$1@http://127.0.0.1:4173/node_modules/.vite/deps/@tanstack_react-router.js?v=c8fc00ce:3279:47
[WebServer] planSuccessfulLane@http://127.0.0.1:4173/node_modules/.vite/deps/@tanstack_react-router.js?v=c8fc00ce:3549:22
[WebServer] contextualize$1@http://127.0.0.1:4173/node_modules/.vite/deps/@tanstack_react-router.js?v=c8fc00ce:3095:2
[WebServer] executeClientLane@http://127.0.0.1:4173/node_modules/.vite/deps/@tanstack_react-router.js?v=c8fc00ce:3552:25
[WebServer] runClientTransaction@http://127.0.0.1:4173/node_modules/.vite/deps/@tanstack_react-router.js?v=c8fc00ce:3796:23
[WebServer] run@http://127.0.0.1:4173/node_modules/.vite/deps/@tanstack_react-router.js?v=c8fc00ce:3924:40
[WebServer] loadClientRoute@http://127.0.0.1:4173/node_modules/.vite/deps/@tanstack_react-router.js?v=c8fc00ce:3959:11
[WebServer] RouterCore/this.load@http://127.0.0.1:4173/node_modules/.vite/deps/@tanstack_react-router.js?v=c8fc00ce:2450:10
[WebServer] Transitioner/<@http://127.0.0.1:4173/node_modules/.vite/deps/@tanstack_react-router.js?v=c8fc00ce:6852:32
[WebServer] react_stack_bottom_frame@http://127.0.0.1:4173/node_modules/.vite/deps/react-dom_client.js?v=c8fc00ce:12902:13
[WebServer] runWithFiberInDEV@http://127.0.0.1:4173/node_modules/.vite/deps/react-dom_client.js?v=c8fc00ce:851:123
[WebServer] commitHookEffectListMount@http://127.0.0.1:4173/node_modules/.vite/deps/react-dom_client.js?v=c8fc00ce:6617:153
[WebServer] commitHookLayoutEffects@http://127.0.0.1:4173/node_modules/.vite/deps/react-dom_client.js?v=c8fc00ce:6605:55
[WebServer] commitLayoutEffectOnFiber@http://127.0.0.1:4173/node_modules/.vite/deps/react-dom_client.js?v=c8fc00ce:6959:19
[WebServer] recursivelyTraverseLayoutEffects@http://127.0.0.1:4173/node_modules/.vite/deps/react-dom_client.js?v=c8fc00ce:7479:127
[WebServer] commitLayoutEffectOnFiber@http://127.0.0.1:4173/node_modules/.vite/deps/react-dom_client.js?v=c8fc00ce:6958:38
[WebServer] recursivelyTraverseLayoutEffects@http://127.0.0.1:4173/node_modules/.vite/deps/react-dom_client.js?v=c8fc00ce:7479:127
[WebServer] commitLayoutEffectOnFiber@http://127.0.0.1:4173/node_modules/.vite/deps/react-dom_client.js?v=c8fc00ce:7047:46
[WebServer] recursivelyTraverseLayoutEffects@http://127.0.0.1:4173/node_modules/.vite/deps/react-dom_client.js?v=c8fc00ce:7479:127
[WebServer] commitLayoutEffectOnFiber@http://127.0.0.1:4173/node_modules/.vite/deps/react-dom_client.js?v=c8fc00ce:6958:38
[WebServer] recursivelyTraverseLayoutEffects@http://127.0.0.1:4173/node_modules/.vite/deps/react-dom_client.js?v=c8fc00ce:7479:127
[WebServer] commitLayoutEffectOnFiber@http://127.0.0.1:4173/node_modules/.vite/deps/react-dom_client.js?v=c8fc00ce:6958:38
[WebServer] recursivelyTraverseLayoutEffects@http://127.0.0.1:4173/node_modules/.vite/deps/react-dom_client.js?v=c8fc00ce:7479:127
[WebServer] commitLayoutEffectOnFiber@http://127.0.0.1:4173/node_modules/.vite/deps/react-dom_client.js?v=c8fc00ce:6958:38
[WebServer] recursivelyTraverseLayoutEffects@http://127.0.0.1:4173/node_modules/.vite/deps/react-dom_client.js?v=c8fc00ce:7479:127
[WebServer] commitLayoutEffectOnFiber@http://127.0.0.1:4173/node_modules/.vite/deps/react-dom_client.js?v=c8fc00ce:7047:46
[WebServer] recursivelyTraverseLayoutEffects@http://127.0.0.1:4173/node_modules/.vite/deps/react-dom_client.js?v=c8fc00ce:7479:127
[WebServer] commitLayoutEffectOnFiber@http://127.0.0.1:4173/node_modules/.vite/deps/react-dom_client.js?v=c8fc00ce:6975:38
[WebServer] flushLayoutEffects@http://127.0.0.1:4173/node_modules/.vite/deps/react-dom_client.js?v=c8fc00ce:8671:112
[WebServer] commitRoot@http://127.0.0.1:4173/node_modules/.vite/deps/react-dom_client.js?v=c8fc00ce:8584:5
[WebServer] commitRootWhenReady@http://127.0.0.1:4173/node_modules/.vite/deps/react-dom_client.js?v=c8fc00ce:8079:14
[WebServer] performWorkOnRoot@http://127.0.0.1:4173/node_modules/.vite/deps/react-dom_client.js?v=c8fc00ce:8051:27
[WebServer] performWorkOnRootViaSchedulerTask@http://127.0.0.1:4173/node_modules/.vite/deps/react-dom_client.js?v=c8fc00ce:9059:21
[WebServer] performWorkUntilDeadline@http://127.0.0.1:4173/node_modules/.vite/deps/react-dom_client.js?v=c8fc00ce:36:46
[WebServer] EventHandlerNonNull*require_scheduler_development</<@http://127.0.0.1:4173/node_modules/.vite/deps/react-dom_client.js?v=c8fc00ce:141:4
[WebServer] require_scheduler_development<@http://127.0.0.1:4173/node_modules/.vite/deps/react-dom_client.js?v=c8fc00ce:244:4
[WebServer] __commonJSMin/<@http://127.0.0.1:4173/node_modules/.vite/deps/rolldown-runtime-B-1-B7_t.js?v=c8fc00ce:8:49
[WebServer] require_scheduler<@http://127.0.0.1:4173/node_modules/.vite/deps/react-dom_client.js?v=c8fc00ce:249:19
[WebServer] __commonJSMin/<@http://127.0.0.1:4173/node_modules/.vite/deps/rolldown-runtime-B-1-B7_t.js?v=c8fc00ce:8:49
[WebServer] require_react_dom_client_development</<@http://127.0.0.1:4173/node_modules/.vite/deps/react-dom_client.js?v=c8fc00ce:11672:19
[WebServer] require_react_dom_client_development<@http://127.0.0.1:4173/node_modules/.vite/deps/react-dom_client.js?v=c8fc00ce:14373:4
[WebServer] __commonJSMin/<@http://127.0.0.1:4173/node_modules/.vite/deps/rolldown-runtime-B-1-B7_t.js?v=c8fc00ce:8:49
[WebServer] require_client<@http://127.0.0.1:4173/node_modules/.vite/deps/react-dom_client.js?v=c8fc00ce:14378:19
[WebServer] __commonJSMin/<@http://127.0.0.1:4173/node_modules/.vite/deps/rolldown-runtime-B-1-B7_t.js?v=c8fc00ce:8:49
[WebServer] @http://127.0.0.1:4173/node_modules/.vite/deps/react-dom_client.js?v=c8fc00ce:14381:16
[WebServer] 
[WebServer] 
[WebServer] The above error occurred in the <MatchInnerImpl> component.
[WebServer] 
[WebServer] React will try to recreate this component tree from scratch using the error boundary you provided, CatchBoundary.
[WebServer] 
[WebServer] 10:40:16 AM [vite] (client) [console.warn] Warning: Error in route match: __root__/
  ✓   73 [firefox] › tests/e2e/workspaces.spec.ts:142:1 › AT-058 / REQ-060: invalid workspace/analysis route is controlled (3.4s)
  ✓   75 [firefox] › tests/integration/p0.spec.ts:6:1 › P0 / AT-001 AT-002: one connector, Arrow, CSV → Parquet and stable materialization (2.9s)
  ✓   74 [firefox] › tests/integration/imports.spec.ts:7:1 › P2 / AT-008 AT-010: strict CSV → hashed OPFS → fresh DuckDB retains values, NULL and empty strings (4.1s)
  ✓   76 [firefox] › tests/integration/p0.spec.ts:33:1 › P0: DuckDB parser returns SELECT AST and rejects non-SELECT serialization (2.7s)
  ✓   77 [firefox] › tests/integration/imports.spec.ts:63:1 › P2 / AT-009 AT-020: late conversion error, header-only CSV and invalid bytes (3.1s)
  ✓   64 [firefox] › tests/e2e/r.spec.ts:10:1 › P5 AT-040 AT-042 AT-046 AT-048: complete UI transfer, lazy worker survives routes, capture, reset and cancel (37.9s)
  ✓   79 [firefox] › tests/integration/imports.spec.ts:123:1 › P2 / AT-014 AT-017: reload finds true orphans, writer cleanup preserves referenced and foreign bytes (3.8s)
  ✓   78 [firefox] › tests/integration/p0.spec.ts:73:1 › P0 / AT-030: running SQL ends or worker terminates, fresh query works (5.7s)
[WebServer] 10:40:30 AM [vite] (client) [console.warn] WebR is using `PostMessage` communication channel, nested R REPLs are not available.
  ✓   80 [firefox] › tests/integration/portal.spec.ts:4:1 › P4 AT-033–037: real v4, concrete issue, public/local join, changed ETag, kept snapshot (4.4s)
[WebServer] 10:40:30 AM [vite] (client) [console.warn] WebR is using `PostMessage` communication channel, nested R REPLs are not available.
  ✓   82 [firefox] › tests/integration/p0.spec.ts:102:1 › P0 / AT-046: local webR dataframe, real plot, PostMessage worker reset (3.3s)
  ✓   84 [firefox] › tests/integration/p0.spec.ts:136:1 › P0: real OPFS read/write/delete and IndexedDB transaction (2.0s)
  ✓   83 [firefox] › tests/integration/portal.spec.ts:115:1 › P4 AT-035–036 AT-039 AT-056: errors, URL security, optional index and no foreign configuration (3.1s)
  ✓   85 [firefox] › tests/integration/p0.spec.ts:144:1 › P0 / AT-012: Web Lock callback holds writer lease across tabs (2.1s)
  ✓   81 [firefox] › tests/integration/imports.spec.ts:193:1 › P2 / AT-010: imported file survives browser process restart and removal of input file (11.0s)
  ✓   86 [firefox] › tests/integration/profile-isolation.spec.ts:6:1 › P6 test storage: fresh native OPFS scopes are disjoint across profiles and survive reload (4.5s)
  ✓   87 [firefox] › tests/integration/p0.spec.ts:160:1 › P0 / AT-023: guard allows analysis and blocks external/dynamic SQL without execution (3.0s)
  ✓   88 [firefox] › tests/integration/imports.spec.ts:262:1 › P2 / AT-061 partial: changed byte is rejected as ARTIFACT_CORRUPT before use (2.0s)
browser: [vite] connecting...
browser: [vite] connected.
browser: [JavaScript Warning: "The WebAssembly exception handling 'try' instruction is deprecated and should no longer be used. Please recompile to use the 'try_table' instruction instead."]
browser: WebR is using `PostMessage` communication channel, nested R REPLs are not available.
[WebServer] 10:40:40 AM [vite] (client) [console.warn] WebR is using `PostMessage` communication channel, nested R REPLs are not available.
{"encoded":["NA","NaN","Infinity","-Infinity","-2147483648"],"missing":[true,false,false,false,false],"outputs":[{"type":"stdout","text":"out"},{"type":"warning","text":"warn"},{"type":"message","text":"msg\n"}],"classes":["data.frame"],"nativeMissing":[false,false,false,false,false]}
[WebServer] 10:40:40 AM [vite] (client) [console.warn] WebR is using `PostMessage` communication channel, nested R REPLs are not available.
  ✓   89 [firefox] › tests/integration/r-api.spec.ts:2:1 › P5 native webR vectors, NA/NaN, Date, attributes and captured conditions (2.7s)
  ✓   90 [firefox] › tests/integration/r-date-proof.spec.ts:2:1 › P5 runtime gzip files stay opaque and native R Date parser works (3.0s)
[WebServer] 10:40:43 AM [vite] (client) [console.warn] WebR is using `PostMessage` communication channel, nested R REPLs are not available.
[WebServer] 10:40:43 AM [vite] (client) [console.warn] WebR is using `PostMessage` communication channel, nested R REPLs are not available.
[WebServer] 10:40:44 AM [vite] (client) [console.warn] WebR is using `PostMessage` communication channel, nested R REPLs are not available.
  ✓   91 [firefox] › tests/integration/r-faults.spec.ts:3:1 › P5 AT-045 AT-052 AT-062: approvals, unsupported columns, stale edits, write/commit failure, console and plot limits (16.3s)
  ✓   93 [firefox] › tests/integration/r-packages.spec.ts:3:1 › P5 pinned local R packages installed and used (16.2s)
  ✓   92 [firefox] › tests/integration/r-golden.spec.ts:4:1 › P5 AT-041 AT-048: unchanged Golden SQL → R script → explicit capture → Golden SQL, real plot and reopen (16.7s)
[WebServer] 10:40:57 AM [vite] (client) [console.warn] WebR is using `PostMessage` communication channel, nested R REPLs are not available.
  ✓   96 [firefox] › tests/integration/recovery.spec.ts:3:1 › P6 AT-060: native browser decompressor enforces actual expansion with forged ZIP sizes (2.0s)
[WebServer] 10:41:00 AM [vite] (client) [console.warn] WebR is using `PostMessage` communication channel, nested R REPLs are not available.
  ✓   97 [firefox] › tests/integration/recovery.spec.ts:30:1 › P6 AT-014 AT-064: failed import leaves recoverable OPFS staging; cleanup preserves another project and foreign files (2.8s)
  ✓   98 [firefox] › tests/integration/recovery.spec.ts:132:1 › P6 AT-012 AT-015 AT-017 AT-061: tab death interrupts real query, saved results remain, missing/corrupt bytes preserve code (6.9s)
  ✓   99 [firefox] › tests/integration/repository.spec.ts:6:1 › AT-007 AT-012: actual IndexedDB CAS, invalid load, transaction rollback (781ms)
  ✓  100 [firefox] › tests/integration/repository.spec.ts:76:1 › P0: persistent browser profile OPFS read/write/delete (1.8s)
  ✓   94 [firefox] › tests/integration/r-snapshots.spec.ts:3:1 › P5/P6 AT-025 AT-048: native R parameters, selection snapshot, seed and capture of a later object mutation (17.2s)
  ✓   95 [firefox] › tests/integration/r.spec.ts:4:1 › P5 AT-042–045: full typed SQL → R → SQL including NA/NaN, exact decimals, dates, factor and rejected casts (17.9s)
{"ast":{"error":false,"statements":[{"node":{"type":"SELECT_NODE","modifiers":[],"cte_map":{"map":[]},"select_list":[{"class":"PARAMETER","type":"VALUE_PARAMETER","alias":"a","query_location":18446744073709552000,"identifier":"text"},{"class":"CAST","type":"OPERATOR_CAST","alias":"b","query_location":19,"child":{"class":"PARAMETER","type":"VALUE_PARAMETER","alias":"","query_location":18446744073709552000,"identifier":"exact"},"cast_type":{"id":"BIGINT","type_info":null},"try_cast":false},{"class":"PARAMETER","type":"VALUE_PARAMETER","alias":"c","query_location":18446744073709552000,"identifier":"text"}],"from_table":{"type":"EMPTY","alias":"","sample":null,"query_location":18446744073709552000},"where_clause":null,"group_expressions":[],"group_sets":[],"aggregate_handling":"STANDARD_HANDLING","having":null,"sample":null,"qualify":null},"named_param_map":[{"key":"text","value":1},{"key":"exact","value":2}]}]},"bound":{"code":"SELECT $1 AS a, CAST($2 AS BIGINT) AS b, $1 AS c","values":["x'; SELECT 9; --","9007199254740993"]},"rows":[{"a":"x'; SELECT 9; --","b":"9007199254740993","c":"x'; SELECT 9; --"}]}
  ✓  102 [firefox] › tests/integration/sql.spec.ts:3:1 › P3 installed prepared CTAS and AST parameter mapping (3.1s)
  ✓  101 [firefox] › tests/integration/sql-lifecycle.spec.ts:2:1 › P3 / AT-031 AT-032: 350-row user Parquet export and a nonresponding cancel API (4.6s)
[WebServer] 10:41:18 AM [vite] (client) [console.warn] WebR is using `PostMessage` communication channel, nested R REPLs are not available.
  ✓  104 [firefox] › tests/integration/sql.spec.ts:58:1 › P3 / AT-022 AT-025 AT-027 AT-028 AT-029: real SQL result limits, bindings, stability and exact display (3.3s)
  ✓  105 [firefox] › tests/integration/sql-lifecycle.spec.ts:149:1 › P3 / AT-030: cancellation after CTAS settling releases unpublished private relation (3.0s)
[WebServer] 10:41:23 AM [vite] (client) [console.warn] WebR is using `PostMessage` communication channel, nested R REPLs are not available.
  ✓  106 [firefox] › tests/integration/sql.spec.ts:181:1 › P3 / AT-021 AT-026 AT-032: CSV datasets → frozen Golden SQL → kept result → reopen/export (4.1s)
  ✓  108 [firefox] › tests/integration/sql.spec.ts:280:1 › P3 / AT-030 AT-031: actual worker termination, epoch invalidation, no late success and fresh small query (6.7s)
[WebServer] 10:41:32 AM [vite] (client) [console.warn] WebR is using `PostMessage` communication channel, nested R REPLs are not available.
  ✓  109 [firefox] › tests/integration/sql.spec.ts:338:1 › P3 / AT-023: analytic syntax allowed, indirect external/internal sources rejected before execution (2.6s)
  ✓  110 [firefox] › tests/integration/sql.spec.ts:403:1 › P3 / AT-049 AT-050: chart boundaries and atomic keep failure with real result (2.8s)
(node:30349) Warning: The 'NO_COLOR' env is ignored due to the 'FORCE_COLOR' env being set.
(Use `node --trace-warnings ...` to show where the warning was created)
  ✓  107 [firefox] › tests/integration/transfer-recovery.spec.ts:3:1 › P6 AT-013 AT-050 AT-052: quota blocks persistent R input; workspace change aborts real capture after OPFS write without late publication (17.7s)
(node:30363) Warning: The 'NO_COLOR' env is ignored due to the 'FORCE_COLOR' env being set.
(Use `node --trace-warnings ...` to show where the warning was created)
[WebServer] 10:41:39 AM [vite] (client) [console.warn] WebR is using `PostMessage` communication channel, nested R REPLs are not available.
  ✓  112 [webkit] › tests/e2e/imports.spec.ts:20:1 › P2 / AT-008 AT-010 AT-018: confirmed import, reload, data preview, independent alias and complete Parquet download (5.3s)
  ✓  113 [webkit] › tests/e2e/imports.spec.ts:53:1 › P2 / AT-016: denied OPFS requires explicit temporary mode and never claims local persistence (3.0s)
[WebServer] 10:41:49 AM [vite] (client) [console.warn] WebR is using `PostMessage` communication channel, nested R REPLs are not available.
  ✓  114 [webkit] › tests/e2e/imports.spec.ts:79:1 › P2 / AT-013: real import surfaces OPFS quota failure without publishing partial metadata (5.0s)
  ✓  115 [webkit] › tests/e2e/imports.spec.ts:105:1 › P2 / AT-002 AT-024 partial: one import worker survives routes and closes before another workspace opens (4.0s)
  ✓  116 [webkit] › tests/e2e/multitab.spec.ts:2:1 › P6 AT-065: absent Web Locks permits existing project only as reader, archive export remains possible (3.1s)
  ✓  111 [webkit] › tests/e2e/archive.spec.ts:6:1 › P6 AT-051 AT-053 AT-063: Golden archive in fresh profile, graph remap, real SQL/PNG, duplicate and independent deletion (24.8s)
  ✓  118 [webkit] › tests/e2e/archive.spec.ts:141:1 › P6 AT-059: recipe inspection/confirmation without engine or empty fake tables (1.8s)
[WebServer] 10:42:06 AM [vite] (client) [console.warn] WebR is using `PostMessage` communication channel, nested R REPLs are not available.
  ✓  103 [firefox] › tests/integration/r.spec.ts:91:1 › P5 AT-040 AT-042 AT-047 AT-052: 350 rows, stale plans, five inactive fresh scopes and genuine R worker stop (53.4s)
(node:30485) Warning: The 'NO_COLOR' env is ignored due to the 'FORCE_COLOR' env being set.
(Use `node --trace-warnings ...` to show where the warning was created)
  ✓  117 [webkit] › tests/e2e/portal.spec.ts:3:1 › P4 AT-038 AT-056: explicit deep-link preview, replacement history and no autorun (11.2s)
  ✓  121 [webkit] › tests/e2e/workspaces.spec.ts:9:1 › AT-003: workspace metadata persists across reload without engine startup (2.2s)
[WebServer] 10:42:14 AM [vite] (client) [console.warn] WebR is using `PostMessage` communication channel, nested R REPLs are not available.
  ✓  122 [webkit] › tests/e2e/workspaces.spec.ts:28:1 › AT-005 AT-058: saved SQL and R, separate models, duplicate, archive, no code auto-run (3.7s)
  ✓  120 [webkit] › tests/e2e/sql.spec.ts:18:1 › P3 / AT-022 AT-027 AT-032 AT-049 AT-055 AT-058: SQL, paging, keep, exports, chart, resize and reload (6.8s)
  ✓  123 [webkit] › tests/e2e/workspaces.spec.ts:90:1 › AT-012: another tab opens read-only and explicitly reacquires after writer closes (2.6s)
  ✓  125 [webkit] › tests/e2e/workspaces.spec.ts:109:1 › AT-054 AT-057 partial: compact chrome and implemented settings persist (2.2s)
[WebServer] 10:42:22 AM [vite] (client) [console.error] ZodError: [
[WebServer]   {
[WebServer]     "origin": "string",
[WebServer]     "code": "invalid_format",
[WebServer]     "format": "uuid",
[WebServer]     "pattern": "/^([0-9a-fA-F]{8}-[0-9a-fA-F]{4}-[1-8][0-9a-fA-F]{3}-[89abAB][0-9a-fA-F]{3}-[0-9a-fA-F]{12}|00000000-0000-0000-0000-000000000000|ffffffff-ffff-ffff-ffff-ffffffffffff)$/",
[WebServer]     "path": [],
[WebServer]     "message": "Invalid UUID"
[WebServer]   }
[WebServer] ]
[WebServer] 
[WebServer] The above error occurred in the <MatchInnerImpl> component.
[WebServer] 
[WebServer] React will try to recreate this component tree from scratch using the error boundary you provided, CatchBoundary.
[WebServer] 
[WebServer] 10:42:22 AM [vite] (client) [console.warn] Warning: Error in route match: __root__/
  ✓  126 [webkit] › tests/e2e/workspaces.spec.ts:142:1 › AT-058 / REQ-060: invalid workspace/analysis route is controlled (2.4s)
  ✓  124 [webkit] › tests/e2e/sql.spec.ts:77:1 › P3 / AT-025 AT-030: parameters, explicit cancel and failed runs never show a previous output (8.5s)
[WebServer] 10:42:25 AM [vite] (client) [console.warn] WebR is using `PostMessage` communication channel, nested R REPLs are not available.
  ✓  128 [webkit] › tests/e2e/sql.spec.ts:109:1 › P3 / AT-049: rendered bars and line gaps preserve NULL, PNG contains actual pixels (4.0s)
  ✓  127 [webkit] › tests/integration/archive-portal.spec.ts:3:1 › P6 AT-051: external inclusion is opt-in, immutable public origin and IDs survive offline archive import (5.6s)
  ✓  130 [webkit] › tests/integration/p0.spec.ts:6:1 › P0 / AT-001 AT-002: one connector, Arrow, CSV → Parquet and stable materialization (2.3s)
  ✓  129 [webkit] › tests/integration/imports.spec.ts:7:1 › P2 / AT-008 AT-010: strict CSV → hashed OPFS → fresh DuckDB retains values, NULL and empty strings (3.9s)
  ✓  131 [webkit] › tests/integration/p0.spec.ts:33:1 › P0: DuckDB parser returns SELECT AST and rejects non-SELECT serialization (2.0s)
  ✓  132 [webkit] › tests/integration/imports.spec.ts:63:1 › P2 / AT-009 AT-020: late conversion error, header-only CSV and invalid bytes (2.6s)
  ✓  134 [webkit] › tests/integration/imports.spec.ts:123:1 › P2 / AT-014 AT-017: reload finds true orphans, writer cleanup preserves referenced and foreign bytes (3.1s)
  ✓  133 [webkit] › tests/integration/p0.spec.ts:73:1 › P0 / AT-030: running SQL ends or worker terminates, fresh query works (5.2s)
[WebServer] 10:42:39 AM [vite] (client) [console.warn] WebR is using `PostMessage` communication channel, nested R REPLs are not available.
[WebServer] 10:42:40 AM [vite] (client) [console.warn] WebR is using `PostMessage` communication channel, nested R REPLs are not available.
  ✓  136 [webkit] › tests/integration/p0.spec.ts:102:1 › P0 / AT-046: local webR dataframe, real plot, PostMessage worker reset (2.3s)
[WebServer] 10:42:41 AM [vite] (client) [console.warn] Dexie.delete('probe-probe-abc142e9-ffe3-4ffb-869e-246979b4f853') was blocked
  ✓  137 [webkit] › tests/integration/p0.spec.ts:136:1 › P0: real OPFS read/write/delete and IndexedDB transaction (1.1s)
  ✓  119 [webkit] › tests/e2e/r.spec.ts:10:1 › P5 AT-040 AT-042 AT-046 AT-048: complete UI transfer, lazy worker survives routes, capture, reset and cancel (40.1s)
  ✓  138 [webkit] › tests/integration/p0.spec.ts:144:1 › P0 / AT-012: Web Lock callback holds writer lease across tabs (1.4s)
  ✓  140 [webkit] › tests/integration/p0.spec.ts:160:1 › P0 / AT-023: guard allows analysis and blocks external/dynamic SQL without execution (2.3s)
  ✓  139 [webkit] › tests/integration/portal.spec.ts:4:1 › P4 AT-033–037: real v4, concrete issue, public/local join, changed ETag, kept snapshot (4.8s)
  ✓  141 [webkit] › tests/integration/profile-isolation.spec.ts:6:1 › P6 test storage: fresh native OPFS scopes are disjoint across profiles and survive reload (2.5s)
browser: [vite] connecting...
browser: [vite] connected.
browser: WebR is using `PostMessage` communication channel, nested R REPLs are not available.
[WebServer] 10:42:49 AM [vite] (client) [console.warn] WebR is using `PostMessage` communication channel, nested R REPLs are not available.
{"encoded":["NA","NaN","Infinity","-Infinity","-2147483648"],"missing":[true,false,false,false,false],"outputs":[{"type":"stdout","text":"out"},{"type":"warning","text":"warn"},{"type":"message","text":"msg\n"}],"classes":["data.frame"],"nativeMissing":[false,false,false,false,false]}
  ✓  143 [webkit] › tests/integration/r-api.spec.ts:2:1 › P5 native webR vectors, NA/NaN, Date, attributes and captured conditions (1.7s)
  ✓  135 [webkit] › tests/integration/imports.spec.ts:193:1 › P2 / AT-010: imported file survives browser process restart and removal of input file (11.7s)
  ✓  142 [webkit] › tests/integration/portal.spec.ts:115:1 › P4 AT-035–036 AT-039 AT-056: errors, URL security, optional index and no foreign configuration (2.7s)
  ✓  145 [webkit] › tests/integration/imports.spec.ts:262:1 › P2 / AT-061 partial: changed byte is rejected as ARTIFACT_CORRUPT before use (1.2s)
[WebServer] 10:42:51 AM [vite] (client) [console.warn] WebR is using `PostMessage` communication channel, nested R REPLs are not available.
  ✓  144 [webkit] › tests/integration/r-date-proof.spec.ts:2:1 › P5 runtime gzip files stay opaque and native R Date parser works (2.0s)
[WebServer] 10:42:53 AM [vite] (client) [console.warn] WebR is using `PostMessage` communication channel, nested R REPLs are not available.
[WebServer] 10:42:53 AM [vite] (client) [console.warn] WebR is using `PostMessage` communication channel, nested R REPLs are not available.
[WebServer] 10:42:54 AM [vite] (client) [console.warn] WebR is using `PostMessage` communication channel, nested R REPLs are not available.
  ✓  146 [webkit] › tests/integration/r-faults.spec.ts:3:1 › P5 AT-045 AT-052 AT-062: approvals, unsupported columns, stale edits, write/commit failure, console and plot limits (17.0s)
[WebServer] 10:43:08 AM [vite] (client) [console.warn] WebR is using `PostMessage` communication channel, nested R REPLs are not available.
  ✓  148 [webkit] › tests/integration/r-packages.spec.ts:3:1 › P5 pinned local R packages installed and used (17.1s)
  ✓  147 [webkit] › tests/integration/r-golden.spec.ts:4:1 › P5 AT-041 AT-048: unchanged Golden SQL → R script → explicit capture → Golden SQL, real plot and reopen (18.5s)
  ✓  151 [webkit] › tests/integration/recovery.spec.ts:3:1 › P6 AT-060: native browser decompressor enforces actual expansion with forged ZIP sizes (1.1s)
[WebServer] 10:43:11 AM [vite] (client) [console.warn] WebR is using `PostMessage` communication channel, nested R REPLs are not available.
  ✓  152 [webkit] › tests/integration/recovery.spec.ts:30:1 › P6 AT-014 AT-064: failed import leaves recoverable OPFS staging; cleanup preserves another project and foreign files (2.5s)
  ✓  153 [webkit] › tests/integration/recovery.spec.ts:132:1 › P6 AT-012 AT-015 AT-017 AT-061: tab death interrupts real query, saved results remain, missing/corrupt bytes preserve code (6.4s)
[WebServer] 10:43:20 AM [vite] (client) [console.warn] Dexie.delete('test-bab214a4-c429-4be9-a227-9f597f15d30b') was blocked
  ✓  154 [webkit] › tests/integration/repository.spec.ts:6:1 › AT-007 AT-012: actual IndexedDB CAS, invalid load, transaction rollback (371ms)
[WebServer] 10:43:20 AM [vite] (client) [console.warn] Dexie.delete('probe-probe-ce51a815-4874-4dd8-98b6-bd638f77a1f0') was blocked
  ✓  155 [webkit] › tests/integration/repository.spec.ts:76:1 › P0: persistent browser profile OPFS read/write/delete (1.1s)
  ✓  156 [webkit] › tests/integration/sql-lifecycle.spec.ts:2:1 › P3 / AT-031 AT-032: 350-row user Parquet export and a nonresponding cancel API (4.0s)
  ✓  149 [webkit] › tests/integration/r-snapshots.spec.ts:3:1 › P5/P6 AT-025 AT-048: native R parameters, selection snapshot, seed and capture of a later object mutation (18.0s)
{"ast":{"error":false,"statements":[{"node":{"type":"SELECT_NODE","modifiers":[],"cte_map":{"map":[]},"select_list":[{"class":"PARAMETER","type":"VALUE_PARAMETER","alias":"a","query_location":18446744073709552000,"identifier":"text"},{"class":"CAST","type":"OPERATOR_CAST","alias":"b","query_location":19,"child":{"class":"PARAMETER","type":"VALUE_PARAMETER","alias":"","query_location":18446744073709552000,"identifier":"exact"},"cast_type":{"id":"BIGINT","type_info":null},"try_cast":false},{"class":"PARAMETER","type":"VALUE_PARAMETER","alias":"c","query_location":18446744073709552000,"identifier":"text"}],"from_table":{"type":"EMPTY","alias":"","sample":null,"query_location":18446744073709552000},"where_clause":null,"group_expressions":[],"group_sets":[],"aggregate_handling":"STANDARD_HANDLING","having":null,"sample":null,"qualify":null},"named_param_map":[{"key":"text","value":1},{"key":"exact","value":2}]}]},"bound":{"code":"SELECT $1 AS a, CAST($2 AS BIGINT) AS b, $1 AS c","values":["x'; SELECT 9; --","9007199254740993"]},"rows":[{"a":"x'; SELECT 9; --","b":"9007199254740993","c":"x'; SELECT 9; --"}]}
  ✓  157 [webkit] › tests/integration/sql-lifecycle.spec.ts:149:1 › P3 / AT-030: cancellation after CTAS settling releases unpublished private relation (2.5s)
  ✓  158 [webkit] › tests/integration/sql.spec.ts:3:1 › P3 installed prepared CTAS and AST parameter mapping (2.5s)
  ✓  150 [webkit] › tests/integration/r.spec.ts:4:1 › P5 AT-042–045: full typed SQL → R → SQL including NA/NaN, exact decimals, dates, factor and rejected casts (19.3s)
[WebServer] 10:43:30 AM [vite] (client) [console.warn] WebR is using `PostMessage` communication channel, nested R REPLs are not available.
  ✓  160 [webkit] › tests/integration/sql.spec.ts:58:1 › P3 / AT-022 AT-025 AT-027 AT-028 AT-029: real SQL result limits, bindings, stability and exact display (3.2s)
[WebServer] 10:43:31 AM [vite] (client) [console.warn] WebR is using `PostMessage` communication channel, nested R REPLs are not available.
  ✓  162 [webkit] › tests/integration/sql.spec.ts:181:1 › P3 / AT-021 AT-026 AT-032: CSV datasets → frozen Golden SQL → kept result → reopen/export (3.8s)
  ✓  163 [webkit] › tests/integration/sql.spec.ts:280:1 › P3 / AT-030 AT-031: actual worker termination, epoch invalidation, no late success and fresh small query (6.5s)
  ✓  164 [webkit] › tests/integration/sql.spec.ts:338:1 › P3 / AT-023: analytic syntax allowed, indirect external/internal sources rejected before execution (1.9s)
  ✓  165 [webkit] › tests/integration/sql.spec.ts:403:1 › P3 / AT-049 AT-050: chart boundaries and atomic keep failure with real result (2.4s)
[WebServer] 10:43:46 AM [vite] (client) [console.warn] WebR is using `PostMessage` communication channel, nested R REPLs are not available.
  ✓  159 [webkit] › tests/integration/transfer-recovery.spec.ts:3:1 › P6 AT-013 AT-050 AT-052: quota blocks persistent R input; workspace change aborts real capture after OPFS write without late publication (19.5s)
[WebServer] 10:43:58 AM [vite] (client) [console.warn] WebR is using `PostMessage` communication channel, nested R REPLs are not available.
  ✓  161 [webkit] › tests/integration/r.spec.ts:91:1 › P5 AT-040 AT-042 AT-047 AT-052: 350 rows, stale plans, five inactive fresh scopes and genuine R worker stop (40.4s)

  165 passed (6.3m)
