#0 building with "desktop-linux" instance using docker driver

#1 [internal] load build definition from Dockerfile
#1 transferring dockerfile: 977B done
#1 DONE 0.0s

#2 [internal] load metadata for docker.io/library/caddy:2.11.4-alpine@sha256:5f5c8640aae01df9654968d946d8f1a56c497f1dd5c5cda4cf95ab7c14d58648
#2 DONE 0.0s

#3 [internal] load metadata for docker.io/library/node:22.23.1-bookworm-slim@sha256:6c74791e557ce11fc957704f6d4fe134a7bc8d6f5ca4403205b2966bd488f6b3
#3 DONE 0.0s

#4 [internal] load .dockerignore
#4 transferring context: 176B done
#4 DONE 0.0s

#5 [runtime 1/4] FROM docker.io/library/caddy:2.11.4-alpine@sha256:5f5c8640aae01df9654968d946d8f1a56c497f1dd5c5cda4cf95ab7c14d58648
#5 resolve docker.io/library/caddy:2.11.4-alpine@sha256:5f5c8640aae01df9654968d946d8f1a56c497f1dd5c5cda4cf95ab7c14d58648 0.0s done
#5 DONE 0.0s

#6 [build 1/8] FROM docker.io/library/node:22.23.1-bookworm-slim@sha256:6c74791e557ce11fc957704f6d4fe134a7bc8d6f5ca4403205b2966bd488f6b3
#6 resolve docker.io/library/node:22.23.1-bookworm-slim@sha256:6c74791e557ce11fc957704f6d4fe134a7bc8d6f5ca4403205b2966bd488f6b3 0.0s done
#6 DONE 0.0s

#7 [internal] load build context
#7 transferring context: 23.90kB 0.0s done
#7 DONE 0.0s

#8 [build 4/8] COPY package.json package-lock.json .npmrc ./
#8 CACHED

#9 [build 2/8] WORKDIR /build
#9 CACHED

#10 [build 3/8] RUN npm install --global npm@11.18.0
#10 CACHED

#11 [build 5/8] COPY scripts/patch-sqlrooms.mjs scripts/patch-sqlrooms.mjs
#11 CACHED

#12 [build 6/8] RUN npm ci
#12 CACHED

#13 [build 7/8] COPY . .
#13 DONE 0.0s

#14 [build 8/8] RUN npm run build && WEBR_CHANNEL=post-message BUILD_ID=p7-clean-image node scripts/deployment.mjs
#14 0.201 
#14 0.201 > datenwerkstatt@0.1.0 build
#14 0.201 > npm run assets:prepare && vite build && node scripts/license-inventory.mjs
#14 0.201 
#14 0.273 
#14 0.273 > datenwerkstatt@0.1.0 assets:prepare
#14 0.273 > node scripts/prepare-assets.mjs
#14 0.273 
#14 1.359 Local webR 0.6.0 and 4 DuckDB extensions prepared.
#14 3.157 Mirrored 40 WebR packages to public/vendor/webr-packages/bin/emscripten/contrib/4.6.
#14 3.208 Pinned local R package mirror verified.
#14 3.394 vite v8.1.2 building client environment for production...
#14 3.410 [2Ktransforming...✓ 1407 modules transformed.
#14 4.138 rendering chunks...
#14 4.812 computing gzip size...
#14 4.919 dist/index.html                                0.36 kB │ gzip:   0.26 kB
#14 4.919 dist/.vite/manifest.json                       1.36 kB │ gzip:   0.40 kB
#14 4.919 dist/assets/kanton-solothurn-DOpJ_x8i.svg      4.52 kB │ gzip:   1.75 kB
#14 4.919 dist/assets/codicon-ngg6Pgfi.ttf             121.97 kB
#14 4.919 dist/licenses/npm-bundle.json                161.40 kB │ gzip:  25.79 kB
#14 4.919 dist/assets/editor.worker-Cn2oRESe.js        279.94 kB
#14 4.919 dist/assets/index-DgF0yz54.css                 9.38 kB │ gzip:   2.64 kB
#14 4.919 dist/assets/CodeEditorImpl-B3IiO00J.css      145.99 kB │ gzip:  22.62 kB
#14 4.919 dist/assets/sql-NEE52Syq.js                    8.84 kB │ gzip:   3.73 kB
#14 4.919 dist/assets/index-DZcr9B4G.js                913.67 kB │ gzip: 268.48 kB
#14 4.919 dist/assets/CodeEditorImpl-BUeatatq.js     3,629.58 kB │ gzip: 925.10 kB
#14 4.919 
#14 4.920 [plugin builtin:vite-reporter] 
#14 4.920 (!) Some chunks are larger than 500 kB after minification. Consider:
#14 4.920 - Using dynamic import() to code-split the application
#14 4.920 - Use build.rolldownOptions.output.codeSplitting to improve chunking: https://rolldown.rs/reference/OutputOptions.codeSplitting
#14 4.920 - Adjust chunk size limit for this warning via build.chunkSizeWarningLimit.
#14 4.920 ✓ built in 1.52s
#14 ...

#5 [runtime 1/4] FROM docker.io/library/caddy:2.11.4-alpine@sha256:5f5c8640aae01df9654968d946d8f1a56c497f1dd5c5cda4cf95ab7c14d58648
#5 CACHED

#14 [build 8/8] RUN npm run build && WEBR_CHANNEL=post-message BUILD_ID=p7-clean-image node scripts/deployment.mjs
#14 8.356 License inventory: 400 npm entries, 40 pinned R packages; original notices copied.
#14 DONE 8.4s

#15 [runtime 2/4] COPY --from=build /build/dist /srv
#15 DONE 0.4s

#16 [runtime 3/4] COPY --from=build /build/deploy/generated/Caddyfile /etc/caddy/Caddyfile
#16 DONE 0.0s

#17 [runtime 4/4] RUN setcap -r /usr/bin/caddy
#17 DONE 0.1s

#18 exporting to image
#18 exporting layers
#18 exporting layers 6.1s done
#18 exporting manifest sha256:550e2ef0683bb70b26b1e29b70248af0c7296b7b5fe2b959b9a3b340a2e36386 0.0s done
#18 exporting config sha256:ab39ac2bda86641e3885dbe4e7656ffb55948b2beef94a5dc04a9280ac5fb6a2 done
#18 exporting attestation manifest sha256:9b3ebe1bd80aa463865638e889d7c837c83469ef8caed077f36f0e2fda456bff done
#18 exporting manifest list sha256:27d3c64d5f77cfb997be2295925161f0fc206ae0ba5a1736193d6ca64c3aa4ef done
#18 naming to docker.io/library/datenwerkstatt:p7-clean done
#18 unpacking to docker.io/library/datenwerkstatt:p7-clean
#18 unpacking to docker.io/library/datenwerkstatt:p7-clean 1.8s done
#18 DONE 8.0s
