#0 building with "desktop-linux" instance using docker driver

#1 [internal] load build definition from Dockerfile
#1 transferring dockerfile: 977B done
#1 DONE 0.0s

#2 [internal] load metadata for docker.io/library/caddy:2.11.4-alpine@sha256:5f5c8640aae01df9654968d946d8f1a56c497f1dd5c5cda4cf95ab7c14d58648
#2 DONE 0.0s

#3 [internal] load metadata for docker.io/library/node:22.23.1-bookworm-slim@sha256:6c74791e557ce11fc957704f6d4fe134a7bc8d6f5ca4403205b2966bd488f6b3
#3 DONE 0.8s

#4 [internal] load .dockerignore
#4 transferring context: 176B done
#4 DONE 0.0s

#5 [build 1/8] FROM docker.io/library/node:22.23.1-bookworm-slim@sha256:6c74791e557ce11fc957704f6d4fe134a7bc8d6f5ca4403205b2966bd488f6b3
#5 resolve docker.io/library/node:22.23.1-bookworm-slim@sha256:6c74791e557ce11fc957704f6d4fe134a7bc8d6f5ca4403205b2966bd488f6b3 0.0s done
#5 CACHED

#6 [runtime 1/4] FROM docker.io/library/caddy:2.11.4-alpine@sha256:5f5c8640aae01df9654968d946d8f1a56c497f1dd5c5cda4cf95ab7c14d58648
#6 resolve docker.io/library/caddy:2.11.4-alpine@sha256:5f5c8640aae01df9654968d946d8f1a56c497f1dd5c5cda4cf95ab7c14d58648 0.0s done
#6 DONE 0.0s

#7 [build 2/8] WORKDIR /build
#7 DONE 0.0s

#8 [internal] load build context
#8 transferring context: 1.42MB 0.0s done
#8 DONE 0.0s

#9 [build 3/8] RUN npm install --global npm@11.18.0
#9 6.681 
#9 6.681 removed 57 packages, and changed 95 packages in 6s
#9 6.681 
#9 6.681 15 packages are looking for funding
#9 6.681   run `npm fund` for details
#9 DONE 6.8s

#10 [build 4/8] COPY package.json package-lock.json .npmrc ./
#10 DONE 0.0s

#11 [build 5/8] COPY scripts/patch-sqlrooms.mjs scripts/patch-sqlrooms.mjs
#11 DONE 0.0s

#12 [build 6/8] RUN npm ci
#12 6.622 
#12 6.622 > datenwerkstatt@0.1.0 postinstall
#12 6.622 > node scripts/patch-sqlrooms.mjs
#12 6.622 
#12 6.656 Applied SQLRooms 0.28.0 initialization cleanup (ADR-007).
#12 6.692 
#12 6.692 added 347 packages, and audited 348 packages in 7s
#12 6.693 
#12 6.693 78 packages are looking for funding
#12 6.693   run `npm fund` for details
#12 6.695 
#12 6.695 found 0 vulnerabilities
#12 6.696 npm warn allow-scripts 1 package has install scripts not yet covered by allowScripts:
#12 6.696 npm warn allow-scripts   esbuild@0.28.1 (postinstall: node install.js)
#12 6.696 npm warn allow-scripts
#12 6.696 npm warn allow-scripts Run `npm install-scripts ls` to review, or `npm install-scripts approve <pkg>` to allow.
#12 6.698 npm notice
#12 6.698 npm notice New major version of npm available! 11.18.0 -> 12.2.0
#12 6.698 npm notice Changelog: https://github.com/npm/cli/releases/tag/v12.2.0
#12 6.698 npm notice To update run: npm install -g npm@12.2.0
#12 6.698 npm notice
#12 DONE 7.3s

#13 [build 7/8] COPY . .
#13 DONE 0.2s

#14 [build 8/8] RUN npm run build && WEBR_CHANNEL=post-message BUILD_ID=p7-clean-image node scripts/deployment.mjs
#14 0.171 
#14 0.171 > datenwerkstatt@0.1.0 build
#14 0.171 > npm run assets:prepare && vite build && node scripts/license-inventory.mjs
#14 0.171 
#14 0.258 
#14 0.258 > datenwerkstatt@0.1.0 assets:prepare
#14 0.258 > node scripts/prepare-assets.mjs
#14 0.258 
#14 1.473 Local webR 0.6.0 and 4 DuckDB extensions prepared.
#14 3.387 Mirrored 40 WebR packages to public/vendor/webr-packages/bin/emscripten/contrib/4.6.
#14 3.395 file:///build/scripts/prepare-r-packages.mjs:20
#14 3.395     throw Error(`webR package checksum mismatch: ${path}`);
#14 3.395           ^
#14 3.395 
#14 3.395 Error: webR package checksum mismatch: bin/emscripten/contrib/4.6/PACKAGES.gz
#14 3.395     at file:///build/scripts/prepare-r-packages.mjs:20:11
#14 3.395 
#14 3.395 Node.js v22.23.1
#14 ERROR: process "/bin/sh -c npm run build && WEBR_CHANNEL=$WEBR_CHANNEL BUILD_ID=$BUILD_ID node scripts/deployment.mjs" did not complete successfully: exit code: 1
------
 > [build 8/8] RUN npm run build && WEBR_CHANNEL=post-message BUILD_ID=p7-clean-image node scripts/deployment.mjs:
1.473 Local webR 0.6.0 and 4 DuckDB extensions prepared.
3.387 Mirrored 40 WebR packages to public/vendor/webr-packages/bin/emscripten/contrib/4.6.
3.395 file:///build/scripts/prepare-r-packages.mjs:20
3.395     throw Error(`webR package checksum mismatch: ${path}`);
3.395           ^
3.395 
3.395 Error: webR package checksum mismatch: bin/emscripten/contrib/4.6/PACKAGES.gz
3.395     at file:///build/scripts/prepare-r-packages.mjs:20:11
3.395 
3.395 Node.js v22.23.1
------
Dockerfile:12
--------------------
  10 |     ARG BUILD_ID=local-pilot-not-released
  11 |     ENV APP_BASE_PATH=$APP_BASE_PATH
  12 | >>> RUN npm run build && WEBR_CHANNEL=$WEBR_CHANNEL BUILD_ID=$BUILD_ID node scripts/deployment.mjs
  13 |     
  14 |     FROM caddy:2.11.4-alpine@sha256:5f5c8640aae01df9654968d946d8f1a56c497f1dd5c5cda4cf95ab7c14d58648 AS runtime
--------------------
ERROR: failed to build: failed to solve: process "/bin/sh -c npm run build && WEBR_CHANNEL=$WEBR_CHANNEL BUILD_ID=$BUILD_ID node scripts/deployment.mjs" did not complete successfully: exit code: 1
