[WebServer] (node:44205) Warning: The 'NO_COLOR' env is ignored due to the 'FORCE_COLOR' env being set.
[WebServer] (Use `node --trace-warnings ...` to show where the warning was created)
[WebServer] (node:44232) Warning: The 'NO_COLOR' env is ignored due to the 'FORCE_COLOR' env being set.
[WebServer] (Use `node --trace-warnings ...` to show where the warning was created)
[WebServer] [plugin builtin:vite-reporter] 
[WebServer] (!) Some chunks are larger than 500 kB after minification. Consider:
[WebServer] - Using dynamic import() to code-split the application
[WebServer] - Use build.rolldownOptions.output.codeSplitting to improve chunking: https://rolldown.rs/reference/OutputOptions.codeSplitting
[WebServer] - Adjust chunk size limit for this warning via build.chunkSizeWarningLimit.
[WebServer] #0 building with "desktop-linux" instance using docker driver
[WebServer] 
[WebServer] #1 [internal] load build definition from Dockerfile
[WebServer] #1 transferring dockerfile: 491B done
[WebServer] #1 DONE 0.0s
[WebServer] 
[WebServer] #2 [internal] load metadata for docker.io/library/caddy:2.11.4-alpine@sha256:5f5c8640aae01df9654968d946d8f1a56c497f1dd5c5cda4cf95ab7c14d58648
[WebServer] #2 DONE 0.9s
[WebServer] 
[WebServer] #3 [internal] load .dockerignore
[WebServer] #3 transferring context: 2B done
[WebServer] #3 DONE 0.0s
[WebServer] 
[WebServer] #4 [1/4] FROM docker.io/library/caddy:2.11.4-alpine@sha256:5f5c8640aae01df9654968d946d8f1a56c497f1dd5c5cda4cf95ab7c14d58648
[WebServer] #4 resolve docker.io/library/caddy:2.11.4-alpine@sha256:5f5c8640aae01df9654968d946d8f1a56c497f1dd5c5cda4cf95ab7c14d58648 done
[WebServer] #4 DONE 0.0s
[WebServer] 
[WebServer] #5 [internal] load build context
[WebServer] #5 transferring context: 238.75MB 2.5s done
[WebServer] #5 DONE 2.5s
[WebServer] 
[WebServer] #4 [1/4] FROM docker.io/library/caddy:2.11.4-alpine@sha256:5f5c8640aae01df9654968d946d8f1a56c497f1dd5c5cda4cf95ab7c14d58648
[WebServer] #4 CACHED
[WebServer] 
[WebServer] #6 [2/4] COPY dist /srv
[WebServer] #6 DONE 0.6s
[WebServer] 
[WebServer] #7 [3/4] COPY Caddyfile /etc/caddy/Caddyfile
[WebServer] #7 DONE 0.0s
[WebServer] 
[WebServer] #8 [4/4] RUN setcap -r /usr/bin/caddy
[WebServer] #8 DONE 0.2s
[WebServer] 
[WebServer] #9 exporting to image
[WebServer] #9 exporting layers
[WebServer] #9 exporting layers 6.6s done
[WebServer] #9 exporting manifest sha256:07fb02e9dabaeb8eac6f440c4dd648d4f8eceaca9fabcdcb32818bad1e823fcf done
[WebServer] #9 exporting config sha256:62353cce49ffaf194ca208e740f5dfa339163bc6f5a53bc098f8fb3790450324 done
[WebServer] #9 exporting attestation manifest sha256:298f1f2ef2617f14d8844cc6fe6d5e047409d7d64036b45945bb7d1f18f22462 done
[WebServer] #9 exporting manifest list sha256:410b3573fcfc82633afbf5052a7ca4240183304889a874362a245ab1c0e27536 done
[WebServer] #9 naming to docker.io/library/datenwerkstatt-p7-test:0 done
[WebServer] #9 unpacking to docker.io/library/datenwerkstatt-p7-test:0
[WebServer] #9 unpacking to docker.io/library/datenwerkstatt-p7-test:0 1.3s done
[WebServer] #9 DONE 8.0s
[WebServer] (node:46602) Warning: The 'NO_COLOR' env is ignored due to the 'FORCE_COLOR' env being set.
[WebServer] (Use `node --trace-warnings ...` to show where the warning was created)
[WebServer] (node:46629) Warning: The 'NO_COLOR' env is ignored due to the 'FORCE_COLOR' env being set.
[WebServer] (Use `node --trace-warnings ...` to show where the warning was created)
[WebServer] [plugin builtin:vite-reporter] 
[WebServer] (!) Some chunks are larger than 500 kB after minification. Consider:
[WebServer] - Using dynamic import() to code-split the application
[WebServer] - Use build.rolldownOptions.output.codeSplitting to improve chunking: https://rolldown.rs/reference/OutputOptions.codeSplitting
[WebServer] - Adjust chunk size limit for this warning via build.chunkSizeWarningLimit.
[WebServer] #0 building with "desktop-linux" instance using docker driver
[WebServer] 
[WebServer] #1 [internal] load build definition from Dockerfile
[WebServer] #1 transferring dockerfile: 491B done
[WebServer] #1 DONE 0.0s
[WebServer] 
[WebServer] #2 [internal] load metadata for docker.io/library/caddy:2.11.4-alpine@sha256:5f5c8640aae01df9654968d946d8f1a56c497f1dd5c5cda4cf95ab7c14d58648
[WebServer] #2 DONE 0.0s
[WebServer] 
[WebServer] #3 [internal] load .dockerignore
[WebServer] #3 transferring context: 2B done
[WebServer] #3 DONE 0.0s
[WebServer] 
[WebServer] #4 [1/4] FROM docker.io/library/caddy:2.11.4-alpine@sha256:5f5c8640aae01df9654968d946d8f1a56c497f1dd5c5cda4cf95ab7c14d58648
[WebServer] #4 resolve docker.io/library/caddy:2.11.4-alpine@sha256:5f5c8640aae01df9654968d946d8f1a56c497f1dd5c5cda4cf95ab7c14d58648 done
[WebServer] #4 DONE 0.0s
[WebServer] 
[WebServer] #5 [internal] load build context
[WebServer] #5 transferring context: 238.75MB 2.9s done
[WebServer] #5 DONE 2.9s
[WebServer] 
[WebServer] #4 [1/4] FROM docker.io/library/caddy:2.11.4-alpine@sha256:5f5c8640aae01df9654968d946d8f1a56c497f1dd5c5cda4cf95ab7c14d58648
[WebServer] #4 CACHED
[WebServer] 
[WebServer] #6 [2/4] COPY dist /srv
[WebServer] #6 DONE 0.6s
[WebServer] 
[WebServer] #7 [3/4] COPY Caddyfile /etc/caddy/Caddyfile
[WebServer] #7 DONE 0.0s
[WebServer] 
[WebServer] #8 [4/4] RUN setcap -r /usr/bin/caddy
[WebServer] #8 DONE 0.1s
[WebServer] 
[WebServer] #9 exporting to image
[WebServer] #9 exporting layers
[WebServer] #9 exporting layers 6.6s done
[WebServer] #9 exporting manifest sha256:7dff0f62331f02a5152f7adbd30094d5353ba33b5bc7e9e091f876c6a8cb2799 done
[WebServer] #9 exporting config sha256:78c3c987fadb67e08f944e0190ee3180d536d1c315bea5dfc166db4ef238ccf8 done
[WebServer] #9 exporting attestation manifest sha256:d84c022323b8d6ddf6b87567d85be5c59df31419fb95368221bbcfebcc62c438 done
[WebServer] #9 exporting manifest list sha256:86992db02fc1867bc33a4c6dd8a934148f98da3d1062230861a59cbecc817158 done
[WebServer] #9 naming to docker.io/library/datenwerkstatt-p7-test:1 done
[WebServer] #9 unpacking to docker.io/library/datenwerkstatt-p7-test:1
[WebServer] #9 unpacking to docker.io/library/datenwerkstatt-p7-test:1 1.3s done
[WebServer] #9 DONE 7.9s
[WebServer] #0 building with "desktop-linux" instance using docker driver
[WebServer] 
[WebServer] #1 [internal] load build definition from Dockerfile
[WebServer] #1 transferring dockerfile: 491B done
[WebServer] #1 DONE 0.0s
[WebServer] 
[WebServer] #2 [internal] load metadata for docker.io/library/caddy:2.11.4-alpine@sha256:5f5c8640aae01df9654968d946d8f1a56c497f1dd5c5cda4cf95ab7c14d58648
[WebServer] #2 DONE 0.0s
[WebServer] 
[WebServer] #3 [internal] load .dockerignore
[WebServer] #3 transferring context: 2B done
[WebServer] #3 DONE 0.0s
[WebServer] 
[WebServer] #4 [1/4] FROM docker.io/library/caddy:2.11.4-alpine@sha256:5f5c8640aae01df9654968d946d8f1a56c497f1dd5c5cda4cf95ab7c14d58648
[WebServer] #4 resolve docker.io/library/caddy:2.11.4-alpine@sha256:5f5c8640aae01df9654968d946d8f1a56c497f1dd5c5cda4cf95ab7c14d58648 done
[WebServer] #4 DONE 0.0s
[WebServer] 
[WebServer] #5 [internal] load build context
[WebServer] #5 transferring context: 238.75MB 2.8s done
[WebServer] #5 DONE 2.8s
[WebServer] 
[WebServer] #4 [1/4] FROM docker.io/library/caddy:2.11.4-alpine@sha256:5f5c8640aae01df9654968d946d8f1a56c497f1dd5c5cda4cf95ab7c14d58648
[WebServer] #4 CACHED
[WebServer] 
[WebServer] #6 [2/4] COPY dist /srv
[WebServer] #6 DONE 0.6s
[WebServer] 
[WebServer] #7 [3/4] COPY Caddyfile /etc/caddy/Caddyfile
[WebServer] #7 DONE 0.0s
[WebServer] 
[WebServer] #8 [4/4] RUN setcap -r /usr/bin/caddy
[WebServer] #8 DONE 0.1s
[WebServer] 
[WebServer] #9 exporting to image
[WebServer] #9 exporting layers
[WebServer] #9 exporting layers 6.6s done
[WebServer] #9 exporting manifest sha256:f51e5eb24d6c080f11b5b176981b533d381f46ae5442210efa96f75f1ff6f5f6 done
[WebServer] #9 exporting config sha256:9dc0a4e8aa5544624bcae9e9865610551e43a367847eaeca946910a8a08a6015 done
[WebServer] #9 exporting attestation manifest sha256:f26f827bc665f316ba67f2cbd0b9e9a282180a3d654b8e2776b2ceee2db10307 done
[WebServer] #9 exporting manifest list sha256:e2bdc1dd579591987e028c89d98ca5688746855853671211dc148f7c140b0018 done
[WebServer] #9 naming to docker.io/library/datenwerkstatt-p7-test:2 done
[WebServer] #9 unpacking to docker.io/library/datenwerkstatt-p7-test:2
[WebServer] #9 unpacking to docker.io/library/datenwerkstatt-p7-test:2 1.3s done
[WebServer] #9 DONE 7.9s
[WebServer] (node:49049) Warning: The 'NO_COLOR' env is ignored due to the 'FORCE_COLOR' env being set.
[WebServer] (Use `node --trace-warnings ...` to show where the warning was created)

Running 9 tests using 1 worker

(node:49050) Warning: The 'NO_COLOR' env is ignored due to the 'FORCE_COLOR' env being set.
(Use `node --trace-warnings ...` to show where the warning was created)
  ✓  1 [chromium-0] › tests/deployment/faults.spec.ts:13:1 › P7 AT-069: missing/wrong MIME runtime assets fail explicitly; retry owns one valid worker (23.4s)
  ✘  2 [chromium-0] › tests/deployment/faults.spec.ts:63:1 › P7 AT-046 AT-068–069: R worker CSP failure times out, corrected retry and genuine loop cancellation (42.7s)
Testing stopped early after 1 maximum allowed failures.


  1) [chromium-0] › tests/deployment/faults.spec.ts:63:1 › P7 AT-046 AT-068–069: R worker CSP failure times out, corrected retry and genuine loop cancellation 

    Error: expect(received).toBe(expected) // Object.is equality

    Expected: 0
    Received: 1

      111 |   expect(Date.now() - cancelStarted).toBeLessThan(10000);
      112 |   const live = workers.filter((w) => w.url.includes('webr') && !w.closed).length;
    > 113 |   if (info.project.metadata.profile !== 2) expect(live).toBe(0);
          |                                                         ^
      114 |   else expect(live).toBe(1); // Real SAB interrupt, without reset, is proved by the same live worker.
      115 |   await code(page, 'cat("nach Abbruch")');
      116 |   await page.getByRole('button', {name: 'Ausführen', exact: true}).click();
        at /Users/stefan/sources/dateninfrastruktur-datenwerkstatt/tests/deployment/faults.spec.ts:113:57

    attachment #1: screenshot (image/png) ──────────────────────────────────────────────────────────
    test-results-deployment/faults-P7-AT-046-AT-068–06-25cc8-d-genuine-loop-cancellation-chromium-0/test-failed-1.png
    ────────────────────────────────────────────────────────────────────────────────────────────────

    Error Context: test-results-deployment/faults-P7-AT-046-AT-068–06-25cc8-d-genuine-loop-cancellation-chromium-0/error-context.md

    attachment #3: trace (application/zip) ─────────────────────────────────────────────────────────
    test-results-deployment/faults-P7-AT-046-AT-068–06-25cc8-d-genuine-loop-cancellation-chromium-0/trace.zip
    Usage:

        npx playwright show-trace test-results-deployment/faults-P7-AT-046-AT-068–06-25cc8-d-genuine-loop-cancellation-chromium-0/trace.zip

    ────────────────────────────────────────────────────────────────────────────────────────────────

  1 failed
    [chromium-0] › tests/deployment/faults.spec.ts:63:1 › P7 AT-046 AT-068–069: R worker CSP failure times out, corrected retry and genuine loop cancellation 
  7 did not run
  1 passed (2.0m)
  1 error was not a part of any test, see above for details
