[WebServer] (node:86811) Warning: The 'NO_COLOR' env is ignored due to the 'FORCE_COLOR' env being set.
[WebServer] (Use `node --trace-warnings ...` to show where the warning was created)
[WebServer] (node:86838) Warning: The 'NO_COLOR' env is ignored due to the 'FORCE_COLOR' env being set.
[WebServer] (Use `node --trace-warnings ...` to show where the warning was created)
[WebServer] [plugin builtin:vite-reporter] 
[WebServer] (!) Some chunks are larger than 500 kB after minification. Consider:
[WebServer] - Using dynamic import() to code-split the application
[WebServer] - Use build.rolldownOptions.output.codeSplitting to improve chunking: https://rolldown.rs/reference/OutputOptions.codeSplitting
[WebServer] - Adjust chunk size limit for this warning via build.chunkSizeWarningLimit.
[WebServer] #0 building with "desktop-linux" instance using docker driver
[WebServer] 
[WebServer] #1 [internal] load build definition from Dockerfile
[WebServer] #1 transferring dockerfile: 491B done
[WebServer] #1 DONE 0.0s
[WebServer] 
[WebServer] #2 [internal] load metadata for docker.io/library/caddy:2.11.4-alpine@sha256:5f5c8640aae01df9654968d946d8f1a56c497f1dd5c5cda4cf95ab7c14d58648
[WebServer] #2 DONE 0.8s
[WebServer] 
[WebServer] #3 [internal] load .dockerignore
[WebServer] #3 transferring context: 2B done
[WebServer] #3 DONE 0.0s
[WebServer] 
[WebServer] #4 [1/4] FROM docker.io/library/caddy:2.11.4-alpine@sha256:5f5c8640aae01df9654968d946d8f1a56c497f1dd5c5cda4cf95ab7c14d58648
[WebServer] #4 resolve docker.io/library/caddy:2.11.4-alpine@sha256:5f5c8640aae01df9654968d946d8f1a56c497f1dd5c5cda4cf95ab7c14d58648 0.0s done
[WebServer] #4 DONE 0.0s
[WebServer] 
[WebServer] #5 [internal] load build context
[WebServer] #5 transferring context: 238.75MB 2.8s done
[WebServer] #5 DONE 2.8s
[WebServer] 
[WebServer] #4 [1/4] FROM docker.io/library/caddy:2.11.4-alpine@sha256:5f5c8640aae01df9654968d946d8f1a56c497f1dd5c5cda4cf95ab7c14d58648
[WebServer] #4 CACHED
[WebServer] 
[WebServer] #6 [2/4] COPY dist /srv
[WebServer] #6 DONE 0.8s
[WebServer] 
[WebServer] #7 [3/4] COPY Caddyfile /etc/caddy/Caddyfile
[WebServer] #7 DONE 0.0s
[WebServer] 
[WebServer] #8 [4/4] RUN setcap -r /usr/bin/caddy
[WebServer] #8 DONE 0.2s
[WebServer] 
[WebServer] #9 exporting to image
[WebServer] #9 exporting layers
[WebServer] #9 exporting layers 7.2s done
[WebServer] #9 exporting manifest sha256:3e657a2c2d59a02bcd73398218be1d47b912e6c5be22e8171c19c3e8f01af4a6 0.0s done
[WebServer] #9 exporting config sha256:f1d107548c27453083cd7a35dad978c37e8b1b3a6cb05b8d62ae8d5944330984 0.0s done
[WebServer] #9 exporting attestation manifest sha256:01a74355ac1947bd561a295d744dd7c1ad7bf15b2b56a8dfeebc94506b157f5b done
[WebServer] #9 exporting manifest list sha256:0349cb35be3836fef6e242855c7eece4d3acc5ff3651040d32673d8a506b80f8 done
[WebServer] #9 naming to docker.io/library/datenwerkstatt-p7-test:0 done
[WebServer] #9 unpacking to docker.io/library/datenwerkstatt-p7-test:0
[WebServer] #9 unpacking to docker.io/library/datenwerkstatt-p7-test:0 1.7s done
[WebServer] #9 DONE 8.9s
[WebServer] (node:89324) Warning: The 'NO_COLOR' env is ignored due to the 'FORCE_COLOR' env being set.
[WebServer] (Use `node --trace-warnings ...` to show where the warning was created)
[WebServer] (node:89351) Warning: The 'NO_COLOR' env is ignored due to the 'FORCE_COLOR' env being set.
[WebServer] (Use `node --trace-warnings ...` to show where the warning was created)
[WebServer] [plugin builtin:vite-reporter] 
[WebServer] (!) Some chunks are larger than 500 kB after minification. Consider:
[WebServer] - Using dynamic import() to code-split the application
[WebServer] - Use build.rolldownOptions.output.codeSplitting to improve chunking: https://rolldown.rs/reference/OutputOptions.codeSplitting
[WebServer] - Adjust chunk size limit for this warning via build.chunkSizeWarningLimit.
[WebServer] #0 building with "desktop-linux" instance using docker driver
[WebServer] 
[WebServer] #1 [internal] load build definition from Dockerfile
[WebServer] #1 transferring dockerfile: 491B done
[WebServer] #1 DONE 0.0s
[WebServer] 
[WebServer] #2 [internal] load metadata for docker.io/library/caddy:2.11.4-alpine@sha256:5f5c8640aae01df9654968d946d8f1a56c497f1dd5c5cda4cf95ab7c14d58648
[WebServer] #2 DONE 0.0s
[WebServer] 
[WebServer] #3 [internal] load .dockerignore
[WebServer] #3 transferring context: 2B done
[WebServer] #3 DONE 0.0s
[WebServer] 
[WebServer] #4 [1/4] FROM docker.io/library/caddy:2.11.4-alpine@sha256:5f5c8640aae01df9654968d946d8f1a56c497f1dd5c5cda4cf95ab7c14d58648
[WebServer] #4 resolve docker.io/library/caddy:2.11.4-alpine@sha256:5f5c8640aae01df9654968d946d8f1a56c497f1dd5c5cda4cf95ab7c14d58648 0.0s done
[WebServer] #4 DONE 0.0s
[WebServer] 
[WebServer] #5 [internal] load build context
[WebServer] #5 transferring context: 238.75MB 3.3s done
[WebServer] #5 DONE 3.3s
[WebServer] 
[WebServer] #4 [1/4] FROM docker.io/library/caddy:2.11.4-alpine@sha256:5f5c8640aae01df9654968d946d8f1a56c497f1dd5c5cda4cf95ab7c14d58648
[WebServer] #4 CACHED
[WebServer] 
[WebServer] #6 [2/4] COPY dist /srv
[WebServer] #6 DONE 1.3s
[WebServer] 
[WebServer] #7 [3/4] COPY Caddyfile /etc/caddy/Caddyfile
[WebServer] #7 DONE 0.0s
[WebServer] 
[WebServer] #8 [4/4] RUN setcap -r /usr/bin/caddy
[WebServer] #8 DONE 0.2s
[WebServer] 
[WebServer] #9 exporting to image
[WebServer] #9 exporting layers
[WebServer] #9 exporting layers 7.6s done
[WebServer] #9 exporting manifest sha256:fb2c8b5be44809557f3530d92007c92527b93fa763b08303299f8e93f60f7973 0.0s done
[WebServer] #9 exporting config sha256:8c3264783af0f331da099708aa69b6877e19d06215172d02f5137fd4f8d67b8c done
[WebServer] #9 exporting attestation manifest sha256:60986c79847d2331b60bd142ea16d3901c296c56c750b855abcfe0cdbeed1e5a done
[WebServer] #9 exporting manifest list sha256:810722892baf5f58c8103d4f8e5d5b0e3dc8893bba957544a64051a735f43222 done
[WebServer] #9 naming to docker.io/library/datenwerkstatt-p7-test:1 done
[WebServer] #9 unpacking to docker.io/library/datenwerkstatt-p7-test:1
[WebServer] #9 unpacking to docker.io/library/datenwerkstatt-p7-test:1 1.5s done
[WebServer] #9 DONE 9.2s
[WebServer] #0 building with "desktop-linux" instance using docker driver
[WebServer] 
[WebServer] #1 [internal] load build definition from Dockerfile
[WebServer] #1 transferring dockerfile: 491B done
[WebServer] #1 DONE 0.0s
[WebServer] 
[WebServer] #2 [internal] load metadata for docker.io/library/caddy:2.11.4-alpine@sha256:5f5c8640aae01df9654968d946d8f1a56c497f1dd5c5cda4cf95ab7c14d58648
[WebServer] #2 DONE 0.0s
[WebServer] 
[WebServer] #3 [internal] load .dockerignore
[WebServer] #3 transferring context: 2B done
[WebServer] #3 DONE 0.0s
[WebServer] 
[WebServer] #4 [1/4] FROM docker.io/library/caddy:2.11.4-alpine@sha256:5f5c8640aae01df9654968d946d8f1a56c497f1dd5c5cda4cf95ab7c14d58648
[WebServer] #4 resolve docker.io/library/caddy:2.11.4-alpine@sha256:5f5c8640aae01df9654968d946d8f1a56c497f1dd5c5cda4cf95ab7c14d58648 0.0s done
[WebServer] #4 DONE 0.0s
[WebServer] 
[WebServer] #5 [internal] load build context
[WebServer] #5 transferring context: 238.75MB 3.7s done
[WebServer] #5 DONE 3.7s
[WebServer] 
[WebServer] #4 [1/4] FROM docker.io/library/caddy:2.11.4-alpine@sha256:5f5c8640aae01df9654968d946d8f1a56c497f1dd5c5cda4cf95ab7c14d58648
[WebServer] #4 CACHED
[WebServer] 
[WebServer] #6 [2/4] COPY dist /srv
[WebServer] #6 DONE 1.0s
[WebServer] 
[WebServer] #7 [3/4] COPY Caddyfile /etc/caddy/Caddyfile
[WebServer] #7 DONE 0.0s
[WebServer] 
[WebServer] #8 [4/4] RUN setcap -r /usr/bin/caddy
[WebServer] #8 DONE 0.3s
[WebServer] 
[WebServer] #9 exporting to image
[WebServer] #9 exporting layers
[WebServer] #9 exporting layers 8.8s done
[WebServer] #9 exporting manifest sha256:6693fa7a8626a3ec92bfa4f60edcf6d4dc2620e351c0c7ae6a6cbd3c5eb51c06 0.0s done
[WebServer] #9 exporting config sha256:8a6780905cd03ae3deb04ba0ed3c0f3f5b46906e2c215ab850fe05b55dca3edd 0.0s done
[WebServer] #9 exporting attestation manifest sha256:b4b6e1c2da3ce8ffecc350ee68a7c7bf9c3c79b622cc120b5cc0a76ec211dba3 done
[WebServer] #9 exporting manifest list sha256:7d8b867639dd5ab293972dc44c0e0beecfd59f320b9de689fb2289592dfbbaf2 done
[WebServer] #9 naming to docker.io/library/datenwerkstatt-p7-test:2 done
[WebServer] #9 unpacking to docker.io/library/datenwerkstatt-p7-test:2
[WebServer] #9 unpacking to docker.io/library/datenwerkstatt-p7-test:2 1.8s done
[WebServer] #9 DONE 10.7s

Running 36 tests using 3 workers

(node:94833) Warning: The 'NO_COLOR' env is ignored due to the 'FORCE_COLOR' env being set.
(Use `node --trace-warnings ...` to show where the warning was created)
(node:94835) Warning: The 'NO_COLOR' env is ignored due to the 'FORCE_COLOR' env being set.
(Use `node --trace-warnings ...` to show where the warning was created)
(node:94834) Warning: The 'NO_COLOR' env is ignored due to the 'FORCE_COLOR' env being set.
(Use `node --trace-warnings ...` to show where the warning was created)
  ✓   3 [chromium-1] › tests/deployment/faults.spec.ts:13:1 › P7 AT-069: missing/wrong MIME runtime assets fail explicitly; retry owns one valid worker (37.5s)
  ✓   1 [chromium-0] › tests/deployment/faults.spec.ts:13:1 › P7 AT-069: missing/wrong MIME runtime assets fail explicitly; retry owns one valid worker (37.5s)
  ✓   2 [chromium-0] › tests/deployment/static.spec.ts:9:1 › P7 AT-066–068: arbitrary UID static container, deep routes, MIME/cache/CSP and real SQL/R (39.3s)
  ✓   6 [chromium-0] › tests/deployment/static.spec.ts:94:1 › P7 AT-067: invalid operator config fails closed before any runtime (1.0s)
(node:95107) Warning: The 'NO_COLOR' env is ignored due to the 'FORCE_COLOR' env being set.
(Use `node --trace-warnings ...` to show where the warning was created)
  ✓   7 [chromium-1] › tests/deployment/static.spec.ts:9:1 › P7 AT-066–068: arbitrary UID static container, deep routes, MIME/cache/CSP and real SQL/R (25.8s)
  ✓   8 [chromium-1] › tests/deployment/static.spec.ts:94:1 › P7 AT-067: invalid operator config fails closed before any runtime (420ms)
(node:95152) Warning: The 'NO_COLOR' env is ignored due to the 'FORCE_COLOR' env being set.
(Use `node --trace-warnings ...` to show where the warning was created)
  ✓   9 [chromium-2] › tests/deployment/faults.spec.ts:13:1 › P7 AT-069: missing/wrong MIME runtime assets fail explicitly; retry owns one valid worker (22.7s)
  ✓   4 [chromium-1] › tests/deployment/faults.spec.ts:63:1 › P7 AT-046 AT-068–069: R worker CSP failure times out, corrected retry and genuine loop cancellation (1.9m)
  ✓   5 [chromium-0] › tests/deployment/faults.spec.ts:63:1 › P7 AT-046 AT-068–069: R worker CSP failure times out, corrected retry and genuine loop cancellation (1.9m)
(node:95241) Warning: The 'NO_COLOR' env is ignored due to the 'FORCE_COLOR' env being set.
(Use `node --trace-warnings ...` to show where the warning was created)
(node:95242) Warning: The 'NO_COLOR' env is ignored due to the 'FORCE_COLOR' env being set.
(Use `node --trace-warnings ...` to show where the warning was created)
  ✓  10 [chromium-2] › tests/deployment/faults.spec.ts:63:1 › P7 AT-046 AT-068–069: R worker CSP failure times out, corrected retry and genuine loop cancellation (1.5m)
(node:95269) Warning: The 'NO_COLOR' env is ignored due to the 'FORCE_COLOR' env being set.
(Use `node --trace-warnings ...` to show where the warning was created)
  ✓  11 [chromium-2] › tests/deployment/static.spec.ts:9:1 › P7 AT-066–068: arbitrary UID static container, deep routes, MIME/cache/CSP and real SQL/R (33.2s)
  ✓  14 [chromium-2] › tests/deployment/static.spec.ts:94:1 › P7 AT-067: invalid operator config fails closed before any runtime (644ms)
(node:95288) Warning: The 'NO_COLOR' env is ignored due to the 'FORCE_COLOR' env being set.
(Use `node --trace-warnings ...` to show where the warning was created)
  ✓  12 [firefox-0] › tests/deployment/faults.spec.ts:13:1 › P7 AT-069: missing/wrong MIME runtime assets fail explicitly; retry owns one valid worker (38.0s)
  ✓  13 [firefox-0] › tests/deployment/static.spec.ts:9:1 › P7 AT-066–068: arbitrary UID static container, deep routes, MIME/cache/CSP and real SQL/R (34.5s)
  ✓  17 [firefox-0] › tests/deployment/static.spec.ts:94:1 › P7 AT-067: invalid operator config fails closed before any runtime (2.7s)
(node:95326) Warning: The 'NO_COLOR' env is ignored due to the 'FORCE_COLOR' env being set.
(Use `node --trace-warnings ...` to show where the warning was created)
  ✓  15 [firefox-1] › tests/deployment/faults.spec.ts:13:1 › P7 AT-069: missing/wrong MIME runtime assets fail explicitly; retry owns one valid worker (30.5s)
  ✓  18 [firefox-1] › tests/deployment/static.spec.ts:9:1 › P7 AT-066–068: arbitrary UID static container, deep routes, MIME/cache/CSP and real SQL/R (31.9s)
  ✓  20 [firefox-1] › tests/deployment/static.spec.ts:94:1 › P7 AT-067: invalid operator config fails closed before any runtime (2.8s)
(node:95437) Warning: The 'NO_COLOR' env is ignored due to the 'FORCE_COLOR' env being set.
(Use `node --trace-warnings ...` to show where the warning was created)
  ✓  21 [firefox-2] › tests/deployment/faults.spec.ts:13:1 › P7 AT-069: missing/wrong MIME runtime assets fail explicitly; retry owns one valid worker (31.7s)
  ✓  16 [firefox-0] › tests/deployment/faults.spec.ts:63:1 › P7 AT-046 AT-068–069: R worker CSP failure times out, corrected retry and genuine loop cancellation (1.9m)
(node:95653) Warning: The 'NO_COLOR' env is ignored due to the 'FORCE_COLOR' env being set.
(Use `node --trace-warnings ...` to show where the warning was created)
  ✓  19 [firefox-1] › tests/deployment/faults.spec.ts:63:1 › P7 AT-046 AT-068–069: R worker CSP failure times out, corrected retry and genuine loop cancellation (1.9m)
(node:95708) Warning: The 'NO_COLOR' env is ignored due to the 'FORCE_COLOR' env being set.
(Use `node --trace-warnings ...` to show where the warning was created)
  ✓  23 [firefox-2] › tests/deployment/static.spec.ts:9:1 › P7 AT-066–068: arbitrary UID static container, deep routes, MIME/cache/CSP and real SQL/R (39.6s)
  ✓  25 [firefox-2] › tests/deployment/static.spec.ts:94:1 › P7 AT-067: invalid operator config fails closed before any runtime (3.0s)
(node:95787) Warning: The 'NO_COLOR' env is ignored due to the 'FORCE_COLOR' env being set.
(Use `node --trace-warnings ...` to show where the warning was created)
  ✓  24 [webkit-0] › tests/deployment/faults.spec.ts:13:1 › P7 AT-069: missing/wrong MIME runtime assets fail explicitly; retry owns one valid worker (34.7s)
  ✓  22 [firefox-2] › tests/deployment/faults.spec.ts:63:1 › P7 AT-046 AT-068–069: R worker CSP failure times out, corrected retry and genuine loop cancellation (1.6m)
(node:95867) Warning: The 'NO_COLOR' env is ignored due to the 'FORCE_COLOR' env being set.
(Use `node --trace-warnings ...` to show where the warning was created)
  ✓  26 [webkit-0] › tests/deployment/static.spec.ts:9:1 › P7 AT-066–068: arbitrary UID static container, deep routes, MIME/cache/CSP and real SQL/R (37.6s)
  ✓  29 [webkit-0] › tests/deployment/static.spec.ts:94:1 › P7 AT-067: invalid operator config fails closed before any runtime (1.7s)
(node:95902) Warning: The 'NO_COLOR' env is ignored due to the 'FORCE_COLOR' env being set.
(Use `node --trace-warnings ...` to show where the warning was created)
  ✓  28 [webkit-1] › tests/deployment/faults.spec.ts:13:1 › P7 AT-069: missing/wrong MIME runtime assets fail explicitly; retry owns one valid worker (34.3s)
  ✓  30 [webkit-1] › tests/deployment/static.spec.ts:9:1 › P7 AT-066–068: arbitrary UID static container, deep routes, MIME/cache/CSP and real SQL/R (36.3s)
  ✓  32 [webkit-1] › tests/deployment/static.spec.ts:94:1 › P7 AT-067: invalid operator config fails closed before any runtime (1.2s)
(node:95974) Warning: The 'NO_COLOR' env is ignored due to the 'FORCE_COLOR' env being set.
(Use `node --trace-warnings ...` to show where the warning was created)
  ✓  33 [webkit-2] › tests/deployment/faults.spec.ts:13:1 › P7 AT-069: missing/wrong MIME runtime assets fail explicitly; retry owns one valid worker (31.3s)
  ✓  27 [webkit-0] › tests/deployment/faults.spec.ts:63:1 › P7 AT-046 AT-068–069: R worker CSP failure times out, corrected retry and genuine loop cancellation (1.9m)
(node:96136) Warning: The 'NO_COLOR' env is ignored due to the 'FORCE_COLOR' env being set.
(Use `node --trace-warnings ...` to show where the warning was created)
  ✓  35 [webkit-2] › tests/deployment/static.spec.ts:9:1 › P7 AT-066–068: arbitrary UID static container, deep routes, MIME/cache/CSP and real SQL/R (37.5s)
  ✓  36 [webkit-2] › tests/deployment/static.spec.ts:94:1 › P7 AT-067: invalid operator config fails closed before any runtime (2.7s)
  ✓  31 [webkit-1] › tests/deployment/faults.spec.ts:63:1 › P7 AT-046 AT-068–069: R worker CSP failure times out, corrected retry and genuine loop cancellation (2.0m)
  ✓  34 [webkit-2] › tests/deployment/faults.spec.ts:63:1 › P7 AT-046 AT-068–069: R worker CSP failure times out, corrected retry and genuine loop cancellation (1.6m)

  36 passed (10.2m)
