[WebServer] (node:32597) Warning: The 'NO_COLOR' env is ignored due to the 'FORCE_COLOR' env being set.
[WebServer] (Use `node --trace-warnings ...` to show where the warning was created)
[WebServer] (node:32624) Warning: The 'NO_COLOR' env is ignored due to the 'FORCE_COLOR' env being set.
[WebServer] (Use `node --trace-warnings ...` to show where the warning was created)
[WebServer] [plugin builtin:vite-reporter] 
[WebServer] (!) Some chunks are larger than 500 kB after minification. Consider:
[WebServer] - Using dynamic import() to code-split the application
[WebServer] - Use build.rolldownOptions.output.codeSplitting to improve chunking: https://rolldown.rs/reference/OutputOptions.codeSplitting
[WebServer] - Adjust chunk size limit for this warning via build.chunkSizeWarningLimit.
[WebServer] #0 building with "desktop-linux" instance using docker driver
[WebServer] 
[WebServer] #1 [internal] load build definition from Dockerfile
[WebServer] #1 transferring dockerfile: 462B done
[WebServer] #1 DONE 0.0s
[WebServer] 
[WebServer] #2 [internal] load metadata for docker.io/library/caddy:2.11.4-alpine@sha256:5f5c8640aae01df9654968d946d8f1a56c497f1dd5c5cda4cf95ab7c14d58648
[WebServer] #2 DONE 0.9s
[WebServer] 
[WebServer] #3 [internal] load .dockerignore
[WebServer] #3 transferring context: 2B done
[WebServer] #3 DONE 0.0s
[WebServer] 
[WebServer] #4 [1/3] FROM docker.io/library/caddy:2.11.4-alpine@sha256:5f5c8640aae01df9654968d946d8f1a56c497f1dd5c5cda4cf95ab7c14d58648
[WebServer] #4 resolve docker.io/library/caddy:2.11.4-alpine@sha256:5f5c8640aae01df9654968d946d8f1a56c497f1dd5c5cda4cf95ab7c14d58648 0.0s done
[WebServer] #4 CACHED
[WebServer] 
[WebServer] #5 [internal] load build context
[WebServer] #5 transferring context: 237.26MB 3.0s done
[WebServer] #5 DONE 3.0s
[WebServer] 
[WebServer] #6 [2/3] COPY dist /srv
[WebServer] #6 DONE 0.5s
[WebServer] 
[WebServer] #7 [3/3] COPY Caddyfile /etc/caddy/Caddyfile
[WebServer] #7 DONE 0.0s
[WebServer] 
[WebServer] #8 exporting to image
[WebServer] #8 exporting layers
[WebServer] #8 exporting layers 6.1s done
[WebServer] #8 exporting manifest sha256:93eac5efe27bca8ee5214125699d1a245a3602f8e8477358333a3728803915bf 0.0s done
[WebServer] #8 exporting config sha256:8181295d632ec115a727d810328ed763b8214ce899ee08de3d2cdbca3b86a0af done
[WebServer] #8 exporting attestation manifest sha256:2ef6fd4eb28646460d235d84a715644329eec1b04037ff6aeb3c0169b9870403 done
[WebServer] #8 exporting manifest list sha256:09f67543dc4f3b398ac9119e37afc31506a5f8dd392b336b0f8251f8e3e7f0ea done
[WebServer] #8 naming to docker.io/library/datenwerkstatt-p7-test:0 done
[WebServer] #8 unpacking to docker.io/library/datenwerkstatt-p7-test:0
[WebServer] #8 unpacking to docker.io/library/datenwerkstatt-p7-test:0 0.8s done
[WebServer] #8 DONE 7.0s
[WebServer] (node:32756) Warning: The 'NO_COLOR' env is ignored due to the 'FORCE_COLOR' env being set.
[WebServer] (Use `node --trace-warnings ...` to show where the warning was created)
[WebServer] (node:32783) Warning: The 'NO_COLOR' env is ignored due to the 'FORCE_COLOR' env being set.
[WebServer] (Use `node --trace-warnings ...` to show where the warning was created)
[WebServer] [plugin builtin:vite-reporter] 
[WebServer] (!) Some chunks are larger than 500 kB after minification. Consider:
[WebServer] - Using dynamic import() to code-split the application
[WebServer] - Use build.rolldownOptions.output.codeSplitting to improve chunking: https://rolldown.rs/reference/OutputOptions.codeSplitting
[WebServer] - Adjust chunk size limit for this warning via build.chunkSizeWarningLimit.
[WebServer] #0 building with "desktop-linux" instance using docker driver
[WebServer] 
[WebServer] #1 [internal] load build definition from Dockerfile
[WebServer] #1 transferring dockerfile: 462B done
[WebServer] #1 DONE 0.0s
[WebServer] 
[WebServer] #2 [internal] load metadata for docker.io/library/caddy:2.11.4-alpine@sha256:5f5c8640aae01df9654968d946d8f1a56c497f1dd5c5cda4cf95ab7c14d58648
[WebServer] #2 DONE 0.0s
[WebServer] 
[WebServer] #3 [internal] load .dockerignore
[WebServer] #3 transferring context: 2B done
[WebServer] #3 DONE 0.0s
[WebServer] 
[WebServer] #4 [1/3] FROM docker.io/library/caddy:2.11.4-alpine@sha256:5f5c8640aae01df9654968d946d8f1a56c497f1dd5c5cda4cf95ab7c14d58648
[WebServer] #4 resolve docker.io/library/caddy:2.11.4-alpine@sha256:5f5c8640aae01df9654968d946d8f1a56c497f1dd5c5cda4cf95ab7c14d58648 0.0s done
[WebServer] #4 DONE 0.0s
[WebServer] 
[WebServer] #5 [internal] load build context
[WebServer] #5 transferring context: 237.26MB 3.0s done
[WebServer] #5 DONE 3.0s
[WebServer] 
[WebServer] #4 [1/3] FROM docker.io/library/caddy:2.11.4-alpine@sha256:5f5c8640aae01df9654968d946d8f1a56c497f1dd5c5cda4cf95ab7c14d58648
[WebServer] #4 CACHED
[WebServer] 
[WebServer] #6 [2/3] COPY dist /srv
[WebServer] #6 DONE 0.4s
[WebServer] 
[WebServer] #7 [3/3] COPY Caddyfile /etc/caddy/Caddyfile
[WebServer] #7 DONE 0.0s
[WebServer] 
[WebServer] #8 exporting to image
[WebServer] #8 exporting layers
[WebServer] #8 exporting layers 6.0s done
[WebServer] #8 exporting manifest sha256:3cdbe8e317d8cb2f67ac36043a76f8c8448f314b4ffb97bddf47b9feca1ae909 0.0s done
[WebServer] #8 exporting config sha256:4ce066a3b740af29e8c0211aed86fba5aebe95e4f1528d6b2d87c819a38fa194 done
[WebServer] #8 exporting attestation manifest sha256:9b06f1b7dc2832f1aaf7991c007f177f85fb2442613f81bca3b8e11033cfabf0 done
[WebServer] #8 exporting manifest list sha256:8eff3d1da439ed2ea1137f9137500e047b6ed596f3285d650916856e4a5b3585 done
[WebServer] #8 naming to docker.io/library/datenwerkstatt-p7-test:1 done
[WebServer] #8 unpacking to docker.io/library/datenwerkstatt-p7-test:1
[WebServer] #8 unpacking to docker.io/library/datenwerkstatt-p7-test:1 0.8s done
[WebServer] #8 DONE 6.8s
[WebServer] #0 building with "desktop-linux" instance using docker driver
[WebServer] 
[WebServer] #1 [internal] load build definition from Dockerfile
[WebServer] #1 transferring dockerfile: 462B done
[WebServer] #1 DONE 0.0s
[WebServer] 
[WebServer] #2 [internal] load metadata for docker.io/library/caddy:2.11.4-alpine@sha256:5f5c8640aae01df9654968d946d8f1a56c497f1dd5c5cda4cf95ab7c14d58648
[WebServer] #2 DONE 0.0s
[WebServer] 
[WebServer] #3 [internal] load .dockerignore
[WebServer] #3 transferring context: 2B done
[WebServer] #3 DONE 0.0s
[WebServer] 
[WebServer] #4 [1/3] FROM docker.io/library/caddy:2.11.4-alpine@sha256:5f5c8640aae01df9654968d946d8f1a56c497f1dd5c5cda4cf95ab7c14d58648
[WebServer] #4 resolve docker.io/library/caddy:2.11.4-alpine@sha256:5f5c8640aae01df9654968d946d8f1a56c497f1dd5c5cda4cf95ab7c14d58648 0.0s done
[WebServer] #4 DONE 0.0s
[WebServer] 
[WebServer] #5 [internal] load build context
[WebServer] #5 transferring context: 237.26MB 2.9s done
[WebServer] #5 DONE 2.9s
[WebServer] 
[WebServer] #4 [1/3] FROM docker.io/library/caddy:2.11.4-alpine@sha256:5f5c8640aae01df9654968d946d8f1a56c497f1dd5c5cda4cf95ab7c14d58648
[WebServer] #4 CACHED
[WebServer] 
[WebServer] #6 [2/3] COPY dist /srv
[WebServer] #6 DONE 0.4s
[WebServer] 
[WebServer] #7 [3/3] COPY Caddyfile /etc/caddy/Caddyfile
[WebServer] #7 DONE 0.0s
[WebServer] 
[WebServer] #8 exporting to image
[WebServer] #8 exporting layers
[WebServer] #8 exporting layers 6.0s done
[WebServer] #8 exporting manifest sha256:5c704f23cb57c80dd10c117a48805e725b4c347f02c3216b1e010c17f802382b done
[WebServer] #8 exporting config sha256:143639a85de1bc70f73efaa72e8e71009b692fd29af8b306ff628d2b4fc186ad done
[WebServer] #8 exporting attestation manifest sha256:dbd6b345516e159a2887b47afc1c378f20ad252ae74faca19ea30de3ef11b302 done
[WebServer] #8 exporting manifest list sha256:85d29504149a92319179f77bef1a4741a5dbf69bf14088f7ae72c400c97f96ce done
[WebServer] #8 naming to docker.io/library/datenwerkstatt-p7-test:2 done
[WebServer] #8 unpacking to docker.io/library/datenwerkstatt-p7-test:2
[WebServer] #8 unpacking to docker.io/library/datenwerkstatt-p7-test:2 0.8s done
[WebServer] #8 DONE 6.8s
[WebServer] Warning: Detected unsettled top-level await at file:///Users/stefan/sources/dateninfrastruktur-datenwerkstatt/scripts/test-deployment.mjs:66
[WebServer]   await new Promise(() => {});
[WebServer]   ^
[WebServer] 
[WebServer] 
[WebServer] 
Error: Process from config.webServer was not able to start. Exit code: 13

