
> datenwerkstatt@0.1.0 verify
> npm run typecheck && npm run lint && npm run test:unit && npm run build && npm run test:integration && npm run test:e2e


> datenwerkstatt@0.1.0 typecheck
> tsc --noEmit


> datenwerkstatt@0.1.0 lint
> eslint . && node scripts/check-boundaries.mjs

Module boundaries checked.

> datenwerkstatt@0.1.0 test:unit
> vitest run


 RUN  v4.1.9 /Users/stefan/sources/dateninfrastruktur-datenwerkstatt


 Test Files  7 passed (7)
      Tests  33 passed (33)
   Start at  09:05:46
   Duration  325ms (transform 380ms, setup 0ms, import 696ms, tests 103ms, environment 0ms)


> datenwerkstatt@0.1.0 build
> npm run assets:prepare && vite build


> datenwerkstatt@0.1.0 assets:prepare
> node scripts/prepare-assets.mjs

Local webR 0.6.0 and 4 DuckDB extensions prepared.
Pinned local R package mirror verified.
vite v8.1.2 building client environment for production...
[2Ktransforming...✓ 1393 modules transformed.
rendering chunks...
computing gzip size...
dist/index.html                                0.35 kB │ gzip:     0.26 kB
dist/assets/kanton-solothurn-DOpJ_x8i.svg      4.52 kB │ gzip:     1.75 kB
dist/assets/codicon-ngg6Pgfi.ttf             121.97 kB
dist/assets/editor.worker-Cn2oRESe.js        279.94 kB
dist/assets/index-CRS2Kz1F.css               153.58 kB │ gzip:    24.57 kB
dist/assets/sql-NEE52Syq.js                    8.84 kB │ gzip:     3.73 kB
dist/assets/index-BGK2VoWF.js              4,513.97 kB │ gzip: 1,183.88 kB

✓ built in 605ms
[plugin builtin:vite-reporter] 
(!) Some chunks are larger than 500 kB after minification. Consider:
- Using dynamic import() to code-split the application
- Use build.rolldownOptions.output.codeSplitting to improve chunking: https://rolldown.rs/reference/OutputOptions.codeSplitting
- Adjust chunk size limit for this warning via build.chunkSizeWarningLimit.

> datenwerkstatt@0.1.0 test:integration
> playwright test --project=chromium tests/integration

[WebServer] (node:20241) Warning: The 'NO_COLOR' env is ignored due to the 'FORCE_COLOR' env being set.
[WebServer] (Use `node --trace-warnings ...` to show where the warning was created)
[WebServer] (node:20247) Warning: The 'NO_COLOR' env is ignored due to the 'FORCE_COLOR' env being set.
[WebServer] (Use `node --trace-warnings ...` to show where the warning was created)

Running 31 tests using 1 worker

(node:20259) Warning: The 'NO_COLOR' env is ignored due to the 'FORCE_COLOR' env being set.
(Use `node --trace-warnings ...` to show where the warning was created)
  ✓   1 [chromium] › tests/integration/imports.spec.ts:6:1 › P2 / AT-008 AT-010: strict CSV → hashed OPFS → fresh DuckDB retains values, NULL and empty strings (1.3s)
  ✓   2 [chromium] › tests/integration/imports.spec.ts:62:1 › P2 / AT-009 AT-020: late conversion error, header-only CSV and invalid bytes (778ms)
  ✓   3 [chromium] › tests/integration/imports.spec.ts:122:1 › P2 / AT-014 AT-017: reload finds true orphans, writer cleanup preserves referenced and foreign bytes (1.8s)
  ✓   4 [chromium] › tests/integration/imports.spec.ts:192:1 › P2 / AT-010: imported file survives browser process restart and removal of input file (4.9s)
  ✓   5 [chromium] › tests/integration/imports.spec.ts:254:1 › P2 / AT-061 partial: changed byte is rejected as ARTIFACT_CORRUPT before use (241ms)
  ✓   6 [chromium] › tests/integration/p0.spec.ts:6:1 › P0 / AT-001 AT-002: one connector, Arrow, CSV → Parquet and stable materialization (662ms)
  ✓   7 [chromium] › tests/integration/p0.spec.ts:33:1 › P0: DuckDB parser returns SELECT AST and rejects non-SELECT serialization (567ms)
  ✓   8 [chromium] › tests/integration/p0.spec.ts:73:1 › P0 / AT-030: running SQL ends or worker terminates, fresh query works (2.8s)
[WebServer] 9:06:02 AM [vite] (client) [console.warn] WebR is using `PostMessage` communication channel, nested R REPLs are not available.
[WebServer] 9:06:03 AM [vite] (client) [console.warn] WebR is using `PostMessage` communication channel, nested R REPLs are not available.
  ✓   9 [chromium] › tests/integration/p0.spec.ts:102:1 › P0 / AT-046: local webR dataframe, real plot, PostMessage worker reset (1.4s)
  ✓  10 [chromium] › tests/integration/p0.spec.ts:136:1 › P0: real OPFS read/write/delete and IndexedDB transaction (243ms)
  ✓  11 [chromium] › tests/integration/p0.spec.ts:144:1 › P0 / AT-012: Web Lock callback holds writer lease across tabs (332ms)
  ✓  12 [chromium] › tests/integration/p0.spec.ts:160:1 › P0 / AT-023: guard allows analysis and blocks external/dynamic SQL without execution (593ms)
  ✓  13 [chromium] › tests/integration/portal.spec.ts:4:1 › P4 AT-033–037: real v4, concrete issue, public/local join, changed ETag, kept snapshot (1.4s)
  ✓  14 [chromium] › tests/integration/portal.spec.ts:115:1 › P4 AT-035–036 AT-039 AT-056: errors, URL security, optional index and no foreign configuration (776ms)
browser: [vite] connecting...
browser: [vite] connected.
browser: WebR is using `PostMessage` communication channel, nested R REPLs are not available.
[WebServer] 9:06:07 AM [vite] (client) [console.warn] WebR is using `PostMessage` communication channel, nested R REPLs are not available.
{"encoded":["NA","NaN","Infinity","-Infinity","-2147483648"],"missing":[true,false,false,false,false],"outputs":[{"type":"stdout","text":"out"},{"type":"warning","text":"warn"},{"type":"message","text":"msg\n"}],"classes":["data.frame"]}
  ✓  15 [chromium] › tests/integration/r-api.spec.ts:2:1 › P5 native webR vectors, NA/NaN, Date, attributes and captured conditions (685ms)
[WebServer] 9:06:08 AM [vite] (client) [console.warn] WebR is using `PostMessage` communication channel, nested R REPLs are not available.
  ✓  16 [chromium] › tests/integration/r-date-proof.spec.ts:2:1 › P5 runtime gzip files stay opaque and native R Date parser works (726ms)
[WebServer] 9:06:09 AM [vite] (client) [console.warn] WebR is using `PostMessage` communication channel, nested R REPLs are not available.
  ✓  17 [chromium] › tests/integration/r-faults.spec.ts:3:1 › P5 AT-045 AT-052 AT-062: approvals, unsupported columns, stale edits, write/commit failure, console and plot limits (11.3s)
[WebServer] 9:06:20 AM [vite] (client) [console.warn] WebR is using `PostMessage` communication channel, nested R REPLs are not available.
  ✓  18 [chromium] › tests/integration/r-golden.spec.ts:4:1 › P5 AT-041 AT-048: unchanged Golden SQL → R script → explicit capture → Golden SQL, real plot and reopen (11.3s)
[WebServer] 9:06:31 AM [vite] (client) [console.warn] WebR is using `PostMessage` communication channel, nested R REPLs are not available.
  ✓  19 [chromium] › tests/integration/r-packages.spec.ts:3:1 › P5 pinned local R packages installed and used (11.4s)
[WebServer] 9:06:43 AM [vite] (client) [console.warn] WebR is using `PostMessage` communication channel, nested R REPLs are not available.
  ✓  20 [chromium] › tests/integration/r.spec.ts:4:1 › P5 AT-042–045: full typed SQL → R → SQL including NA/NaN, exact decimals, dates, factor and rejected casts (10.7s)
[WebServer] 9:06:54 AM [vite] (client) [console.warn] WebR is using `PostMessage` communication channel, nested R REPLs are not available.
[WebServer] 9:07:03 AM [vite] (client) [console.warn] WebR is using `PostMessage` communication channel, nested R REPLs are not available.
[WebServer] 9:07:10 AM [vite] (client) [console.warn] WebR is using `PostMessage` communication channel, nested R REPLs are not available.
  ✓  21 [chromium] › tests/integration/r.spec.ts:91:1 › P5 AT-040 AT-042 AT-047 AT-052: 350 rows, stale plans, five inactive fresh scopes and genuine R worker stop (23.8s)
  ✓  22 [chromium] › tests/integration/repository.spec.ts:5:1 › AT-007 AT-012: actual IndexedDB CAS, invalid load, transaction rollback (143ms)
  ✓  23 [chromium] › tests/integration/repository.spec.ts:75:1 › P0: persistent browser profile OPFS read/write/delete (274ms)
  ✓  24 [chromium] › tests/integration/sql-lifecycle.spec.ts:2:1 › P3 / AT-031 AT-032: 350-row user Parquet export and a nonresponding cancel API (1.3s)
  ✓  25 [chromium] › tests/integration/sql-lifecycle.spec.ts:149:1 › P3 / AT-030: cancellation after CTAS settling releases unpublished private relation (721ms)
{"ast":{"error":false,"statements":[{"node":{"type":"SELECT_NODE","modifiers":[],"cte_map":{"map":[]},"select_list":[{"class":"PARAMETER","type":"VALUE_PARAMETER","alias":"a","query_location":18446744073709552000,"identifier":"text"},{"class":"CAST","type":"OPERATOR_CAST","alias":"b","query_location":19,"child":{"class":"PARAMETER","type":"VALUE_PARAMETER","alias":"","query_location":18446744073709552000,"identifier":"exact"},"cast_type":{"id":"BIGINT","type_info":null},"try_cast":false},{"class":"PARAMETER","type":"VALUE_PARAMETER","alias":"c","query_location":18446744073709552000,"identifier":"text"}],"from_table":{"type":"EMPTY","alias":"","sample":null,"query_location":18446744073709552000},"where_clause":null,"group_expressions":[],"group_sets":[],"aggregate_handling":"STANDARD_HANDLING","having":null,"sample":null,"qualify":null},"named_param_map":[{"key":"text","value":1},{"key":"exact","value":2}]}]},"bound":{"code":"SELECT $1 AS a, CAST($2 AS BIGINT) AS b, $1 AS c","values":["x'; SELECT 9; --","9007199254740993"]},"rows":[{"a":"x'; SELECT 9; --","b":"9007199254740993","c":"x'; SELECT 9; --"}]}
  ✓  26 [chromium] › tests/integration/sql.spec.ts:3:1 › P3 installed prepared CTAS and AST parameter mapping (695ms)
  ✓  27 [chromium] › tests/integration/sql.spec.ts:58:1 › P3 / AT-022 AT-025 AT-027 AT-028 AT-029: real SQL result limits, bindings, stability and exact display (831ms)
  ✓  28 [chromium] › tests/integration/sql.spec.ts:181:1 › P3 / AT-021 AT-026 AT-032: CSV datasets → frozen Golden SQL → kept result → reopen/export (1.4s)
  ✓  29 [chromium] › tests/integration/sql.spec.ts:280:1 › P3 / AT-030 AT-031: actual worker termination, epoch invalidation, no late success and fresh small query (4.1s)
  ✓  30 [chromium] › tests/integration/sql.spec.ts:338:1 › P3 / AT-023: analytic syntax allowed, indirect external/internal sources rejected before execution (719ms)
  ✓  31 [chromium] › tests/integration/sql.spec.ts:403:1 › P3 / AT-049 AT-050: chart boundaries and atomic keep failure with real result (833ms)

  31 passed (1.7m)

> datenwerkstatt@0.1.0 test:e2e
> playwright test --project=chromium tests/e2e

[WebServer] (node:20528) Warning: The 'NO_COLOR' env is ignored due to the 'FORCE_COLOR' env being set.
[WebServer] (Use `node --trace-warnings ...` to show where the warning was created)
[WebServer] (node:20529) Warning: The 'NO_COLOR' env is ignored due to the 'FORCE_COLOR' env being set.
[WebServer] (Use `node --trace-warnings ...` to show where the warning was created)

Running 14 tests using 1 worker

(node:20530) Warning: The 'NO_COLOR' env is ignored due to the 'FORCE_COLOR' env being set.
(Use `node --trace-warnings ...` to show where the warning was created)
  ✓   1 [chromium] › tests/e2e/imports.spec.ts:20:1 › P2 / AT-008 AT-010 AT-018: confirmed import, reload, data preview, independent alias and complete Parquet download (3.9s)
  ✓   2 [chromium] › tests/e2e/imports.spec.ts:53:1 › P2 / AT-016: denied OPFS requires explicit temporary mode and never claims local persistence (2.3s)
  ✓   3 [chromium] › tests/e2e/imports.spec.ts:79:1 › P2 / AT-013: real import surfaces OPFS quota failure without publishing partial metadata (3.8s)
  ✓   4 [chromium] › tests/e2e/imports.spec.ts:105:1 › P2 / AT-002 AT-024 partial: one import worker survives routes and closes before another workspace opens (2.6s)
  ✓   5 [chromium] › tests/e2e/portal.spec.ts:3:1 › P4 AT-038 AT-056: explicit deep-link preview, replacement history and no autorun (9.0s)
[WebServer] 9:07:53 AM [vite] (client) [console.warn] WebR is using `PostMessage` communication channel, nested R REPLs are not available.
[WebServer] 9:08:04 AM [vite] (client) [console.warn] WebR is using `PostMessage` communication channel, nested R REPLs are not available.
  ✓   6 [chromium] › tests/e2e/r.spec.ts:10:1 › P5 AT-040 AT-042 AT-046 AT-048: complete UI transfer, lazy worker survives routes, capture, reset and cancel (22.7s)
  ✓   7 [chromium] › tests/e2e/sql.spec.ts:18:1 › P3 / AT-022 AT-027 AT-032 AT-049 AT-055 AT-058: SQL, paging, keep, exports, chart, resize and reload (4.4s)
  ✓   8 [chromium] › tests/e2e/sql.spec.ts:77:1 › P3 / AT-025 AT-030: parameters, explicit cancel and failed runs never show a previous output (5.7s)
  ✓   9 [chromium] › tests/e2e/sql.spec.ts:109:1 › P3 / AT-049: rendered bars and line gaps preserve NULL, PNG contains actual pixels (2.3s)
  ✓  10 [chromium] › tests/e2e/workspaces.spec.ts:9:1 › AT-003: workspace metadata persists across reload without engine startup (1.8s)
[WebServer] 9:08:29 AM [vite] (client) [console.warn] WebR is using `PostMessage` communication channel, nested R REPLs are not available.
  ✓  11 [chromium] › tests/e2e/workspaces.spec.ts:28:1 › AT-005 AT-058: saved SQL and R, separate models, duplicate, archive, no code auto-run (3.0s)
  ✓  12 [chromium] › tests/e2e/workspaces.spec.ts:90:1 › AT-012: another tab opens read-only and explicitly reacquires after writer closes (2.0s)
  ✓  13 [chromium] › tests/e2e/workspaces.spec.ts:109:1 › AT-054 AT-057 partial: compact chrome and implemented settings persist (2.0s)
[WebServer] 9:08:36 AM [vite] (client) [console.error] ZodError
[WebServer]     at checkedId (http://127.0.0.1:4173/src/domain/workspace.ts:4:20)
[WebServer]     at WorkspaceService.open (http://127.0.0.1:4173/src/application/workspaceService.ts:295:14)
[WebServer]     at loader (http://127.0.0.1:4173/src/app/router.tsx:88:46)
[WebServer]     at http://127.0.0.1:4173/node_modules/.vite/deps/@tanstack_react-router.js?v=c8fc00ce:3174:34
[WebServer]     at async loadResource (http://127.0.0.1:4173/node_modules/.vite/deps/@tanstack_react-router.js?v=c8fc00ce:3188:53)
[WebServer] 
[WebServer] The above error occurred in the <MatchInnerImpl> component.
[WebServer] 
[WebServer] React will try to recreate this component tree from scratch using the error boundary you provided, CatchBoundary.
[WebServer] 
[WebServer] 9:08:36 AM [vite] (client) [console.warn] Warning: Error in route match: __root__/
  ✓  14 [chromium] › tests/e2e/workspaces.spec.ts:142:1 › AT-058 / REQ-060: invalid workspace/analysis route is controlled (2.4s)

  14 passed (1.1m)
