
> datenwerkstatt@0.1.0 verify
> npm run typecheck && npm run lint && npm run test:unit && npm run build && npm run test:integration && npm run test:e2e


> datenwerkstatt@0.1.0 typecheck
> tsc --noEmit


> datenwerkstatt@0.1.0 lint
> eslint . && node scripts/check-boundaries.mjs

Module boundaries checked.

> datenwerkstatt@0.1.0 test:unit
> vitest run


 RUN  v4.1.9 /Users/stefan/sources/dateninfrastruktur-datenwerkstatt


 Test Files  6 passed (6)
      Tests  30 passed (30)
   Start at  07:30:40
   Duration  570ms (transform 563ms, setup 0ms, import 1.05s, tests 150ms, environment 0ms)


> datenwerkstatt@0.1.0 build
> npm run assets:prepare && vite build


> datenwerkstatt@0.1.0 assets:prepare
> node scripts/prepare-assets.mjs

Local webR 0.6.0 and 4 DuckDB extensions prepared.
vite v8.1.2 building client environment for production...
[2Ktransforming...✓ 1383 modules transformed.
rendering chunks...
computing gzip size...
dist/index.html                                0.35 kB │ gzip:     0.26 kB
dist/assets/kanton-solothurn-DOpJ_x8i.svg      4.52 kB │ gzip:     1.75 kB
dist/assets/codicon-ngg6Pgfi.ttf             121.97 kB
dist/assets/editor.worker-Cn2oRESe.js        279.94 kB
dist/assets/index-KuWIhzvZ.css               152.43 kB │ gzip:    24.32 kB
dist/assets/sql-NEE52Syq.js                    8.84 kB │ gzip:     3.73 kB
dist/assets/index-DXAB-EJW.js              4,452.15 kB │ gzip: 1,167.73 kB

✓ built in 1.07s
[plugin builtin:vite-reporter] 
(!) Some chunks are larger than 500 kB after minification. Consider:
- Using dynamic import() to code-split the application
- Use build.rolldownOptions.output.codeSplitting to improve chunking: https://rolldown.rs/reference/OutputOptions.codeSplitting
- Adjust chunk size limit for this warning via build.chunkSizeWarningLimit.

> datenwerkstatt@0.1.0 test:integration
> playwright test --project=chromium tests/integration

[WebServer] (node:8576) Warning: The 'NO_COLOR' env is ignored due to the 'FORCE_COLOR' env being set.
[WebServer] (Use `node --trace-warnings ...` to show where the warning was created)

Running 22 tests using 1 worker

(node:8579) Warning: The 'NO_COLOR' env is ignored due to the 'FORCE_COLOR' env being set.
(Use `node --trace-warnings ...` to show where the warning was created)
  ✓   1 [chromium] › tests/integration/imports.spec.ts:6:1 › P2 / AT-008 AT-010: strict CSV → hashed OPFS → fresh DuckDB retains values, NULL and empty strings (2.6s)
  ✓   2 [chromium] › tests/integration/imports.spec.ts:62:1 › P2 / AT-009 AT-020: late conversion error, header-only CSV and invalid bytes (1.5s)
  ✓   3 [chromium] › tests/integration/imports.spec.ts:122:1 › P2 / AT-014 AT-017: reload finds true orphans, writer cleanup preserves referenced and foreign bytes (3.3s)
  ✓   4 [chromium] › tests/integration/imports.spec.ts:192:1 › P2 / AT-010: imported file survives browser process restart and removal of input file (8.8s)
  ✓   5 [chromium] › tests/integration/imports.spec.ts:254:1 › P2 / AT-061 partial: changed byte is rejected as ARTIFACT_CORRUPT before use (412ms)
  ✓   6 [chromium] › tests/integration/p0.spec.ts:6:1 › P0 / AT-001 AT-002: one connector, Arrow, CSV → Parquet and stable materialization (1.2s)
  ✓   7 [chromium] › tests/integration/p0.spec.ts:33:1 › P0: DuckDB parser returns SELECT AST and rejects non-SELECT serialization (1.0s)
  ✓   8 [chromium] › tests/integration/p0.spec.ts:73:1 › P0 / AT-030: running SQL ends or worker terminates, fresh query works (3.5s)
[WebServer] 7:31:07 AM [vite] (client) [console.warn] WebR is using `PostMessage` communication channel, nested R REPLs are not available.
[WebServer] 7:31:08 AM [vite] (client) [console.warn] WebR is using `PostMessage` communication channel, nested R REPLs are not available.
  ✓   9 [chromium] › tests/integration/p0.spec.ts:102:1 › P0 / AT-046: local webR dataframe, real plot, PostMessage worker reset (2.2s)
  ✓  10 [chromium] › tests/integration/p0.spec.ts:136:1 › P0: real OPFS read/write/delete and IndexedDB transaction (406ms)
  ✓  11 [chromium] › tests/integration/p0.spec.ts:144:1 › P0 / AT-012: Web Lock callback holds writer lease across tabs (568ms)
  ✓  12 [chromium] › tests/integration/p0.spec.ts:160:1 › P0 / AT-023: guard allows analysis and blocks external/dynamic SQL without execution (1.1s)
  ✓  13 [chromium] › tests/integration/repository.spec.ts:5:1 › AT-007 AT-012: actual IndexedDB CAS, invalid load, transaction rollback (241ms)
  ✓  14 [chromium] › tests/integration/repository.spec.ts:75:1 › P0: persistent browser profile OPFS read/write/delete (456ms)
  ✓  15 [chromium] › tests/integration/sql-lifecycle.spec.ts:2:1 › P3 / AT-031 AT-032: 350-row user Parquet export and a nonresponding cancel API (2.4s)
  ✓  16 [chromium] › tests/integration/sql-lifecycle.spec.ts:149:1 › P3 / AT-030: cancellation after CTAS settling releases unpublished private relation (1.3s)
{"ast":{"error":false,"statements":[{"node":{"type":"SELECT_NODE","modifiers":[],"cte_map":{"map":[]},"select_list":[{"class":"PARAMETER","type":"VALUE_PARAMETER","alias":"a","query_location":18446744073709552000,"identifier":"text"},{"class":"CAST","type":"OPERATOR_CAST","alias":"b","query_location":19,"child":{"class":"PARAMETER","type":"VALUE_PARAMETER","alias":"","query_location":18446744073709552000,"identifier":"exact"},"cast_type":{"id":"BIGINT","type_info":null},"try_cast":false},{"class":"PARAMETER","type":"VALUE_PARAMETER","alias":"c","query_location":18446744073709552000,"identifier":"text"}],"from_table":{"type":"EMPTY","alias":"","sample":null,"query_location":18446744073709552000},"where_clause":null,"group_expressions":[],"group_sets":[],"aggregate_handling":"STANDARD_HANDLING","having":null,"sample":null,"qualify":null},"named_param_map":[{"key":"text","value":1},{"key":"exact","value":2}]}]},"bound":{"code":"SELECT $1 AS a, CAST($2 AS BIGINT) AS b, $1 AS c","values":["x'; SELECT 9; --","9007199254740993"]},"rows":[{"a":"x'; SELECT 9; --","b":"9007199254740993","c":"x'; SELECT 9; --"}]}
  ✓  17 [chromium] › tests/integration/sql.spec.ts:3:1 › P3 installed prepared CTAS and AST parameter mapping (1.3s)
  ✓  18 [chromium] › tests/integration/sql.spec.ts:58:1 › P3 / AT-022 AT-025 AT-027 AT-028 AT-029: real SQL result limits, bindings, stability and exact display (1.6s)
  ✓  19 [chromium] › tests/integration/sql.spec.ts:181:1 › P3 / AT-021 AT-026 AT-032: CSV datasets → frozen Golden SQL → kept result → reopen/export (2.6s)
  ✓  20 [chromium] › tests/integration/sql.spec.ts:280:1 › P3 / AT-030 AT-031: actual worker termination, epoch invalidation, no late success and fresh small query (5.0s)
  ✓  21 [chromium] › tests/integration/sql.spec.ts:338:1 › P3 / AT-023: analytic syntax allowed, indirect external/internal sources rejected before execution (1.3s)
  ✓  22 [chromium] › tests/integration/sql.spec.ts:403:1 › P3 / AT-049 AT-050: chart boundaries and atomic keep failure with real result (1.5s)

  22 passed (45.4s)

> datenwerkstatt@0.1.0 test:e2e
> playwright test --project=chromium tests/e2e

[WebServer] (node:8808) Warning: The 'NO_COLOR' env is ignored due to the 'FORCE_COLOR' env being set.
[WebServer] (Use `node --trace-warnings ...` to show where the warning was created)

Running 12 tests using 1 worker

(node:8817) Warning: The 'NO_COLOR' env is ignored due to the 'FORCE_COLOR' env being set.
(Use `node --trace-warnings ...` to show where the warning was created)
  ✓   1 [chromium] › tests/e2e/imports.spec.ts:20:1 › P2 / AT-008 AT-010 AT-018: confirmed import, reload, data preview, independent alias and complete Parquet download (6.7s)
  ✓   2 [chromium] › tests/e2e/imports.spec.ts:53:1 › P2 / AT-016: denied OPFS requires explicit temporary mode and never claims local persistence (3.7s)
  ✓   3 [chromium] › tests/e2e/imports.spec.ts:79:1 › P2 / AT-013: real import surfaces OPFS quota failure without publishing partial metadata (6.1s)
  ✓   4 [chromium] › tests/e2e/imports.spec.ts:105:1 › P2 / AT-002 AT-024 partial: one import worker survives routes and closes before another workspace opens (4.2s)
  ✓   5 [chromium] › tests/e2e/sql.spec.ts:18:1 › P3 / AT-022 AT-027 AT-032 AT-049 AT-055 AT-058: SQL, paging, keep, exports, chart, resize and reload (7.0s)
  ✓   6 [chromium] › tests/e2e/sql.spec.ts:77:1 › P3 / AT-025 AT-030: parameters, explicit cancel and failed runs never show a previous output (7.3s)
  ✓   7 [chromium] › tests/e2e/sql.spec.ts:109:1 › P3 / AT-049: rendered bars and line gaps preserve NULL, PNG contains actual pixels (3.7s)
  ✓   8 [chromium] › tests/e2e/workspaces.spec.ts:9:1 › AT-003: workspace metadata persists across reload without engine startup (3.3s)
  ✓   9 [chromium] › tests/e2e/workspaces.spec.ts:28:1 › AT-005 AT-058: saved SQL and R, separate models, duplicate, archive, no code auto-run (4.6s)
  ✓  10 [chromium] › tests/e2e/workspaces.spec.ts:90:1 › AT-012: another tab opens read-only and explicitly reacquires after writer closes (3.5s)
  ✓  11 [chromium] › tests/e2e/workspaces.spec.ts:109:1 › AT-054 AT-057 partial: compact chrome and implemented settings persist (3.6s)
[WebServer] 7:32:28 AM [vite] (client) [console.error] ZodError
[WebServer]     at checkedId (http://127.0.0.1:4173/src/domain/workspace.ts:4:20)
[WebServer]     at WorkspaceService.open (http://127.0.0.1:4173/src/application/workspaceService.ts:235:14)
[WebServer]     at loader (http://127.0.0.1:4173/src/app/router.tsx:87:46)
[WebServer]     at http://127.0.0.1:4173/node_modules/.vite/deps/@tanstack_react-router.js?v=650d40b5:3174:34
[WebServer]     at async loadResource (http://127.0.0.1:4173/node_modules/.vite/deps/@tanstack_react-router.js?v=650d40b5:3188:53)
[WebServer] 
[WebServer] The above error occurred in the <MatchInnerImpl> component.
[WebServer] 
[WebServer] React will try to recreate this component tree from scratch using the error boundary you provided, CatchBoundary.
[WebServer] 
[WebServer] 7:32:28 AM [vite] (client) [console.warn] Warning: Error in route match: __root__/
  ✓  12 [chromium] › tests/e2e/workspaces.spec.ts:142:1 › AT-058 / REQ-060: invalid workspace/analysis route is controlled (4.5s)

  12 passed (59.2s)
