
> datenwerkstatt@0.1.0 verify
> npm run typecheck && npm run lint && npm run test:unit && npm run build && npm run test:integration && npm run test:e2e


> datenwerkstatt@0.1.0 typecheck
> tsc --noEmit


> datenwerkstatt@0.1.0 lint
> eslint . && node scripts/check-boundaries.mjs

Module boundaries checked.

> datenwerkstatt@0.1.0 test:unit
> vitest run


 RUN  v4.1.9 /Users/stefan/sources/dateninfrastruktur-datenwerkstatt


 Test Files  5 passed (5)
      Tests  28 passed (28)
   Start at  23:03:22
   Duration  254ms (transform 229ms, setup 0ms, import 403ms, tests 93ms, environment 0ms)


> datenwerkstatt@0.1.0 build
> npm run assets:prepare && vite build


> datenwerkstatt@0.1.0 assets:prepare
> node scripts/prepare-assets.mjs

Local webR 0.6.0 and 4 DuckDB extensions prepared.
vite v8.1.2 building client environment for production...
[2Ktransforming...✓ 1373 modules transformed.
rendering chunks...
computing gzip size...
dist/index.html                                0.35 kB │ gzip:     0.26 kB
dist/assets/kanton-solothurn-DOpJ_x8i.svg      4.52 kB │ gzip:     1.75 kB
dist/assets/codicon-ngg6Pgfi.ttf             121.97 kB
dist/assets/editor.worker-Cn2oRESe.js        279.94 kB
dist/assets/index-aSkv-LNM.css               150.88 kB │ gzip:    23.93 kB
dist/assets/sql-NEE52Syq.js                    8.84 kB │ gzip:     3.73 kB
dist/assets/index-EwLh83fu.js              4,384.41 kB │ gzip: 1,146.85 kB

✓ built in 572ms
[plugin builtin:vite-reporter] 
(!) Some chunks are larger than 500 kB after minification. Consider:
- Using dynamic import() to code-split the application
- Use build.rolldownOptions.output.codeSplitting to improve chunking: https://rolldown.rs/reference/OutputOptions.codeSplitting
- Adjust chunk size limit for this warning via build.chunkSizeWarningLimit.

> datenwerkstatt@0.1.0 test:integration
> playwright test --project=chromium tests/integration

[WebServer] (node:98086) Warning: The 'NO_COLOR' env is ignored due to the 'FORCE_COLOR' env being set.
[WebServer] (Use `node --trace-warnings ...` to show where the warning was created)

Running 14 tests using 1 worker

(node:98092) Warning: The 'NO_COLOR' env is ignored due to the 'FORCE_COLOR' env being set.
(Use `node --trace-warnings ...` to show where the warning was created)
  ✓   1 [chromium] › tests/integration/imports.spec.ts:6:1 › P2 / AT-008 AT-010: strict CSV → hashed OPFS → fresh DuckDB retains values, NULL and empty strings (1.3s)
  ✓   2 [chromium] › tests/integration/imports.spec.ts:62:1 › P2 / AT-009 AT-020: late conversion error, header-only CSV and invalid bytes (779ms)
  ✓   3 [chromium] › tests/integration/imports.spec.ts:122:1 › P2 / AT-014 AT-017: reload finds true orphans, writer cleanup preserves referenced and foreign bytes (1.8s)
  ✓   4 [chromium] › tests/integration/imports.spec.ts:192:1 › P2 / AT-010: imported file survives browser process restart and removal of input file (4.9s)
  ✓   5 [chromium] › tests/integration/imports.spec.ts:254:1 › P2 / AT-061 partial: changed byte is rejected as ARTIFACT_CORRUPT before use (253ms)
  ✓   6 [chromium] › tests/integration/p0.spec.ts:6:1 › P0 / AT-001 AT-002: one connector, Arrow, CSV → Parquet and stable materialization (676ms)
  ✓   7 [chromium] › tests/integration/p0.spec.ts:33:1 › P0: DuckDB parser returns SELECT AST and rejects non-SELECT serialization (549ms)
  ✓   8 [chromium] › tests/integration/p0.spec.ts:73:1 › P0 / AT-030: running SQL ends or worker terminates, fresh query works (2.8s)
[WebServer] 11:03:37 PM [vite] (client) [console.warn] WebR is using `PostMessage` communication channel, nested R REPLs are not available.
[WebServer] 11:03:38 PM [vite] (client) [console.warn] WebR is using `PostMessage` communication channel, nested R REPLs are not available.
  ✓   9 [chromium] › tests/integration/p0.spec.ts:102:1 › P0 / AT-046: local webR dataframe, real plot, PostMessage worker reset (1.4s)
  ✓  10 [chromium] › tests/integration/p0.spec.ts:136:1 › P0: real OPFS read/write/delete and IndexedDB transaction (244ms)
  ✓  11 [chromium] › tests/integration/p0.spec.ts:144:1 › P0 / AT-012: Web Lock callback holds writer lease across tabs (330ms)
  ✓  12 [chromium] › tests/integration/p0.spec.ts:160:1 › P0 / AT-023: guard allows analysis and blocks external/dynamic SQL without execution (594ms)
  ✓  13 [chromium] › tests/integration/repository.spec.ts:5:1 › AT-007 AT-012: actual IndexedDB CAS, invalid load, transaction rollback (131ms)
  ✓  14 [chromium] › tests/integration/repository.spec.ts:75:1 › P0: persistent browser profile OPFS read/write/delete (300ms)

  14 passed (16.7s)

> datenwerkstatt@0.1.0 test:e2e
> playwright test --project=chromium tests/e2e

[WebServer] (node:98241) Warning: The 'NO_COLOR' env is ignored due to the 'FORCE_COLOR' env being set.
[WebServer] (Use `node --trace-warnings ...` to show where the warning was created)

Running 9 tests using 1 worker

(node:98242) Warning: The 'NO_COLOR' env is ignored due to the 'FORCE_COLOR' env being set.
(Use `node --trace-warnings ...` to show where the warning was created)
  ✓  1 [chromium] › tests/e2e/imports.spec.ts:20:1 › P2 / AT-008 AT-010 AT-018: confirmed import, reload, data preview, independent alias and complete Parquet download (4.0s)
  ✓  2 [chromium] › tests/e2e/imports.spec.ts:53:1 › P2 / AT-016: denied OPFS requires explicit temporary mode and never claims local persistence (2.2s)
  ✓  3 [chromium] › tests/e2e/imports.spec.ts:79:1 › P2 / AT-013: real import surfaces OPFS quota failure without publishing partial metadata (3.9s)
  ✓  4 [chromium] › tests/e2e/imports.spec.ts:105:1 › P2 / AT-002 AT-024 partial: one import worker survives routes and closes before another workspace opens (2.7s)
  ✓  5 [chromium] › tests/e2e/workspaces.spec.ts:9:1 › AT-003: workspace metadata persists across reload without engine startup (1.8s)
  ✓  6 [chromium] › tests/e2e/workspaces.spec.ts:28:1 › AT-005 AT-058: saved SQL and R, separate models, duplicate, archive, no code auto-run (2.9s)
  ✓  7 [chromium] › tests/e2e/workspaces.spec.ts:90:1 › AT-012: another tab opens read-only and explicitly reacquires after writer closes (2.0s)
  ✓  8 [chromium] › tests/e2e/workspaces.spec.ts:109:1 › AT-054 AT-057 partial: compact chrome and implemented settings persist (2.0s)
[WebServer] 11:04:04 PM [vite] (client) [console.error] ZodError
[WebServer]     at checkedId (http://127.0.0.1:4173/src/domain/workspace.ts:4:20)
[WebServer]     at WorkspaceService.open (http://127.0.0.1:4173/src/application/workspaceService.ts:167:14)
[WebServer]     at loader (http://127.0.0.1:4173/src/app/router.tsx:86:46)
[WebServer]     at http://127.0.0.1:4173/node_modules/.vite/deps/@tanstack_react-router.js?v=1221999f:3174:34
[WebServer]     at async loadResource (http://127.0.0.1:4173/node_modules/.vite/deps/@tanstack_react-router.js?v=1221999f:3188:53)
[WebServer] 
[WebServer] The above error occurred in the <MatchInnerImpl> component.
[WebServer] 
[WebServer] React will try to recreate this component tree from scratch using the error boundary you provided, CatchBoundary.
[WebServer] 
[WebServer] 11:04:04 PM [vite] (client) [console.warn] Warning: Error in route match: __root__/
  ✓  9 [chromium] › tests/e2e/workspaces.spec.ts:140:1 › AT-058 / REQ-060: invalid workspace/analysis route is controlled (2.4s)

  9 passed (24.4s)
